<?xml version="1.0"?>
<link_info>
   <banner>TI ARM Linker PC v15.12.3.LTS</banner>
   <copyright>Copyright (c) 1996-2015 Texas Instruments Incorporated</copyright>
   <link_time>0x584b2ae5</link_time>
   <link_errors>0x0</link_errors>
   <output_file>RM57_uart_boot.out</output_file>
   <entry_point>
      <name>_c_int00</name>
      <address>0x7a18</address>
   </entry_point>
   <input_file_list>
      <input_file id="fl-2">
         <path>.\</path>
         <kind>object</kind>
         <file>Fapi_UserDefinedFunctions.obj</file>
         <name>Fapi_UserDefinedFunctions.obj</name>
      </input_file>
      <input_file id="fl-3">
         <path>.\</path>
         <kind>object</kind>
         <file>bl_check.obj</file>
         <name>bl_check.obj</name>
      </input_file>
      <input_file id="fl-4">
         <path>.\</path>
         <kind>object</kind>
         <file>bl_flash.obj</file>
         <name>bl_flash.obj</name>
      </input_file>
      <input_file id="fl-5">
         <path>.\</path>
         <kind>object</kind>
         <file>bl_main.obj</file>
         <name>bl_main.obj</name>
      </input_file>
      <input_file id="fl-6">
         <path>.\</path>
         <kind>object</kind>
         <file>bl_uart.obj</file>
         <name>bl_uart.obj</name>
      </input_file>
      <input_file id="fl-7">
         <path>.\</path>
         <kind>object</kind>
         <file>bl_ymodem.obj</file>
         <name>bl_ymodem.obj</name>
      </input_file>
      <input_file id="fl-8">
         <path>.\</path>
         <kind>object</kind>
         <file>sci_common.obj</file>
         <name>sci_common.obj</name>
      </input_file>
      <input_file id="fl-9">
         <path>.\</path>
         <kind>object</kind>
         <file>sw_hw_ver.obj</file>
         <name>sw_hw_ver.obj</name>
      </input_file>
      <input_file id="fl-a">
         <path>.\</path>
         <kind>object</kind>
         <file>ymodem_crc16.obj</file>
         <name>ymodem_crc16.obj</name>
      </input_file>
      <input_file id="fl-b">
         <path>.\source\</path>
         <kind>object</kind>
         <file>HL_epc.obj</file>
         <name>HL_epc.obj</name>
      </input_file>
      <input_file id="fl-c">
         <path>.\source\</path>
         <kind>object</kind>
         <file>HL_errata.obj</file>
         <name>HL_errata.obj</name>
      </input_file>
      <input_file id="fl-d">
         <path>.\source\</path>
         <kind>object</kind>
         <file>HL_esm.obj</file>
         <name>HL_esm.obj</name>
      </input_file>
      <input_file id="fl-e">
         <path>.\source\</path>
         <kind>object</kind>
         <file>HL_gio.obj</file>
         <name>HL_gio.obj</name>
      </input_file>
      <input_file id="fl-f">
         <path>.\source\</path>
         <kind>object</kind>
         <file>HL_het.obj</file>
         <name>HL_het.obj</name>
      </input_file>
      <input_file id="fl-10">
         <path>.\source\</path>
         <kind>object</kind>
         <file>HL_nmpu.obj</file>
         <name>HL_nmpu.obj</name>
      </input_file>
      <input_file id="fl-11">
         <path>.\source\</path>
         <kind>object</kind>
         <file>HL_notification.obj</file>
         <name>HL_notification.obj</name>
      </input_file>
      <input_file id="fl-12">
         <path>.\source\</path>
         <kind>object</kind>
         <file>HL_pinmux.obj</file>
         <name>HL_pinmux.obj</name>
      </input_file>
      <input_file id="fl-13">
         <path>.\source\</path>
         <kind>object</kind>
         <file>HL_rti.obj</file>
         <name>HL_rti.obj</name>
      </input_file>
      <input_file id="fl-14">
         <path>.\source\</path>
         <kind>object</kind>
         <file>HL_sci.obj</file>
         <name>HL_sci.obj</name>
      </input_file>
      <input_file id="fl-15">
         <path>.\source\</path>
         <kind>object</kind>
         <file>HL_sys_core.obj</file>
         <name>HL_sys_core.obj</name>
      </input_file>
      <input_file id="fl-16">
         <path>.\source\</path>
         <kind>object</kind>
         <file>HL_sys_dma.obj</file>
         <name>HL_sys_dma.obj</name>
      </input_file>
      <input_file id="fl-17">
         <path>.\source\</path>
         <kind>object</kind>
         <file>HL_sys_intvecs.obj</file>
         <name>HL_sys_intvecs.obj</name>
      </input_file>
      <input_file id="fl-18">
         <path>.\source\</path>
         <kind>object</kind>
         <file>HL_sys_mpu.obj</file>
         <name>HL_sys_mpu.obj</name>
      </input_file>
      <input_file id="fl-19">
         <path>.\source\</path>
         <kind>object</kind>
         <file>HL_sys_pcr.obj</file>
         <name>HL_sys_pcr.obj</name>
      </input_file>
      <input_file id="fl-1a">
         <path>.\source\</path>
         <kind>object</kind>
         <file>HL_sys_phantom.obj</file>
         <name>HL_sys_phantom.obj</name>
      </input_file>
      <input_file id="fl-1b">
         <path>.\source\</path>
         <kind>object</kind>
         <file>HL_sys_pmm.obj</file>
         <name>HL_sys_pmm.obj</name>
      </input_file>
      <input_file id="fl-1c">
         <path>.\source\</path>
         <kind>object</kind>
         <file>HL_sys_pmu.obj</file>
         <name>HL_sys_pmu.obj</name>
      </input_file>
      <input_file id="fl-1d">
         <path>.\source\</path>
         <kind>object</kind>
         <file>HL_sys_startup.obj</file>
         <name>HL_sys_startup.obj</name>
      </input_file>
      <input_file id="fl-1e">
         <path>.\source\</path>
         <kind>object</kind>
         <file>HL_sys_vim.obj</file>
         <name>HL_sys_vim.obj</name>
      </input_file>
      <input_file id="fl-1f">
         <path>.\source\</path>
         <kind>object</kind>
         <file>HL_system.obj</file>
         <name>HL_system.obj</name>
      </input_file>
      <input_file id="fl-26">
         <path>..\lib\</path>
         <kind>archive</kind>
         <file>F021_API_CortexR4_LE_L2FMC.lib</file>
         <name>Async.WithAddress.obj</name>
      </input_file>
      <input_file id="fl-27">
         <path>..\lib\</path>
         <kind>archive</kind>
         <file>F021_API_CortexR4_LE_L2FMC.lib</file>
         <name>FlashStateMachine.AutoEccGeneration.obj</name>
      </input_file>
      <input_file id="fl-28">
         <path>..\lib\</path>
         <kind>archive</kind>
         <file>F021_API_CortexR4_LE_L2FMC.lib</file>
         <name>FlashStateMachine.EnableMainSectors.obj</name>
      </input_file>
      <input_file id="fl-29">
         <path>..\lib\</path>
         <kind>archive</kind>
         <file>F021_API_CortexR4_LE_L2FMC.lib</file>
         <name>FlashStateMachine.InitializeFlashBanks.obj</name>
      </input_file>
      <input_file id="fl-2a">
         <path>..\lib\</path>
         <kind>archive</kind>
         <file>F021_API_CortexR4_LE_L2FMC.lib</file>
         <name>FlashStateMachine.IssueFsmCommand.obj</name>
      </input_file>
      <input_file id="fl-2b">
         <path>..\lib\</path>
         <kind>archive</kind>
         <file>F021_API_CortexR4_LE_L2FMC.lib</file>
         <name>FlashStateMachine.ScaleFclk.obj</name>
      </input_file>
      <input_file id="fl-2c">
         <path>..\lib\</path>
         <kind>archive</kind>
         <file>F021_API_CortexR4_LE_L2FMC.lib</file>
         <name>FlashStateMachine.SetActiveBank.obj</name>
      </input_file>
      <input_file id="fl-2d">
         <path>..\lib\</path>
         <kind>archive</kind>
         <file>F021_API_CortexR4_LE_L2FMC.lib</file>
         <name>Program.obj</name>
      </input_file>
      <input_file id="fl-2e">
         <path>..\lib\</path>
         <kind>archive</kind>
         <file>F021_API_CortexR4_LE_L2FMC.lib</file>
         <name>Read.MarginByByte.obj</name>
      </input_file>
      <input_file id="fl-2f">
         <path>..\lib\</path>
         <kind>archive</kind>
         <file>F021_API_CortexR4_LE_L2FMC.lib</file>
         <name>Read.WdService.obj</name>
      </input_file>
      <input_file id="fl-30">
         <path>..\lib\</path>
         <kind>archive</kind>
         <file>F021_API_CortexR4_LE_L2FMC.lib</file>
         <name>Utilities.CalculateFletcher.obj</name>
      </input_file>
      <input_file id="fl-31">
         <path>..\lib\</path>
         <kind>archive</kind>
         <file>F021_API_CortexR4_LE_L2FMC.lib</file>
         <name>Utilities.GetNumberOfSectors.obj</name>
      </input_file>
      <input_file id="fl-32">
         <path>..\lib\</path>
         <kind>archive</kind>
         <file>F021_API_CortexR4_LE_L2FMC.lib</file>
         <name>Read.Common.obj</name>
      </input_file>
      <input_file id="fl-33">
         <path>..\lib\</path>
         <kind>archive</kind>
         <file>F021_API_CortexR4_LE_L2FMC.lib</file>
         <name>Read.FlushPipeline.obj</name>
      </input_file>
      <input_file id="fl-34">
         <path>..\lib\</path>
         <kind>archive</kind>
         <file>F021_API_CortexR4_LE_L2FMC.lib</file>
         <name>Utilities.WaitDelay.obj</name>
      </input_file>
      <input_file id="fl-35">
         <path>..\lib\</path>
         <kind>archive</kind>
         <file>F021_API_CortexR4_LE_L2FMC.lib</file>
         <name>FlashStateMachine.Hercules.IsEccAddress.obj</name>
      </input_file>
      <input_file id="fl-eb">
         <path>C:\ti\ccsv6\tools\compiler\arm_15.12.3.LTS\lib\</path>
         <kind>archive</kind>
         <file>rtsv7R4_A_le_v3D16_eabi.lib</file>
         <name>autoinit.obj</name>
      </input_file>
      <input_file id="fl-ec">
         <path>C:\ti\ccsv6\tools\compiler\arm_15.12.3.LTS\lib\</path>
         <kind>archive</kind>
         <file>rtsv7R4_A_le_v3D16_eabi.lib</file>
         <name>copy_decompress_none.obj</name>
      </input_file>
      <input_file id="fl-ed">
         <path>C:\ti\ccsv6\tools\compiler\arm_15.12.3.LTS\lib\</path>
         <kind>archive</kind>
         <file>rtsv7R4_A_le_v3D16_eabi.lib</file>
         <name>copy_decompress_rle.obj</name>
      </input_file>
      <input_file id="fl-ee">
         <path>C:\ti\ccsv6\tools\compiler\arm_15.12.3.LTS\lib\</path>
         <kind>archive</kind>
         <file>rtsv7R4_A_le_v3D16_eabi.lib</file>
         <name>copy_zero_init.obj</name>
      </input_file>
      <input_file id="fl-ef">
         <path>C:\ti\ccsv6\tools\compiler\arm_15.12.3.LTS\lib\</path>
         <kind>archive</kind>
         <file>rtsv7R4_A_le_v3D16_eabi.lib</file>
         <name>cpy_tbl.obj</name>
      </input_file>
      <input_file id="fl-f0">
         <path>C:\ti\ccsv6\tools\compiler\arm_15.12.3.LTS\lib\</path>
         <kind>archive</kind>
         <file>rtsv7R4_A_le_v3D16_eabi.lib</file>
         <name>exit.obj</name>
      </input_file>
      <input_file id="fl-f1">
         <path>C:\ti\ccsv6\tools\compiler\arm_15.12.3.LTS\lib\</path>
         <kind>archive</kind>
         <file>rtsv7R4_A_le_v3D16_eabi.lib</file>
         <name>memcpy32.obj</name>
      </input_file>
      <input_file id="fl-f2">
         <path>C:\ti\ccsv6\tools\compiler\arm_15.12.3.LTS\lib\</path>
         <kind>archive</kind>
         <file>rtsv7R4_A_le_v3D16_eabi.lib</file>
         <name>memset32.obj</name>
      </input_file>
      <input_file id="fl-f3">
         <path>C:\ti\ccsv6\tools\compiler\arm_15.12.3.LTS\lib\</path>
         <kind>archive</kind>
         <file>rtsv7R4_A_le_v3D16_eabi.lib</file>
         <name>startup.obj</name>
      </input_file>
      <input_file id="fl-f4">
         <path>C:\ti\ccsv6\tools\compiler\arm_15.12.3.LTS\lib\</path>
         <kind>archive</kind>
         <file>rtsv7R4_A_le_v3D16_eabi.lib</file>
         <name>u_div32.obj</name>
      </input_file>
      <input_file id="fl-f5">
         <path>C:\ti\ccsv6\tools\compiler\arm_15.12.3.LTS\lib\</path>
         <kind>archive</kind>
         <file>rtsv7R4_A_le_v3D16_eabi.lib</file>
         <name>_lock.obj</name>
      </input_file>
      <input_file id="fl-f6">
         <path>C:\ti\ccsv6\tools\compiler\arm_15.12.3.LTS\lib\</path>
         <kind>archive</kind>
         <file>rtsv7R4_A_le_v3D16_eabi.lib</file>
         <name>i_div0.obj</name>
      </input_file>
   </input_file_list>
   <object_component_list>
      <object_component id="oc-33">
         <name>.intvecs</name>
         <load_address>0x0</load_address>
         <run_address>0x0</run_address>
         <size>0x20</size>
         <input_file_ref idref="fl-17"/>
      </object_component>
      <object_component id="oc-1a3">
         <name>.text</name>
         <load_address>0x1500</load_address>
         <run_address>0x1500</run_address>
         <size>0xaa4</size>
         <input_file_ref idref="fl-7"/>
      </object_component>
      <object_component id="oc-f9">
         <name>.text</name>
         <load_address>0x1fa4</load_address>
         <run_address>0x1fa4</run_address>
         <size>0xa98</size>
         <input_file_ref idref="fl-14"/>
      </object_component>
      <object_component id="oc-d6">
         <name>.text</name>
         <load_address>0x2a3c</load_address>
         <run_address>0x2a3c</run_address>
         <size>0x9d8</size>
         <input_file_ref idref="fl-12"/>
      </object_component>
      <object_component id="oc-7a">
         <name>.text</name>
         <load_address>0x3414</load_address>
         <run_address>0x3414</run_address>
         <size>0x980</size>
         <input_file_ref idref="fl-1f"/>
      </object_component>
      <object_component id="oc-40">
         <name>.text</name>
         <load_address>0x3d94</load_address>
         <run_address>0x3d94</run_address>
         <size>0x938</size>
         <input_file_ref idref="fl-1e"/>
      </object_component>
      <object_component id="oc-80">
         <name>.text</name>
         <load_address>0x46cc</load_address>
         <run_address>0x46cc</run_address>
         <size>0x7c4</size>
         <input_file_ref idref="fl-d"/>
      </object_component>
      <object_component id="oc-ff">
         <name>.text</name>
         <load_address>0x4e90</load_address>
         <run_address>0x4e90</run_address>
         <size>0x768</size>
         <input_file_ref idref="fl-8"/>
      </object_component>
      <object_component id="oc-1fa">
         <name>.text</name>
         <load_address>0x55f8</load_address>
         <run_address>0x55f8</run_address>
         <size>0x714</size>
         <input_file_ref idref="fl-4"/>
      </object_component>
      <object_component id="oc-10b">
         <name>.text</name>
         <load_address>0x5d0c</load_address>
         <run_address>0x5d0c</run_address>
         <size>0x650</size>
         <input_file_ref idref="fl-6"/>
      </object_component>
      <object_component id="oc-6f">
         <name>.text</name>
         <load_address>0x635c</load_address>
         <run_address>0x635c</run_address>
         <size>0x3b8</size>
         <input_file_ref idref="fl-15"/>
      </object_component>
      <object_component id="oc-86">
         <name>.text</name>
         <load_address>0x6714</load_address>
         <run_address>0x6714</run_address>
         <size>0x36c</size>
         <input_file_ref idref="fl-18"/>
      </object_component>
      <object_component id="oc-3e">
         <name>.text:retain</name>
         <load_address>0x6a80</load_address>
         <run_address>0x6a80</run_address>
         <size>0x34c</size>
         <input_file_ref idref="fl-1e"/>
      </object_component>
      <object_component id="oc-21f">
         <name>.text:Fapi_initializeFlashBanks</name>
         <load_address>0x6dcc</load_address>
         <run_address>0x6dcc</run_address>
         <size>0x260</size>
         <input_file_ref idref="fl-29"/>
      </object_component>
      <object_component id="oc-4a">
         <name>.text</name>
         <load_address>0x702c</load_address>
         <run_address>0x702c</run_address>
         <size>0x180</size>
         <input_file_ref idref="fl-f1"/>
      </object_component>
      <object_component id="oc-22b">
         <name>.text:Fapi_setActiveFlashBank</name>
         <load_address>0x71ac</load_address>
         <run_address>0x71ac</run_address>
         <size>0x17c</size>
         <input_file_ref idref="fl-2c"/>
      </object_component>
      <object_component id="oc-24">
         <name>.text:retain</name>
         <load_address>0x7328</load_address>
         <run_address>0x7328</run_address>
         <size>0x178</size>
         <input_file_ref idref="fl-d"/>
      </object_component>
      <object_component id="oc-23d">
         <name>.text:Fapi_issueProgrammingCommand</name>
         <load_address>0x74a0</load_address>
         <run_address>0x74a0</run_address>
         <size>0x15c</size>
         <input_file_ref idref="fl-2d"/>
      </object_component>
      <object_component id="oc-1a9">
         <name>.text</name>
         <load_address>0x75fc</load_address>
         <run_address>0x75fc</run_address>
         <size>0x158</size>
         <input_file_ref idref="fl-9"/>
      </object_component>
      <object_component id="oc-91">
         <name>.text</name>
         <load_address>0x7754</load_address>
         <run_address>0x7754</run_address>
         <size>0xfc</size>
         <input_file_ref idref="fl-5"/>
      </object_component>
      <object_component id="oc-105">
         <name>.text</name>
         <load_address>0x7850</load_address>
         <run_address>0x7850</run_address>
         <size>0xec</size>
         <input_file_ref idref="fl-3"/>
      </object_component>
      <object_component id="oc-74">
         <name>.text</name>
         <load_address>0x793c</load_address>
         <run_address>0x793c</run_address>
         <size>0xdc</size>
         <input_file_ref idref="fl-11"/>
      </object_component>
      <object_component id="oc-1e">
         <name>.text:retain</name>
         <load_address>0x7a18</load_address>
         <run_address>0x7a18</run_address>
         <size>0xb8</size>
         <input_file_ref idref="fl-1d"/>
      </object_component>
      <object_component id="oc-63">
         <name>.text</name>
         <load_address>0x7ad0</load_address>
         <run_address>0x7ad0</run_address>
         <size>0xb0</size>
         <input_file_ref idref="fl-f2"/>
      </object_component>
      <object_component id="oc-8b">
         <name>.text</name>
         <load_address>0x7b80</load_address>
         <run_address>0x7b80</run_address>
         <size>0xa8</size>
         <input_file_ref idref="fl-eb"/>
      </object_component>
      <object_component id="oc-56">
         <name>.text</name>
         <load_address>0x7c28</load_address>
         <run_address>0x7c28</run_address>
         <size>0x9c</size>
         <input_file_ref idref="fl-ed"/>
      </object_component>
      <object_component id="oc-97">
         <name>.text</name>
         <load_address>0x7cc4</load_address>
         <run_address>0x7cc4</run_address>
         <size>0x90</size>
         <input_file_ref idref="fl-f0"/>
      </object_component>
      <object_component id="oc-eb">
         <name>.text</name>
         <load_address>0x7d54</load_address>
         <run_address>0x7d54</run_address>
         <size>0x84</size>
         <input_file_ref idref="fl-ef"/>
      </object_component>
      <object_component id="oc-231">
         <name>.text:Fapi_enableMainBankSectors</name>
         <load_address>0x7dd8</load_address>
         <run_address>0x7dd8</run_address>
         <size>0x70</size>
         <input_file_ref idref="fl-28"/>
      </object_component>
      <object_component id="oc-288">
         <name>.text:_Fapi_enterMarginMode</name>
         <load_address>0x7e48</load_address>
         <run_address>0x7e48</run_address>
         <size>0x68</size>
         <input_file_ref idref="fl-32"/>
      </object_component>
      <object_component id="oc-1f5">
         <name>.text</name>
         <load_address>0x7eb0</load_address>
         <run_address>0x7eb0</run_address>
         <size>0x5c</size>
         <input_file_ref idref="fl-a"/>
      </object_component>
      <object_component id="oc-2d">
         <name>.text:retain</name>
         <load_address>0x7f0c</load_address>
         <run_address>0x7f0c</run_address>
         <size>0x54</size>
         <input_file_ref idref="fl-13"/>
      </object_component>
      <object_component id="oc-191">
         <name>.text</name>
         <load_address>0x7f60</load_address>
         <run_address>0x7f60</run_address>
         <size>0x50</size>
         <input_file_ref idref="fl-f4"/>
      </object_component>
      <object_component id="oc-24e">
         <name>.text:Fapi_calculateFletcherChecksum</name>
         <load_address>0x7fb0</load_address>
         <run_address>0x7fb0</run_address>
         <size>0x40</size>
         <input_file_ref idref="fl-30"/>
      </object_component>
      <object_component id="oc-243">
         <name>.text:Fapi_doMarginReadByByte</name>
         <load_address>0x7ff0</load_address>
         <run_address>0x7ff0</run_address>
         <size>0x40</size>
         <input_file_ref idref="fl-2e"/>
      </object_component>
      <object_component id="oc-279">
         <name>.text:_Fapi_issueFsmCommand</name>
         <load_address>0x8030</load_address>
         <run_address>0x8030</run_address>
         <size>0x3c</size>
         <input_file_ref idref="fl-2a"/>
      </object_component>
      <object_component id="oc-2cf">
         <name>.text:Fapi_flushPipeline</name>
         <load_address>0x806c</load_address>
         <run_address>0x806c</run_address>
         <size>0x38</size>
         <input_file_ref idref="fl-33"/>
      </object_component>
      <object_component id="oc-237">
         <name>.text:Fapi_issueAsyncCommandWithAddress</name>
         <load_address>0x80a4</load_address>
         <run_address>0x80a4</run_address>
         <size>0x30</size>
         <input_file_ref idref="fl-26"/>
      </object_component>
      <object_component id="oc-2eb">
         <name>.text:Fapi_waitDelay</name>
         <load_address>0x80d4</load_address>
         <run_address>0x80d4</run_address>
         <size>0x30</size>
         <input_file_ref idref="fl-34"/>
      </object_component>
      <object_component id="oc-294">
         <name>.text:_Fapi_exitMarginMode</name>
         <load_address>0x8104</load_address>
         <run_address>0x8104</run_address>
         <size>0x2c</size>
         <input_file_ref idref="fl-32"/>
      </object_component>
      <object_component id="oc-1c0">
         <name>.text</name>
         <load_address>0x8130</load_address>
         <run_address>0x8130</run_address>
         <size>0x24</size>
         <input_file_ref idref="fl-f5"/>
      </object_component>
      <object_component id="oc-254">
         <name>.text:_Fapi_divideUnsignedLong</name>
         <load_address>0x8154</load_address>
         <run_address>0x8154</run_address>
         <size>0x1c</size>
         <input_file_ref idref="fl-29"/>
      </object_component>
      <object_component id="oc-225">
         <name>.text:Fapi_enableAutoEccCalculation</name>
         <load_address>0x8170</load_address>
         <run_address>0x8170</run_address>
         <size>0x14</size>
         <input_file_ref idref="fl-27"/>
      </object_component>
      <object_component id="oc-c">
         <name>.text:decompress:none</name>
         <load_address>0x8184</load_address>
         <run_address>0x8184</run_address>
         <size>0x14</size>
         <input_file_ref idref="fl-ec"/>
      </object_component>
      <object_component id="oc-271">
         <name>.text:Fapi_getNumberOfBankSectors</name>
         <load_address>0x8198</load_address>
         <run_address>0x8198</run_address>
         <size>0x10</size>
         <input_file_ref idref="fl-31"/>
      </object_component>
      <object_component id="oc-260">
         <name>.text:_scaleEEFclk</name>
         <load_address>0x81a8</load_address>
         <run_address>0x81a8</run_address>
         <size>0x10</size>
         <input_file_ref idref="fl-2b"/>
      </object_component>
      <object_component id="oc-25a">
         <name>.text:_scaleMainFclk</name>
         <load_address>0x81b8</load_address>
         <run_address>0x81b8</run_address>
         <size>0x10</size>
         <input_file_ref idref="fl-2b"/>
      </object_component>
      <object_component id="oc-28e">
         <name>.text:_Fapi_checkWdService</name>
         <load_address>0x81c8</load_address>
         <run_address>0x81c8</run_address>
         <size>0xc</size>
         <input_file_ref idref="fl-2f"/>
      </object_component>
      <object_component id="oc-2d7">
         <name>.text</name>
         <load_address>0x81d4</load_address>
         <run_address>0x81d4</run_address>
         <size>0x8</size>
         <input_file_ref idref="fl-2"/>
      </object_component>
      <object_component id="oc-12">
         <name>.text:decompress:rle24</name>
         <load_address>0x81dc</load_address>
         <run_address>0x81dc</run_address>
         <size>0x8</size>
         <input_file_ref idref="fl-ed"/>
      </object_component>
      <object_component id="oc-38">
         <name>.text:retain</name>
         <load_address>0x81e4</load_address>
         <run_address>0x81e4</run_address>
         <size>0x4</size>
         <input_file_ref idref="fl-1a"/>
      </object_component>
      <object_component id="oc-1e6">
         <name>.text</name>
         <load_address>0x81e8</load_address>
         <run_address>0x81e8</run_address>
         <size>0x4</size>
         <input_file_ref idref="fl-f6"/>
      </object_component>
      <object_component id="oc-f1">
         <name>.text</name>
         <load_address>0x81ec</load_address>
         <run_address>0x81ec</run_address>
         <size>0x4</size>
         <input_file_ref idref="fl-f3"/>
      </object_component>
      <object_component id="oc-322">
         <name>.tramp.Fapi_serviceWatchdogTimer.1</name>
         <load_address>0x81f0</load_address>
         <run_address>0x81f0</run_address>
         <size>0x8</size>
         <input_file_ref idref="fl-2"/>
      </object_component>
      <object_component id="oc-249">
         <name>.const:flash_sector</name>
         <load_address>0x8200</load_address>
         <run_address>0x8200</run_address>
         <size>0x280</size>
         <input_file_ref idref="fl-4"/>
      </object_component>
      <object_component id="oc-2a">
         <name>.const:s_vim_init</name>
         <load_address>0x8480</load_address>
         <run_address>0x8480</run_address>
         <size>0x200</size>
         <input_file_ref idref="fl-1e"/>
      </object_component>
      <object_component id="oc-1af">
         <name>.const:.string:$P$T0$1</name>
         <load_address>0x8680</load_address>
         <run_address>0x8680</run_address>
         <size>0xa</size>
         <input_file_ref idref="fl-6"/>
      </object_component>
      <object_component id="oc-321">
         <name>.cinit..data.load</name>
         <load_address>0x86a0</load_address>
         <run_address>0x86a0</run_address>
         <size>0x25</size>
      </object_component>
      <object_component id="oc-320">
         <name>.cinit..bss.load</name>
         <load_address>0x86c8</load_address>
         <run_address>0x86c8</run_address>
         <size>0x9</size>
      </object_component>
      <object_component id="oc-31e">
         <name>__TI_handler_table</name>
         <load_address>0x86d4</load_address>
         <run_address>0x86d4</run_address>
         <size>0x8</size>
      </object_component>
      <object_component id="oc-31f">
         <name>__TI_cinit_table</name>
         <load_address>0x86dc</load_address>
         <run_address>0x86dc</run_address>
         <size>0x10</size>
      </object_component>
      <object_component id="oc-196">
         <name>.bss:num_str$1</name>
         <uninitialized>true</uninitialized>
         <run_address>0x80019f8</run_address>
         <size>0xc</size>
         <input_file_ref idref="fl-8"/>
      </object_component>
      <object_component id="oc-18c">
         <name>.bss:g_sciTransfer_t</name>
         <uninitialized>true</uninitialized>
         <run_address>0x80019a8</run_address>
         <size>0x50</size>
         <input_file_ref idref="fl-14"/>
      </object_component>
      <object_component id="oc-199">
         <name>.common:g_ulForced</name>
         <uninitialized>true</uninitialized>
         <run_address>0x8001a08</run_address>
         <size>0x4</size>
      </object_component>
      <object_component id="oc-111">
         <name>.common:g_ulTransferAddress</name>
         <uninitialized>true</uninitialized>
         <run_address>0x8001a0c</run_address>
         <size>0x4</size>
      </object_component>
      <object_component id="oc-1b8">
         <name>.common:JumpAddress</name>
         <uninitialized>true</uninitialized>
         <run_address>0x8001a04</run_address>
         <size>0x4</size>
      </object_component>
      <object_component id="oc-1b5">
         <name>.common:fileName</name>
         <uninitialized>true</uninitialized>
         <run_address>0x8001948</run_address>
         <size>0x60</size>
      </object_component>
      <object_component id="oc-19f">
         <name>.data:g_pulUpdateSuccess</name>
         <load_address>0x8001900</load_address>
         <run_address>0x8001900</run_address>
         <size>0x20</size>
         <input_file_ref idref="fl-5"/>
      </object_component>
      <object_component id="oc-19c">
         <name>.data</name>
         <load_address>0x800193c</load_address>
         <run_address>0x800193c</run_address>
         <size>0x8</size>
         <input_file_ref idref="fl-5"/>
      </object_component>
      <object_component id="oc-1b2">
         <name>.data:tab_1024</name>
         <load_address>0x8001500</load_address>
         <run_address>0x8001500</run_address>
         <size>0x400</size>
         <input_file_ref idref="fl-6"/>
      </object_component>
      <object_component id="oc-2b2">
         <name>.data</name>
         <load_address>0x8001934</load_address>
         <run_address>0x8001934</run_address>
         <size>0x8</size>
         <input_file_ref idref="fl-2b"/>
      </object_component>
      <object_component id="oc-26e">
         <name>.data</name>
         <load_address>0x8001944</load_address>
         <run_address>0x8001944</run_address>
         <size>0x1</size>
         <input_file_ref idref="fl-2c"/>
      </object_component>
      <object_component id="oc-11f">
         <name>.data:$O1$$</name>
         <load_address>0x8001920</load_address>
         <run_address>0x8001920</run_address>
         <size>0xc</size>
         <input_file_ref idref="fl-f0"/>
      </object_component>
      <object_component id="oc-122">
         <name>.data:$O1$$</name>
         <load_address>0x800192c</load_address>
         <run_address>0x800192c</run_address>
         <size>0x8</size>
         <input_file_ref idref="fl-f5"/>
      </object_component>
      <object_component id="oc-2e2">
         <name>.debug_info</name>
         <load_address>0x0</load_address>
         <run_address>0x0</run_address>
         <size>0x1ab</size>
         <input_file_ref idref="fl-2"/>
      </object_component>
      <object_component id="oc-2d8">
         <name>.debug_info</name>
         <load_address>0x1ab</load_address>
         <run_address>0x1ab</run_address>
         <size>0x162</size>
         <input_file_ref idref="fl-2"/>
      </object_component>
      <object_component id="oc-2a0">
         <name>.debug_info</name>
         <load_address>0x30d</load_address>
         <run_address>0x30d</run_address>
         <size>0xe57</size>
         <input_file_ref idref="fl-2"/>
      </object_component>
      <object_component id="oc-2f9">
         <name>.debug_info</name>
         <load_address>0x1164</load_address>
         <run_address>0x1164</run_address>
         <size>0x26d5</size>
         <input_file_ref idref="fl-2"/>
      </object_component>
      <object_component id="oc-be">
         <name>.debug_info</name>
         <load_address>0x3839</load_address>
         <run_address>0x3839</run_address>
         <size>0x84</size>
         <input_file_ref idref="fl-2"/>
      </object_component>
      <object_component id="oc-11a">
         <name>.debug_info</name>
         <load_address>0x38bd</load_address>
         <run_address>0x38bd</run_address>
         <size>0x18b</size>
         <input_file_ref idref="fl-2"/>
      </object_component>
      <object_component id="oc-19a">
         <name>.debug_info</name>
         <load_address>0x3a48</load_address>
         <run_address>0x3a48</run_address>
         <size>0x178</size>
         <input_file_ref idref="fl-3"/>
      </object_component>
      <object_component id="oc-106">
         <name>.debug_info</name>
         <load_address>0x3bc0</load_address>
         <run_address>0x3bc0</run_address>
         <size>0x1b5</size>
         <input_file_ref idref="fl-3"/>
      </object_component>
      <object_component id="oc-9f">
         <name>.debug_info</name>
         <load_address>0x3d75</load_address>
         <run_address>0x3d75</run_address>
         <size>0x157</size>
         <input_file_ref idref="fl-3"/>
      </object_component>
      <object_component id="oc-115">
         <name>.debug_info</name>
         <load_address>0x3ecc</load_address>
         <run_address>0x3ecc</run_address>
         <size>0x8b</size>
         <input_file_ref idref="fl-3"/>
      </object_component>
      <object_component id="oc-b0">
         <name>.debug_info</name>
         <load_address>0x3f57</load_address>
         <run_address>0x3f57</run_address>
         <size>0x86</size>
         <input_file_ref idref="fl-3"/>
      </object_component>
      <object_component id="oc-139">
         <name>.debug_info</name>
         <load_address>0x3fdd</load_address>
         <run_address>0x3fdd</run_address>
         <size>0x1f9</size>
         <input_file_ref idref="fl-3"/>
      </object_component>
      <object_component id="oc-169">
         <name>.debug_info</name>
         <load_address>0x41d6</load_address>
         <run_address>0x41d6</run_address>
         <size>0x243</size>
         <input_file_ref idref="fl-3"/>
      </object_component>
      <object_component id="oc-1e1">
         <name>.debug_info</name>
         <load_address>0x4419</load_address>
         <run_address>0x4419</run_address>
         <size>0x18e</size>
         <input_file_ref idref="fl-3"/>
      </object_component>
      <object_component id="oc-24d">
         <name>.debug_info</name>
         <load_address>0x45a7</load_address>
         <run_address>0x45a7</run_address>
         <size>0x407</size>
         <input_file_ref idref="fl-4"/>
      </object_component>
      <object_component id="oc-24a">
         <name>.debug_info</name>
         <load_address>0x49ae</load_address>
         <run_address>0x49ae</run_address>
         <size>0xdf</size>
         <input_file_ref idref="fl-4"/>
      </object_component>
      <object_component id="oc-1fc">
         <name>.debug_info</name>
         <load_address>0x4a8d</load_address>
         <run_address>0x4a8d</run_address>
         <size>0xe82</size>
         <input_file_ref idref="fl-4"/>
      </object_component>
      <object_component id="oc-2aa">
         <name>.debug_info</name>
         <load_address>0x590f</load_address>
         <run_address>0x590f</run_address>
         <size>0x1eff</size>
         <input_file_ref idref="fl-4"/>
      </object_component>
      <object_component id="oc-2a5">
         <name>.debug_info</name>
         <load_address>0x780e</load_address>
         <run_address>0x780e</run_address>
         <size>0x11d</size>
         <input_file_ref idref="fl-4"/>
      </object_component>
      <object_component id="oc-112">
         <name>.debug_info</name>
         <load_address>0x792b</load_address>
         <run_address>0x792b</run_address>
         <size>0x2df</size>
         <input_file_ref idref="fl-5"/>
      </object_component>
      <object_component id="oc-1a0">
         <name>.debug_info</name>
         <load_address>0x7c0a</load_address>
         <run_address>0x7c0a</run_address>
         <size>0xea</size>
         <input_file_ref idref="fl-5"/>
      </object_component>
      <object_component id="oc-19d">
         <name>.debug_info</name>
         <load_address>0x7cf4</load_address>
         <run_address>0x7cf4</run_address>
         <size>0x127</size>
         <input_file_ref idref="fl-5"/>
      </object_component>
      <object_component id="oc-92">
         <name>.debug_info</name>
         <load_address>0x7e1b</load_address>
         <run_address>0x7e1b</run_address>
         <size>0x281</size>
         <input_file_ref idref="fl-5"/>
      </object_component>
      <object_component id="oc-dd">
         <name>.debug_info</name>
         <load_address>0x809c</load_address>
         <run_address>0x809c</run_address>
         <size>0x432</size>
         <input_file_ref idref="fl-5"/>
      </object_component>
      <object_component id="oc-12a">
         <name>.debug_info</name>
         <load_address>0x84ce</load_address>
         <run_address>0x84ce</run_address>
         <size>0x102</size>
         <input_file_ref idref="fl-5"/>
      </object_component>
      <object_component id="oc-134">
         <name>.debug_info</name>
         <load_address>0x85d0</load_address>
         <run_address>0x85d0</run_address>
         <size>0x44a</size>
         <input_file_ref idref="fl-5"/>
      </object_component>
      <object_component id="oc-13e">
         <name>.debug_info</name>
         <load_address>0x8a1a</load_address>
         <run_address>0x8a1a</run_address>
         <size>0x152</size>
         <input_file_ref idref="fl-5"/>
      </object_component>
      <object_component id="oc-143">
         <name>.debug_info</name>
         <load_address>0x8b6c</load_address>
         <run_address>0x8b6c</run_address>
         <size>0x70a</size>
         <input_file_ref idref="fl-5"/>
      </object_component>
      <object_component id="oc-1b9">
         <name>.debug_info</name>
         <load_address>0x9276</load_address>
         <run_address>0x9276</run_address>
         <size>0x300</size>
         <input_file_ref idref="fl-6"/>
      </object_component>
      <object_component id="oc-1b3">
         <name>.debug_info</name>
         <load_address>0x9576</load_address>
         <run_address>0x9576</run_address>
         <size>0xd6</size>
         <input_file_ref idref="fl-6"/>
      </object_component>
      <object_component id="oc-1b0">
         <name>.debug_info</name>
         <load_address>0x964c</load_address>
         <run_address>0x964c</run_address>
         <size>0xd3</size>
         <input_file_ref idref="fl-6"/>
      </object_component>
      <object_component id="oc-10d">
         <name>.debug_info</name>
         <load_address>0x971f</load_address>
         <run_address>0x971f</run_address>
         <size>0x4ea</size>
         <input_file_ref idref="fl-6"/>
      </object_component>
      <object_component id="oc-1b6">
         <name>.debug_info</name>
         <load_address>0x9c09</load_address>
         <run_address>0x9c09</run_address>
         <size>0x429</size>
         <input_file_ref idref="fl-7"/>
      </object_component>
      <object_component id="oc-1a4">
         <name>.debug_info</name>
         <load_address>0xa032</load_address>
         <run_address>0xa032</run_address>
         <size>0xa3c</size>
         <input_file_ref idref="fl-7"/>
      </object_component>
      <object_component id="oc-201">
         <name>.debug_info</name>
         <load_address>0xaa6e</load_address>
         <run_address>0xaa6e</run_address>
         <size>0x87</size>
         <input_file_ref idref="fl-7"/>
      </object_component>
      <object_component id="oc-198">
         <name>.debug_info</name>
         <load_address>0xaaf5</load_address>
         <run_address>0xaaf5</run_address>
         <size>0x113</size>
         <input_file_ref idref="fl-8"/>
      </object_component>
      <object_component id="oc-101">
         <name>.debug_info</name>
         <load_address>0xac08</load_address>
         <run_address>0xac08</run_address>
         <size>0x7d2</size>
         <input_file_ref idref="fl-8"/>
      </object_component>
      <object_component id="oc-1aa">
         <name>.debug_info</name>
         <load_address>0xb3da</load_address>
         <run_address>0xb3da</run_address>
         <size>0x2b2</size>
         <input_file_ref idref="fl-9"/>
      </object_component>
      <object_component id="oc-1f8">
         <name>.debug_info</name>
         <load_address>0xb68c</load_address>
         <run_address>0xb68c</run_address>
         <size>0xf0</size>
         <input_file_ref idref="fl-a"/>
      </object_component>
      <object_component id="oc-152">
         <name>.debug_info</name>
         <load_address>0xb77c</load_address>
         <run_address>0xb77c</run_address>
         <size>0x1d7</size>
         <input_file_ref idref="fl-b"/>
      </object_component>
      <object_component id="oc-ab">
         <name>.debug_info</name>
         <load_address>0xb953</load_address>
         <run_address>0xb953</run_address>
         <size>0x18c</size>
         <input_file_ref idref="fl-b"/>
      </object_component>
      <object_component id="oc-15f">
         <name>.debug_info</name>
         <load_address>0xbadf</load_address>
         <run_address>0xbadf</run_address>
         <size>0x142</size>
         <input_file_ref idref="fl-b"/>
      </object_component>
      <object_component id="oc-12f">
         <name>.debug_info</name>
         <load_address>0xbc21</load_address>
         <run_address>0xbc21</run_address>
         <size>0x285</size>
         <input_file_ref idref="fl-b"/>
      </object_component>
      <object_component id="oc-148">
         <name>.debug_info</name>
         <load_address>0xbea6</load_address>
         <run_address>0xbea6</run_address>
         <size>0x36d</size>
         <input_file_ref idref="fl-b"/>
      </object_component>
      <object_component id="oc-e9">
         <name>.debug_info</name>
         <load_address>0xc213</load_address>
         <run_address>0xc213</run_address>
         <size>0x195</size>
         <input_file_ref idref="fl-d"/>
      </object_component>
      <object_component id="oc-81">
         <name>.debug_info</name>
         <load_address>0xc3a8</load_address>
         <run_address>0xc3a8</run_address>
         <size>0x10c4</size>
         <input_file_ref idref="fl-d"/>
      </object_component>
      <object_component id="oc-25">
         <name>.debug_info</name>
         <load_address>0xd46c</load_address>
         <run_address>0xd46c</run_address>
         <size>0x1ac</size>
         <input_file_ref idref="fl-d"/>
      </object_component>
      <object_component id="oc-e4">
         <name>.debug_info</name>
         <load_address>0xd618</load_address>
         <run_address>0xd618</run_address>
         <size>0x168</size>
         <input_file_ref idref="fl-d"/>
      </object_component>
      <object_component id="oc-1ce">
         <name>.debug_info</name>
         <load_address>0xd780</load_address>
         <run_address>0xd780</run_address>
         <size>0x18d</size>
         <input_file_ref idref="fl-f"/>
      </object_component>
      <object_component id="oc-c6">
         <name>.debug_info</name>
         <load_address>0xd90d</load_address>
         <run_address>0xd90d</run_address>
         <size>0x2c</size>
         <input_file_ref idref="fl-f"/>
      </object_component>
      <object_component id="oc-164">
         <name>.debug_info</name>
         <load_address>0xd939</load_address>
         <run_address>0xd939</run_address>
         <size>0x3d3</size>
         <input_file_ref idref="fl-f"/>
      </object_component>
      <object_component id="oc-214">
         <name>.debug_info</name>
         <load_address>0xdd0c</load_address>
         <run_address>0xdd0c</run_address>
         <size>0x2e3</size>
         <input_file_ref idref="fl-f"/>
      </object_component>
      <object_component id="oc-d0">
         <name>.debug_info</name>
         <load_address>0xdfef</load_address>
         <run_address>0xdfef</run_address>
         <size>0x227</size>
         <input_file_ref idref="fl-11"/>
      </object_component>
      <object_component id="oc-77">
         <name>.debug_info</name>
         <load_address>0xe216</load_address>
         <run_address>0xe216</run_address>
         <size>0xa3c</size>
         <input_file_ref idref="fl-11"/>
      </object_component>
      <object_component id="oc-155">
         <name>.debug_info</name>
         <load_address>0xec52</load_address>
         <run_address>0xec52</run_address>
         <size>0x306</size>
         <input_file_ref idref="fl-11"/>
      </object_component>
      <object_component id="oc-15a">
         <name>.debug_info</name>
         <load_address>0xef58</load_address>
         <run_address>0xef58</run_address>
         <size>0xadd</size>
         <input_file_ref idref="fl-11"/>
      </object_component>
      <object_component id="oc-d1">
         <name>.debug_info</name>
         <load_address>0xfa35</load_address>
         <run_address>0xfa35</run_address>
         <size>0x6eb</size>
         <input_file_ref idref="fl-11"/>
      </object_component>
      <object_component id="oc-1d0">
         <name>.debug_info</name>
         <load_address>0x10120</load_address>
         <run_address>0x10120</run_address>
         <size>0x10a</size>
         <input_file_ref idref="fl-12"/>
      </object_component>
      <object_component id="oc-d9">
         <name>.debug_info</name>
         <load_address>0x1022a</load_address>
         <run_address>0x1022a</run_address>
         <size>0x120</size>
         <input_file_ref idref="fl-12"/>
      </object_component>
      <object_component id="oc-176">
         <name>.debug_info</name>
         <load_address>0x1034a</load_address>
         <run_address>0x1034a</run_address>
         <size>0x199</size>
         <input_file_ref idref="fl-12"/>
      </object_component>
      <object_component id="oc-30">
         <name>.debug_info</name>
         <load_address>0x104e3</load_address>
         <run_address>0x104e3</run_address>
         <size>0x14a</size>
         <input_file_ref idref="fl-13"/>
      </object_component>
      <object_component id="oc-190">
         <name>.debug_info</name>
         <load_address>0x1062d</load_address>
         <run_address>0x1062d</run_address>
         <size>0x126</size>
         <input_file_ref idref="fl-14"/>
      </object_component>
      <object_component id="oc-18d">
         <name>.debug_info</name>
         <load_address>0x10753</load_address>
         <run_address>0x10753</run_address>
         <size>0xe9</size>
         <input_file_ref idref="fl-14"/>
      </object_component>
      <object_component id="oc-fb">
         <name>.debug_info</name>
         <load_address>0x1083c</load_address>
         <run_address>0x1083c</run_address>
         <size>0xc53</size>
         <input_file_ref idref="fl-14"/>
      </object_component>
      <object_component id="oc-1dc">
         <name>.debug_info</name>
         <load_address>0x1148f</load_address>
         <run_address>0x1148f</run_address>
         <size>0x91</size>
         <input_file_ref idref="fl-14"/>
      </object_component>
      <object_component id="oc-72">
         <name>.debug_info</name>
         <load_address>0x11520</load_address>
         <run_address>0x11520</run_address>
         <size>0x816</size>
         <input_file_ref idref="fl-15"/>
      </object_component>
      <object_component id="oc-34">
         <name>.debug_info</name>
         <load_address>0x11d36</load_address>
         <run_address>0x11d36</run_address>
         <size>0x10c</size>
         <input_file_ref idref="fl-17"/>
      </object_component>
      <object_component id="oc-89">
         <name>.debug_info</name>
         <load_address>0x11e42</load_address>
         <run_address>0x11e42</run_address>
         <size>0x443</size>
         <input_file_ref idref="fl-18"/>
      </object_component>
      <object_component id="oc-1cf">
         <name>.debug_info</name>
         <load_address>0x12285</load_address>
         <run_address>0x12285</run_address>
         <size>0x14b</size>
         <input_file_ref idref="fl-19"/>
      </object_component>
      <object_component id="oc-171">
         <name>.debug_info</name>
         <load_address>0x123d0</load_address>
         <run_address>0x123d0</run_address>
         <size>0x457</size>
         <input_file_ref idref="fl-19"/>
      </object_component>
      <object_component id="oc-3a">
         <name>.debug_info</name>
         <load_address>0x12827</load_address>
         <run_address>0x12827</run_address>
         <size>0x141</size>
         <input_file_ref idref="fl-1a"/>
      </object_component>
      <object_component id="oc-1f">
         <name>.debug_info</name>
         <load_address>0x12968</load_address>
         <run_address>0x12968</run_address>
         <size>0x29d</size>
         <input_file_ref idref="fl-1d"/>
      </object_component>
      <object_component id="oc-a6">
         <name>.debug_info</name>
         <load_address>0x12c05</load_address>
         <run_address>0x12c05</run_address>
         <size>0x2c8</size>
         <input_file_ref idref="fl-1e"/>
      </object_component>
      <object_component id="oc-2b">
         <name>.debug_info</name>
         <load_address>0x12ecd</load_address>
         <run_address>0x12ecd</run_address>
         <size>0xe3</size>
         <input_file_ref idref="fl-1e"/>
      </object_component>
      <object_component id="oc-42">
         <name>.debug_info</name>
         <load_address>0x12fb0</load_address>
         <run_address>0x12fb0</run_address>
         <size>0x493</size>
         <input_file_ref idref="fl-1e"/>
      </object_component>
      <object_component id="oc-46">
         <name>.debug_info</name>
         <load_address>0x13443</load_address>
         <run_address>0x13443</run_address>
         <size>0x1fe</size>
         <input_file_ref idref="fl-1e"/>
      </object_component>
      <object_component id="oc-14d">
         <name>.debug_info</name>
         <load_address>0x13641</load_address>
         <run_address>0x13641</run_address>
         <size>0x4f</size>
         <input_file_ref idref="fl-1e"/>
      </object_component>
      <object_component id="oc-e2">
         <name>.debug_info</name>
         <load_address>0x13690</load_address>
         <run_address>0x13690</run_address>
         <size>0x248</size>
         <input_file_ref idref="fl-1f"/>
      </object_component>
      <object_component id="oc-7b">
         <name>.debug_info</name>
         <load_address>0x138d8</load_address>
         <run_address>0x138d8</run_address>
         <size>0x593</size>
         <input_file_ref idref="fl-1f"/>
      </object_component>
      <object_component id="oc-280">
         <name>.debug_info</name>
         <load_address>0x13e6b</load_address>
         <run_address>0x13e6b</run_address>
         <size>0x254</size>
         <input_file_ref idref="fl-26"/>
      </object_component>
      <object_component id="oc-238">
         <name>.debug_info</name>
         <load_address>0x140bf</load_address>
         <run_address>0x140bf</run_address>
         <size>0x24a</size>
         <input_file_ref idref="fl-26"/>
      </object_component>
      <object_component id="oc-267">
         <name>.debug_info</name>
         <load_address>0x14309</load_address>
         <run_address>0x14309</run_address>
         <size>0xe55</size>
         <input_file_ref idref="fl-26"/>
      </object_component>
      <object_component id="oc-2be">
         <name>.debug_info</name>
         <load_address>0x1515e</load_address>
         <run_address>0x1515e</run_address>
         <size>0x1eff</size>
         <input_file_ref idref="fl-26"/>
      </object_component>
      <object_component id="oc-2b9">
         <name>.debug_info</name>
         <load_address>0x1705d</load_address>
         <run_address>0x1705d</run_address>
         <size>0x1be7</size>
         <input_file_ref idref="fl-26"/>
      </object_component>
      <object_component id="oc-226">
         <name>.debug_info</name>
         <load_address>0x18c44</load_address>
         <run_address>0x18c44</run_address>
         <size>0x19b</size>
         <input_file_ref idref="fl-27"/>
      </object_component>
      <object_component id="oc-278">
         <name>.debug_info</name>
         <load_address>0x18ddf</load_address>
         <run_address>0x18ddf</run_address>
         <size>0x267</size>
         <input_file_ref idref="fl-28"/>
      </object_component>
      <object_component id="oc-232">
         <name>.debug_info</name>
         <load_address>0x19046</load_address>
         <run_address>0x19046</run_address>
         <size>0x26a</size>
         <input_file_ref idref="fl-28"/>
      </object_component>
      <object_component id="oc-26c">
         <name>.debug_info</name>
         <load_address>0x192b0</load_address>
         <run_address>0x192b0</run_address>
         <size>0x2d5</size>
         <input_file_ref idref="fl-29"/>
      </object_component>
      <object_component id="oc-255">
         <name>.debug_info</name>
         <load_address>0x19585</load_address>
         <run_address>0x19585</run_address>
         <size>0x232</size>
         <input_file_ref idref="fl-29"/>
      </object_component>
      <object_component id="oc-220">
         <name>.debug_info</name>
         <load_address>0x197b7</load_address>
         <run_address>0x197b7</run_address>
         <size>0x3f8</size>
         <input_file_ref idref="fl-29"/>
      </object_component>
      <object_component id="oc-2ca">
         <name>.debug_info</name>
         <load_address>0x19baf</load_address>
         <run_address>0x19baf</run_address>
         <size>0x219</size>
         <input_file_ref idref="fl-2a"/>
      </object_component>
      <object_component id="oc-27b">
         <name>.debug_info</name>
         <load_address>0x19dc8</load_address>
         <run_address>0x19dc8</run_address>
         <size>0x1b7</size>
         <input_file_ref idref="fl-2a"/>
      </object_component>
      <object_component id="oc-2b4">
         <name>.debug_info</name>
         <load_address>0x19f7f</load_address>
         <run_address>0x19f7f</run_address>
         <size>0x279</size>
         <input_file_ref idref="fl-2b"/>
      </object_component>
      <object_component id="oc-25b">
         <name>.debug_info</name>
         <load_address>0x1a1f8</load_address>
         <run_address>0x1a1f8</run_address>
         <size>0x1d6</size>
         <input_file_ref idref="fl-2b"/>
      </object_component>
      <object_component id="oc-261">
         <name>.debug_info</name>
         <load_address>0x1a3ce</load_address>
         <run_address>0x1a3ce</run_address>
         <size>0x1ce</size>
         <input_file_ref idref="fl-2b"/>
      </object_component>
      <object_component id="oc-270">
         <name>.debug_info</name>
         <load_address>0x1a59c</load_address>
         <run_address>0x1a59c</run_address>
         <size>0x27d</size>
         <input_file_ref idref="fl-2c"/>
      </object_component>
      <object_component id="oc-22c">
         <name>.debug_info</name>
         <load_address>0x1a819</load_address>
         <run_address>0x1a819</run_address>
         <size>0x328</size>
         <input_file_ref idref="fl-2c"/>
      </object_component>
      <object_component id="oc-282">
         <name>.debug_info</name>
         <load_address>0x1ab41</load_address>
         <run_address>0x1ab41</run_address>
         <size>0x297</size>
         <input_file_ref idref="fl-2d"/>
      </object_component>
      <object_component id="oc-240">
         <name>.debug_info</name>
         <load_address>0x1add8</load_address>
         <run_address>0x1add8</run_address>
         <size>0x53c</size>
         <input_file_ref idref="fl-2d"/>
      </object_component>
      <object_component id="oc-283">
         <name>.debug_info</name>
         <load_address>0x1b314</load_address>
         <run_address>0x1b314</run_address>
         <size>0x72</size>
         <input_file_ref idref="fl-2d"/>
      </object_component>
      <object_component id="oc-29b">
         <name>.debug_info</name>
         <load_address>0x1b386</load_address>
         <run_address>0x1b386</run_address>
         <size>0x2ce</size>
         <input_file_ref idref="fl-2e"/>
      </object_component>
      <object_component id="oc-247">
         <name>.debug_info</name>
         <load_address>0x1b654</load_address>
         <run_address>0x1b654</run_address>
         <size>0x2fb</size>
         <input_file_ref idref="fl-2e"/>
      </object_component>
      <object_component id="oc-2de">
         <name>.debug_info</name>
         <load_address>0x1b94f</load_address>
         <run_address>0x1b94f</run_address>
         <size>0x244</size>
         <input_file_ref idref="fl-2f"/>
      </object_component>
      <object_component id="oc-292">
         <name>.debug_info</name>
         <load_address>0x1bb93</load_address>
         <run_address>0x1bb93</run_address>
         <size>0x1a1</size>
         <input_file_ref idref="fl-2f"/>
      </object_component>
      <object_component id="oc-2b0">
         <name>.debug_info</name>
         <load_address>0x1bd34</load_address>
         <run_address>0x1bd34</run_address>
         <size>0x219</size>
         <input_file_ref idref="fl-30"/>
      </object_component>
      <object_component id="oc-24f">
         <name>.debug_info</name>
         <load_address>0x1bf4d</load_address>
         <run_address>0x1bf4d</run_address>
         <size>0x255</size>
         <input_file_ref idref="fl-30"/>
      </object_component>
      <object_component id="oc-2c6">
         <name>.debug_info</name>
         <load_address>0x1c1a2</load_address>
         <run_address>0x1c1a2</run_address>
         <size>0x214</size>
         <input_file_ref idref="fl-31"/>
      </object_component>
      <object_component id="oc-275">
         <name>.debug_info</name>
         <load_address>0x1c3b6</load_address>
         <run_address>0x1c3b6</run_address>
         <size>0x1b0</size>
         <input_file_ref idref="fl-31"/>
      </object_component>
      <object_component id="oc-2d6">
         <name>.debug_info</name>
         <load_address>0x1c566</load_address>
         <run_address>0x1c566</run_address>
         <size>0x282</size>
         <input_file_ref idref="fl-32"/>
      </object_component>
      <object_component id="oc-298">
         <name>.debug_info</name>
         <load_address>0x1c7e8</load_address>
         <run_address>0x1c7e8</run_address>
         <size>0x1a8</size>
         <input_file_ref idref="fl-32"/>
      </object_component>
      <object_component id="oc-28b">
         <name>.debug_info</name>
         <load_address>0x1c990</load_address>
         <run_address>0x1c990</run_address>
         <size>0x22f</size>
         <input_file_ref idref="fl-32"/>
      </object_component>
      <object_component id="oc-2d2">
         <name>.debug_info</name>
         <load_address>0x1cbbf</load_address>
         <run_address>0x1cbbf</run_address>
         <size>0x173</size>
         <input_file_ref idref="fl-33"/>
      </object_component>
      <object_component id="oc-2ff">
         <name>.debug_info</name>
         <load_address>0x1cd32</load_address>
         <run_address>0x1cd32</run_address>
         <size>0x20b</size>
         <input_file_ref idref="fl-34"/>
      </object_component>
      <object_component id="oc-2ef">
         <name>.debug_info</name>
         <load_address>0x1cf3d</load_address>
         <run_address>0x1cf3d</run_address>
         <size>0x1d2</size>
         <input_file_ref idref="fl-34"/>
      </object_component>
      <object_component id="oc-f8">
         <name>.debug_info</name>
         <load_address>0x1d10f</load_address>
         <run_address>0x1d10f</run_address>
         <size>0x2ba</size>
         <input_file_ref idref="fl-eb"/>
      </object_component>
      <object_component id="oc-8e">
         <name>.debug_info</name>
         <load_address>0x1d3c9</load_address>
         <run_address>0x1d3c9</run_address>
         <size>0x161</size>
         <input_file_ref idref="fl-eb"/>
      </object_component>
      <object_component id="oc-182">
         <name>.debug_info</name>
         <load_address>0x1d52a</load_address>
         <run_address>0x1d52a</run_address>
         <size>0x39</size>
         <input_file_ref idref="fl-eb"/>
      </object_component>
      <object_component id="oc-187">
         <name>.debug_info</name>
         <load_address>0x1d563</load_address>
         <run_address>0x1d563</run_address>
         <size>0xcd</size>
         <input_file_ref idref="fl-eb"/>
      </object_component>
      <object_component id="oc-55">
         <name>.debug_info</name>
         <load_address>0x1d630</load_address>
         <run_address>0x1d630</run_address>
         <size>0x10c</size>
         <input_file_ref idref="fl-ec"/>
      </object_component>
      <object_component id="oc-10">
         <name>.debug_info</name>
         <load_address>0x1d73c</load_address>
         <run_address>0x1d73c</run_address>
         <size>0x19b</size>
         <input_file_ref idref="fl-ec"/>
      </object_component>
      <object_component id="oc-50">
         <name>.debug_info</name>
         <load_address>0x1d8d7</load_address>
         <run_address>0x1d8d7</run_address>
         <size>0x46</size>
         <input_file_ref idref="fl-ec"/>
      </object_component>
      <object_component id="oc-b7">
         <name>.debug_info</name>
         <load_address>0x1d91d</load_address>
         <run_address>0x1d91d</run_address>
         <size>0x2c</size>
         <input_file_ref idref="fl-ec"/>
      </object_component>
      <object_component id="oc-5d">
         <name>.debug_info</name>
         <load_address>0x1d949</load_address>
         <run_address>0x1d949</run_address>
         <size>0x105</size>
         <input_file_ref idref="fl-ed"/>
      </object_component>
      <object_component id="oc-57">
         <name>.debug_info</name>
         <load_address>0x1da4e</load_address>
         <run_address>0x1da4e</run_address>
         <size>0x218</size>
         <input_file_ref idref="fl-ed"/>
      </object_component>
      <object_component id="oc-13">
         <name>.debug_info</name>
         <load_address>0x1dc66</load_address>
         <run_address>0x1dc66</run_address>
         <size>0x182</size>
         <input_file_ref idref="fl-ed"/>
      </object_component>
      <object_component id="oc-5e">
         <name>.debug_info</name>
         <load_address>0x1dde8</load_address>
         <run_address>0x1dde8</run_address>
         <size>0x39</size>
         <input_file_ref idref="fl-ed"/>
      </object_component>
      <object_component id="oc-17e">
         <name>.debug_info</name>
         <load_address>0x1de21</load_address>
         <run_address>0x1de21</run_address>
         <size>0x1b1</size>
         <input_file_ref idref="fl-ef"/>
      </object_component>
      <object_component id="oc-ec">
         <name>.debug_info</name>
         <load_address>0x1dfd2</load_address>
         <run_address>0x1dfd2</run_address>
         <size>0x154</size>
         <input_file_ref idref="fl-ef"/>
      </object_component>
      <object_component id="oc-1d3">
         <name>.debug_info</name>
         <load_address>0x1e126</load_address>
         <run_address>0x1e126</run_address>
         <size>0x2c</size>
         <input_file_ref idref="fl-ef"/>
      </object_component>
      <object_component id="oc-126">
         <name>.debug_info</name>
         <load_address>0x1e152</load_address>
         <run_address>0x1e152</run_address>
         <size>0x205</size>
         <input_file_ref idref="fl-f0"/>
      </object_component>
      <object_component id="oc-120">
         <name>.debug_info</name>
         <load_address>0x1e357</load_address>
         <run_address>0x1e357</run_address>
         <size>0x156</size>
         <input_file_ref idref="fl-f0"/>
      </object_component>
      <object_component id="oc-98">
         <name>.debug_info</name>
         <load_address>0x1e4ad</load_address>
         <run_address>0x1e4ad</run_address>
         <size>0x1e5</size>
         <input_file_ref idref="fl-f0"/>
      </object_component>
      <object_component id="oc-4b">
         <name>.debug_info</name>
         <load_address>0x1e692</load_address>
         <run_address>0x1e692</run_address>
         <size>0x14d</size>
         <input_file_ref idref="fl-f1"/>
      </object_component>
      <object_component id="oc-64">
         <name>.debug_info</name>
         <load_address>0x1e7df</load_address>
         <run_address>0x1e7df</run_address>
         <size>0x115</size>
         <input_file_ref idref="fl-f2"/>
      </object_component>
      <object_component id="oc-f4">
         <name>.debug_info</name>
         <load_address>0x1e8f4</load_address>
         <run_address>0x1e8f4</run_address>
         <size>0x116</size>
         <input_file_ref idref="fl-f3"/>
      </object_component>
      <object_component id="oc-193">
         <name>.debug_info</name>
         <load_address>0x1ea0a</load_address>
         <run_address>0x1ea0a</run_address>
         <size>0x11a</size>
         <input_file_ref idref="fl-f4"/>
      </object_component>
      <object_component id="oc-1c8">
         <name>.debug_info</name>
         <load_address>0x1eb24</load_address>
         <run_address>0x1eb24</run_address>
         <size>0xf5</size>
         <input_file_ref idref="fl-f5"/>
      </object_component>
      <object_component id="oc-123">
         <name>.debug_info</name>
         <load_address>0x1ec19</load_address>
         <run_address>0x1ec19</run_address>
         <size>0xe4</size>
         <input_file_ref idref="fl-f5"/>
      </object_component>
      <object_component id="oc-1c2">
         <name>.debug_info</name>
         <load_address>0x1ecfd</load_address>
         <run_address>0x1ecfd</run_address>
         <size>0x1f0</size>
         <input_file_ref idref="fl-f5"/>
      </object_component>
      <object_component id="oc-1ea">
         <name>.debug_info</name>
         <load_address>0x1eeed</load_address>
         <run_address>0x1eeed</run_address>
         <size>0x118</size>
         <input_file_ref idref="fl-f6"/>
      </object_component>
      <object_component id="oc-323">
         <name>.debug_info</name>
         <load_address>0x1f005</load_address>
         <run_address>0x1f005</run_address>
         <size>0x102</size>
      </object_component>
      <object_component id="oc-2f8">
         <name>.debug_line</name>
         <load_address>0x0</load_address>
         <run_address>0x0</run_address>
         <size>0x20</size>
         <input_file_ref idref="fl-2"/>
      </object_component>
      <object_component id="oc-2dc">
         <name>.debug_line</name>
         <load_address>0x20</load_address>
         <run_address>0x20</run_address>
         <size>0x57</size>
         <input_file_ref idref="fl-2"/>
      </object_component>
      <object_component id="oc-2a3">
         <name>.debug_line</name>
         <load_address>0x77</load_address>
         <run_address>0x77</run_address>
         <size>0x64</size>
         <input_file_ref idref="fl-2"/>
      </object_component>
      <object_component id="oc-2fc">
         <name>.debug_line</name>
         <load_address>0xdb</load_address>
         <run_address>0xdb</run_address>
         <size>0x6f</size>
         <input_file_ref idref="fl-2"/>
      </object_component>
      <object_component id="oc-c1">
         <name>.debug_line</name>
         <load_address>0x14a</load_address>
         <run_address>0x14a</run_address>
         <size>0x20</size>
         <input_file_ref idref="fl-2"/>
      </object_component>
      <object_component id="oc-11d">
         <name>.debug_line</name>
         <load_address>0x16a</load_address>
         <run_address>0x16a</run_address>
         <size>0x5f</size>
         <input_file_ref idref="fl-2"/>
      </object_component>
      <object_component id="oc-1f0">
         <name>.debug_line</name>
         <load_address>0x1c9</load_address>
         <run_address>0x1c9</run_address>
         <size>0x31</size>
         <input_file_ref idref="fl-3"/>
      </object_component>
      <object_component id="oc-10a">
         <name>.debug_line</name>
         <load_address>0x1fa</load_address>
         <run_address>0x1fa</run_address>
         <size>0x79</size>
         <input_file_ref idref="fl-3"/>
      </object_component>
      <object_component id="oc-a2">
         <name>.debug_line</name>
         <load_address>0x273</load_address>
         <run_address>0x273</run_address>
         <size>0x6d</size>
         <input_file_ref idref="fl-3"/>
      </object_component>
      <object_component id="oc-118">
         <name>.debug_line</name>
         <load_address>0x2e0</load_address>
         <run_address>0x2e0</run_address>
         <size>0x20</size>
         <input_file_ref idref="fl-3"/>
      </object_component>
      <object_component id="oc-b3">
         <name>.debug_line</name>
         <load_address>0x300</load_address>
         <run_address>0x300</run_address>
         <size>0x6b</size>
         <input_file_ref idref="fl-3"/>
      </object_component>
      <object_component id="oc-13c">
         <name>.debug_line</name>
         <load_address>0x36b</load_address>
         <run_address>0x36b</run_address>
         <size>0x68</size>
         <input_file_ref idref="fl-3"/>
      </object_component>
      <object_component id="oc-16c">
         <name>.debug_line</name>
         <load_address>0x3d3</load_address>
         <run_address>0x3d3</run_address>
         <size>0x68</size>
         <input_file_ref idref="fl-3"/>
      </object_component>
      <object_component id="oc-1e4">
         <name>.debug_line</name>
         <load_address>0x43b</load_address>
         <run_address>0x43b</run_address>
         <size>0x64</size>
         <input_file_ref idref="fl-3"/>
      </object_component>
      <object_component id="oc-29f">
         <name>.debug_line</name>
         <load_address>0x49f</load_address>
         <run_address>0x49f</run_address>
         <size>0x6c</size>
         <input_file_ref idref="fl-4"/>
      </object_component>
      <object_component id="oc-29d">
         <name>.debug_line</name>
         <load_address>0x50b</load_address>
         <run_address>0x50b</run_address>
         <size>0x36</size>
         <input_file_ref idref="fl-4"/>
      </object_component>
      <object_component id="oc-1fb">
         <name>.debug_line</name>
         <load_address>0x541</load_address>
         <run_address>0x541</run_address>
         <size>0x25e</size>
         <input_file_ref idref="fl-4"/>
      </object_component>
      <object_component id="oc-2ad">
         <name>.debug_line</name>
         <load_address>0x79f</load_address>
         <run_address>0x79f</run_address>
         <size>0x6f</size>
         <input_file_ref idref="fl-4"/>
      </object_component>
      <object_component id="oc-2a8">
         <name>.debug_line</name>
         <load_address>0x80e</load_address>
         <run_address>0x80e</run_address>
         <size>0x36</size>
         <input_file_ref idref="fl-4"/>
      </object_component>
      <object_component id="oc-1bd">
         <name>.debug_line</name>
         <load_address>0x844</load_address>
         <run_address>0x844</run_address>
         <size>0xa8</size>
         <input_file_ref idref="fl-5"/>
      </object_component>
      <object_component id="oc-1f4">
         <name>.debug_line</name>
         <load_address>0x8ec</load_address>
         <run_address>0x8ec</run_address>
         <size>0x30</size>
         <input_file_ref idref="fl-5"/>
      </object_component>
      <object_component id="oc-1f2">
         <name>.debug_line</name>
         <load_address>0x91c</load_address>
         <run_address>0x91c</run_address>
         <size>0x30</size>
         <input_file_ref idref="fl-5"/>
      </object_component>
      <object_component id="oc-95">
         <name>.debug_line</name>
         <load_address>0x94c</load_address>
         <run_address>0x94c</run_address>
         <size>0x8c</size>
         <input_file_ref idref="fl-5"/>
      </object_component>
      <object_component id="oc-e0">
         <name>.debug_line</name>
         <load_address>0x9d8</load_address>
         <run_address>0x9d8</run_address>
         <size>0x67</size>
         <input_file_ref idref="fl-5"/>
      </object_component>
      <object_component id="oc-12d">
         <name>.debug_line</name>
         <load_address>0xa3f</load_address>
         <run_address>0xa3f</run_address>
         <size>0x6a</size>
         <input_file_ref idref="fl-5"/>
      </object_component>
      <object_component id="oc-137">
         <name>.debug_line</name>
         <load_address>0xaa9</load_address>
         <run_address>0xaa9</run_address>
         <size>0x6a</size>
         <input_file_ref idref="fl-5"/>
      </object_component>
      <object_component id="oc-141">
         <name>.debug_line</name>
         <load_address>0xb13</load_address>
         <run_address>0xb13</run_address>
         <size>0x6b</size>
         <input_file_ref idref="fl-5"/>
      </object_component>
      <object_component id="oc-146">
         <name>.debug_line</name>
         <load_address>0xb7e</load_address>
         <run_address>0xb7e</run_address>
         <size>0x6b</size>
         <input_file_ref idref="fl-5"/>
      </object_component>
      <object_component id="oc-20e">
         <name>.debug_line</name>
         <load_address>0xbe9</load_address>
         <run_address>0xbe9</run_address>
         <size>0x55</size>
         <input_file_ref idref="fl-6"/>
      </object_component>
      <object_component id="oc-20a">
         <name>.debug_line</name>
         <load_address>0xc3e</load_address>
         <run_address>0xc3e</run_address>
         <size>0x30</size>
         <input_file_ref idref="fl-6"/>
      </object_component>
      <object_component id="oc-208">
         <name>.debug_line</name>
         <load_address>0xc6e</load_address>
         <run_address>0xc6e</run_address>
         <size>0x30</size>
         <input_file_ref idref="fl-6"/>
      </object_component>
      <object_component id="oc-10c">
         <name>.debug_line</name>
         <load_address>0xc9e</load_address>
         <run_address>0xc9e</run_address>
         <size>0xee</size>
         <input_file_ref idref="fl-6"/>
      </object_component>
      <object_component id="oc-20c">
         <name>.debug_line</name>
         <load_address>0xd8c</load_address>
         <run_address>0xd8c</run_address>
         <size>0x68</size>
         <input_file_ref idref="fl-7"/>
      </object_component>
      <object_component id="oc-1a8">
         <name>.debug_line</name>
         <load_address>0xdf4</load_address>
         <run_address>0xdf4</run_address>
         <size>0x290</size>
         <input_file_ref idref="fl-7"/>
      </object_component>
      <object_component id="oc-204">
         <name>.debug_line</name>
         <load_address>0x1084</load_address>
         <run_address>0x1084</run_address>
         <size>0x32</size>
         <input_file_ref idref="fl-7"/>
      </object_component>
      <object_component id="oc-1ee">
         <name>.debug_line</name>
         <load_address>0x10b6</load_address>
         <run_address>0x10b6</run_address>
         <size>0x20</size>
         <input_file_ref idref="fl-8"/>
      </object_component>
      <object_component id="oc-100">
         <name>.debug_line</name>
         <load_address>0x10d6</load_address>
         <run_address>0x10d6</run_address>
         <size>0x263</size>
         <input_file_ref idref="fl-8"/>
      </object_component>
      <object_component id="oc-1ad">
         <name>.debug_line</name>
         <load_address>0x1339</load_address>
         <run_address>0x1339</run_address>
         <size>0x70</size>
         <input_file_ref idref="fl-9"/>
      </object_component>
      <object_component id="oc-1f6">
         <name>.debug_line</name>
         <load_address>0x13a9</load_address>
         <run_address>0x13a9</run_address>
         <size>0x58</size>
         <input_file_ref idref="fl-a"/>
      </object_component>
      <object_component id="oc-1cd">
         <name>.debug_line</name>
         <load_address>0x1401</load_address>
         <run_address>0x1401</run_address>
         <size>0x20</size>
         <input_file_ref idref="fl-b"/>
      </object_component>
      <object_component id="oc-ae">
         <name>.debug_line</name>
         <load_address>0x1421</load_address>
         <run_address>0x1421</run_address>
         <size>0x68</size>
         <input_file_ref idref="fl-b"/>
      </object_component>
      <object_component id="oc-162">
         <name>.debug_line</name>
         <load_address>0x1489</load_address>
         <run_address>0x1489</run_address>
         <size>0x68</size>
         <input_file_ref idref="fl-b"/>
      </object_component>
      <object_component id="oc-132">
         <name>.debug_line</name>
         <load_address>0x14f1</load_address>
         <run_address>0x14f1</run_address>
         <size>0x68</size>
         <input_file_ref idref="fl-b"/>
      </object_component>
      <object_component id="oc-14b">
         <name>.debug_line</name>
         <load_address>0x1559</load_address>
         <run_address>0x1559</run_address>
         <size>0x68</size>
         <input_file_ref idref="fl-b"/>
      </object_component>
      <object_component id="oc-17c">
         <name>.debug_line</name>
         <load_address>0x15c1</load_address>
[...]
      </symbol>
      <symbol id="sm-44e">
         <name>sciRxError</name>
         <value>0x2404</value>
         <object_component_ref idref="oc-f9"/>
      </symbol>
      <symbol id="sm-44f">
         <name>sciReceiveByte</name>
         <value>0x2434</value>
         <object_component_ref idref="oc-f9"/>
      </symbol>
      <symbol id="sm-450">
         <name>sciSendByte</name>
         <value>0x2238</value>
         <object_component_ref idref="oc-f9"/>
      </symbol>
      <symbol id="sm-451">
         <name>sciEnableLoopback</name>
         <value>0x2568</value>
         <object_component_ref idref="oc-f9"/>
      </symbol>
      <symbol id="sm-452">
         <name>sciIsIdleDetected</name>
         <value>0x23e8</value>
         <object_component_ref idref="oc-f9"/>
      </symbol>
      <symbol id="sm-47e">
         <name>_iCacheInvalidate_</name>
         <value>0x66f8</value>
         <object_component_ref idref="oc-6f"/>
      </symbol>
      <symbol id="sm-47f">
         <name>_disable_IRQ_interrupt_</name>
         <value>0x6594</value>
         <object_component_ref idref="oc-6f"/>
      </symbol>
      <symbol id="sm-480">
         <name>_coreGetInstructionFaultAddress_</name>
         <value>0x6558</value>
         <object_component_ref idref="oc-6f"/>
      </symbol>
      <symbol id="sm-481">
         <name>_coreGetDataFault_</name>
         <value>0x651c</value>
         <object_component_ref idref="oc-6f"/>
      </symbol>
      <symbol id="sm-482">
         <name>_coreDisableEventBusExport_</name>
         <value>0x64fc</value>
         <object_component_ref idref="oc-6f"/>
      </symbol>
      <symbol id="sm-483">
         <name>_coreClearDataFaultAddress_</name>
         <value>0x654c</value>
         <object_component_ref idref="oc-6f"/>
      </symbol>
      <symbol id="sm-484">
         <name>__TI_PINIT_Base</name>
         <value>0x670c</value>
         <object_component_ref idref="oc-6f"/>
      </symbol>
      <symbol id="sm-485">
         <name>_coreInitRegisters_</name>
         <value>0x635c</value>
         <object_component_ref idref="oc-6f"/>
      </symbol>
      <symbol id="sm-486">
         <name>_coreClearInstructionFaultAddress_</name>
         <value>0x6560</value>
         <object_component_ref idref="oc-6f"/>
      </symbol>
      <symbol id="sm-487">
         <name>_coreClearDataFault_</name>
         <value>0x6524</value>
         <object_component_ref idref="oc-6f"/>
      </symbol>
      <symbol id="sm-488">
         <name>_coreGetAuxiliaryDataFault_</name>
         <value>0x656c</value>
         <object_component_ref idref="oc-6f"/>
      </symbol>
      <symbol id="sm-489">
         <name>_enable_interrupt_</name>
         <value>0x65a4</value>
         <object_component_ref idref="oc-6f"/>
      </symbol>
      <symbol id="sm-48a">
         <name>_coreClearAuxiliaryInstructionFault_</name>
         <value>0x6588</value>
         <object_component_ref idref="oc-6f"/>
      </symbol>
      <symbol id="sm-48b">
         <name>_memInit_</name>
         <value>0x6634</value>
         <object_component_ref idref="oc-6f"/>
      </symbol>
      <symbol id="sm-48c">
         <name>_dCacheInvalidate_</name>
         <value>0x66e4</value>
         <object_component_ref idref="oc-6f"/>
      </symbol>
      <symbol id="sm-48d">
         <name>_coreGetDataFaultAddress_</name>
         <value>0x6544</value>
         <object_component_ref idref="oc-6f"/>
      </symbol>
      <symbol id="sm-48e">
         <name>_coreClearInstructionFault_</name>
         <value>0x6538</value>
         <object_component_ref idref="oc-6f"/>
      </symbol>
      <symbol id="sm-48f">
         <name>_getCPSRValue_</name>
         <value>0x64b4</value>
         <object_component_ref idref="oc-6f"/>
      </symbol>
      <symbol id="sm-490">
         <name>_cacheDisable_</name>
         <value>0x66c0</value>
         <object_component_ref idref="oc-6f"/>
      </symbol>
      <symbol id="sm-491">
         <name>_enable_IRQ_interrupt_</name>
         <value>0x659c</value>
         <object_component_ref idref="oc-6f"/>
      </symbol>
      <symbol id="sm-492">
         <name>__TI_PINIT_Limit</name>
         <value>0x6710</value>
         <object_component_ref idref="oc-6f"/>
      </symbol>
      <symbol id="sm-493">
         <name>_coreGetAuxiliaryInstructionFault_</name>
         <value>0x6580</value>
         <object_component_ref idref="oc-6f"/>
      </symbol>
      <symbol id="sm-494">
         <name>_coreInitStackPointer_</name>
         <value>0x6468</value>
         <object_component_ref idref="oc-6f"/>
      </symbol>
      <symbol id="sm-495">
         <name>_esmCcmErrorsClear_</name>
         <value>0x65ac</value>
         <object_component_ref idref="oc-6f"/>
      </symbol>
      <symbol id="sm-496">
         <name>_gotoCPUIdle_</name>
         <value>0x64bc</value>
         <object_component_ref idref="oc-6f"/>
      </symbol>
      <symbol id="sm-497">
         <name>_coreEnableIrqVicOffset_</name>
         <value>0x650c</value>
         <object_component_ref idref="oc-6f"/>
      </symbol>
      <symbol id="sm-498">
         <name>_coreGetInstructionFault_</name>
         <value>0x6530</value>
         <object_component_ref idref="oc-6f"/>
      </symbol>
      <symbol id="sm-499">
         <name>_cacheEnable_</name>
         <value>0x6688</value>
         <object_component_ref idref="oc-6f"/>
      </symbol>
      <symbol id="sm-49a">
         <name>_coreEnableVfp_</name>
         <value>0x64d4</value>
         <object_component_ref idref="oc-6f"/>
      </symbol>
      <symbol id="sm-49b">
         <name>_coreClearAuxiliaryDataFault_</name>
         <value>0x6574</value>
         <object_component_ref idref="oc-6f"/>
      </symbol>
      <symbol id="sm-49c">
         <name>_coreEnableEventBusExport_</name>
         <value>0x64ec</value>
         <object_component_ref idref="oc-6f"/>
      </symbol>
      <symbol id="sm-49d">
         <name>_checkMemInitOn_</name>
         <value>0x6668</value>
         <object_component_ref idref="oc-6f"/>
      </symbol>
      <symbol id="sm-4ab">
         <name>resetEntry</name>
         <value>0x0</value>
         <object_component_ref idref="oc-33"/>
      </symbol>
      <symbol id="sm-4c6">
         <name>_mpuSetRegionBaseAddress_</name>
         <value>0x6a44</value>
         <object_component_ref idref="oc-86"/>
      </symbol>
      <symbol id="sm-4c7">
         <name>_mpuInit_</name>
         <value>0x6714</value>
         <object_component_ref idref="oc-86"/>
      </symbol>
      <symbol id="sm-4c8">
         <name>_mpuSetRegionSizeRegister_</name>
         <value>0x6a78</value>
         <object_component_ref idref="oc-86"/>
      </symbol>
      <symbol id="sm-4c9">
         <name>_mpuDisableBackgroundRegion_</name>
         <value>0x6a0c</value>
         <object_component_ref idref="oc-86"/>
      </symbol>
      <symbol id="sm-4ca">
         <name>_mpuSetRegionTypeAndPermission_</name>
         <value>0x6a54</value>
         <object_component_ref idref="oc-86"/>
      </symbol>
      <symbol id="sm-4cb">
         <name>_mpuGetRegionPermission_</name>
         <value>0x6a6c</value>
         <object_component_ref idref="oc-86"/>
      </symbol>
      <symbol id="sm-4cc">
         <name>_mpuEnable_</name>
         <value>0x69cc</value>
         <object_component_ref idref="oc-86"/>
      </symbol>
      <symbol id="sm-4cd">
         <name>_mpuGetNumberOfRegions_</name>
         <value>0x6a1c</value>
         <object_component_ref idref="oc-86"/>
      </symbol>
      <symbol id="sm-4ce">
         <name>_mpuAreRegionsSeparate_</name>
         <value>0x6a28</value>
         <object_component_ref idref="oc-86"/>
      </symbol>
      <symbol id="sm-4cf">
         <name>_mpuEnableBackgroundRegion_</name>
         <value>0x69fc</value>
         <object_component_ref idref="oc-86"/>
      </symbol>
      <symbol id="sm-4d0">
         <name>_mpuGetRegionType_</name>
         <value>0x6a60</value>
         <object_component_ref idref="oc-86"/>
      </symbol>
      <symbol id="sm-4d1">
         <name>_mpuDisable_</name>
         <value>0x69e4</value>
         <object_component_ref idref="oc-86"/>
      </symbol>
      <symbol id="sm-4d2">
         <name>_mpuGetRegionBaseAddress_</name>
         <value>0x6a4c</value>
         <object_component_ref idref="oc-86"/>
      </symbol>
      <symbol id="sm-4d3">
         <name>_mpuSetRegion_</name>
         <value>0x6a34</value>
         <object_component_ref idref="oc-86"/>
      </symbol>
      <symbol id="sm-4d4">
         <name>_mpuGetRegion_</name>
         <value>0x6a3c</value>
         <object_component_ref idref="oc-86"/>
      </symbol>
      <symbol id="sm-4e7">
         <name>phantomInterrupt</name>
         <value>0x81e4</value>
         <object_component_ref idref="oc-38"/>
      </symbol>
      <symbol id="sm-4fb">
         <name>_c_int00</name>
         <value>0x7a18</value>
         <object_component_ref idref="oc-1e"/>
      </symbol>
      <symbol id="sm-59d">
         <name>vimChannelMap</name>
         <value>0x3e68</value>
         <object_component_ref idref="oc-40"/>
      </symbol>
      <symbol id="sm-59e">
         <name>vimInit</name>
         <value>0x3d94</value>
         <object_component_ref idref="oc-40"/>
      </symbol>
      <symbol id="sm-59f">
         <name>vimEnableInterrupt</name>
         <value>0x3f0c</value>
         <object_component_ref idref="oc-40"/>
      </symbol>
      <symbol id="sm-5a0">
         <name>vimDisableInterrupt</name>
         <value>0x40d4</value>
         <object_component_ref idref="oc-40"/>
      </symbol>
      <symbol id="sm-5a1">
         <name>vimGetConfigValue</name>
         <value>0x4180</value>
         <object_component_ref idref="oc-40"/>
      </symbol>
      <symbol id="sm-5a2">
         <name>vimECCErrorHandler</name>
         <value>0x6a80</value>
         <object_component_ref idref="oc-3e"/>
      </symbol>
      <symbol id="sm-5f1">
         <name>systemGetConfigValue</name>
         <value>0x38cc</value>
         <object_component_ref idref="oc-7a"/>
      </symbol>
      <symbol id="sm-5f2">
         <name>trimLPO</name>
         <value>0x3474</value>
         <object_component_ref idref="oc-7a"/>
      </symbol>
      <symbol id="sm-5f3">
         <name>systemInit</name>
         <value>0x36dc</value>
         <object_component_ref idref="oc-7a"/>
      </symbol>
      <symbol id="sm-5f4">
         <name>periphInit</name>
         <value>0x34fc</value>
         <object_component_ref idref="oc-7a"/>
      </symbol>
      <symbol id="sm-5f5">
         <name>setupFlash</name>
         <value>0x34bc</value>
         <object_component_ref idref="oc-7a"/>
      </symbol>
      <symbol id="sm-5f6">
         <name>setupPLL</name>
         <value>0x3414</value>
         <object_component_ref idref="oc-7a"/>
      </symbol>
      <symbol id="sm-5f7">
         <name>getResetSource</name>
         <value>0x3780</value>
         <object_component_ref idref="oc-7a"/>
      </symbol>
      <symbol id="sm-5f8">
         <name>mapClocks</name>
         <value>0x35b0</value>
         <object_component_ref idref="oc-7a"/>
      </symbol>
      <symbol id="sm-5f9">
         <name>systemPowerDown</name>
         <value>0x3750</value>
         <object_component_ref idref="oc-7a"/>
      </symbol>
      <symbol id="sm-619">
         <name>Fapi_issueAsyncCommandWithAddress</name>
         <value>0x80a5</value>
         <object_component_ref idref="oc-237"/>
      </symbol>
      <symbol id="sm-625">
         <name>Fapi_enableAutoEccCalculation</name>
         <value>0x8171</value>
         <object_component_ref idref="oc-225"/>
      </symbol>
      <symbol id="sm-636">
         <name>Fapi_enableMainBankSectors</name>
         <value>0x7dd9</value>
         <object_component_ref idref="oc-231"/>
      </symbol>
      <symbol id="sm-659">
         <name>Fapi_initializeFlashBanks</name>
         <value>0x6dcd</value>
         <object_component_ref idref="oc-21f"/>
      </symbol>
      <symbol id="sm-668">
         <name>_Fapi_issueFsmCommand</name>
         <value>0x8031</value>
         <object_component_ref idref="oc-279"/>
      </symbol>
      <symbol id="sm-685">
         <name>_scaleMainFclk</name>
         <value>0x81b9</value>
         <object_component_ref idref="oc-25a"/>
      </symbol>
      <symbol id="sm-686">
         <name>_scaleEEFclk</name>
         <value>0x81a9</value>
         <object_component_ref idref="oc-260"/>
      </symbol>
      <symbol id="sm-6a0">
         <name>Fapi_setActiveFlashBank</name>
         <value>0x71ad</value>
         <object_component_ref idref="oc-22b"/>
      </symbol>
      <symbol id="sm-6c2">
         <name>Fapi_issueProgrammingCommand</name>
         <value>0x74a1</value>
         <object_component_ref idref="oc-23d"/>
      </symbol>
      <symbol id="sm-6d2">
         <name>Fapi_doMarginReadByByte</name>
         <value>0x7ff1</value>
         <object_component_ref idref="oc-243"/>
      </symbol>
      <symbol id="sm-6e0">
         <name>_Fapi_checkWdService</name>
         <value>0x81c9</value>
         <object_component_ref idref="oc-28e"/>
      </symbol>
      <symbol id="sm-6ef">
         <name>Fapi_calculateFletcherChecksum</name>
         <value>0x7fb1</value>
         <object_component_ref idref="oc-24e"/>
      </symbol>
      <symbol id="sm-6fe">
         <name>Fapi_getNumberOfBankSectors</name>
         <value>0x8199</value>
         <object_component_ref idref="oc-271"/>
      </symbol>
      <symbol id="sm-71b">
         <name>_Fapi_enterMarginMode</name>
         <value>0x7e49</value>
         <object_component_ref idref="oc-288"/>
      </symbol>
      <symbol id="sm-71c">
         <name>_Fapi_exitMarginMode</name>
         <value>0x8105</value>
         <object_component_ref idref="oc-294"/>
      </symbol>
      <symbol id="sm-728">
         <name>Fapi_flushPipeline</name>
         <value>0x806d</value>
         <object_component_ref idref="oc-2cf"/>
      </symbol>
      <symbol id="sm-738">
         <name>Fapi_waitDelay</name>
         <value>0x80d5</value>
         <object_component_ref idref="oc-2eb"/>
      </symbol>
      <symbol id="sm-75d">
         <name>__TI_auto_init</name>
         <value>0x7b80</value>
         <object_component_ref idref="oc-8b"/>
      </symbol>
      <symbol id="sm-774">
         <name>__TI_decompress_none</name>
         <value>0x8184</value>
         <object_component_ref idref="oc-c"/>
      </symbol>
      <symbol id="sm-795">
         <name>__TI_decompress_rle24</name>
         <value>0x81dc</value>
         <object_component_ref idref="oc-12"/>
      </symbol>
      <symbol id="sm-7b0">
         <name>copy_in</name>
         <value>0x7d54</value>
         <object_component_ref idref="oc-eb"/>
      </symbol>
      <symbol id="sm-7d1">
         <name>C$$EXIT</name>
         <value>0x7cc4</value>
         <object_component_ref idref="oc-97"/>
      </symbol>
      <symbol id="sm-7d2">
         <name>abort</name>
         <value>0x7ccc</value>
         <object_component_ref idref="oc-97"/>
      </symbol>
      <symbol id="sm-7d3">
         <name>exit</name>
         <value>0x7cd8</value>
         <object_component_ref idref="oc-97"/>
      </symbol>
      <symbol id="sm-7d4">
         <name>__TI_dtors_ptr</name>
         <value>0x8001924</value>
         <object_component_ref idref="oc-11f"/>
      </symbol>
      <symbol id="sm-7d5">
         <name>__TI_cleanup_ptr</name>
         <value>0x8001920</value>
         <object_component_ref idref="oc-11f"/>
      </symbol>
      <symbol id="sm-7d6">
         <name>__TI_enable_exit_profile_output</name>
         <value>0x8001928</value>
         <object_component_ref idref="oc-11f"/>
      </symbol>
      <symbol id="sm-7ef">
         <name>memcpy</name>
         <value>0x702c</value>
         <object_component_ref idref="oc-4a"/>
      </symbol>
      <symbol id="sm-7f0">
         <name>__aeabi_memcpy</name>
         <value>0x702c</value>
         <object_component_ref idref="oc-4a"/>
      </symbol>
      <symbol id="sm-7f1">
         <name>__aeabi_memcpy8</name>
         <value>0x702c</value>
         <object_component_ref idref="oc-4a"/>
      </symbol>
      <symbol id="sm-7f2">
         <name>__aeabi_memcpy4</name>
         <value>0x702c</value>
         <object_component_ref idref="oc-4a"/>
      </symbol>
      <symbol id="sm-801">
         <name>__aeabi_memset</name>
         <value>0x7ad4</value>
         <object_component_ref idref="oc-63"/>
      </symbol>
      <symbol id="sm-802">
         <name>memset</name>
         <value>0x7ae0</value>
         <object_component_ref idref="oc-63"/>
      </symbol>
      <symbol id="sm-803">
         <name>__aeabi_memset8</name>
         <value>0x7ad4</value>
         <object_component_ref idref="oc-63"/>
      </symbol>
      <symbol id="sm-804">
         <name>__aeabi_memset4</name>
         <value>0x7ad4</value>
         <object_component_ref idref="oc-63"/>
      </symbol>
      <symbol id="sm-805">
         <name>__aeabi_memclr8</name>
         <value>0x7ad0</value>
         <object_component_ref idref="oc-63"/>
      </symbol>
      <symbol id="sm-806">
         <name>__aeabi_memclr4</name>
         <value>0x7ad0</value>
         <object_component_ref idref="oc-63"/>
      </symbol>
      <symbol id="sm-807">
         <name>__aeabi_memclr</name>
         <value>0x7ad0</value>
         <object_component_ref idref="oc-63"/>
      </symbol>
      <symbol id="sm-811">
         <name>_system_post_cinit</name>
         <value>0x81ec</value>
         <object_component_ref idref="oc-f1"/>
      </symbol>
      <symbol id="sm-81d">
         <name>__aeabi_uidivmod</name>
         <value>0x7f60</value>
         <object_component_ref idref="oc-191"/>
      </symbol>
      <symbol id="sm-81e">
         <name>__aeabi_uidiv</name>
         <value>0x7f60</value>
         <object_component_ref idref="oc-191"/>
      </symbol>
      <symbol id="sm-838">
         <name>_nop</name>
         <value>0x8148</value>
         <object_component_ref idref="oc-1c0"/>
      </symbol>
      <symbol id="sm-839">
         <name>_lock</name>
         <value>0x800192c</value>
         <object_component_ref idref="oc-122"/>
      </symbol>
      <symbol id="sm-83a">
         <name>_unlock</name>
         <value>0x8001930</value>
         <object_component_ref idref="oc-122"/>
      </symbol>
      <symbol id="sm-83b">
         <name>_register_lock</name>
         <value>0x813c</value>
         <object_component_ref idref="oc-1c0"/>
      </symbol>
      <symbol id="sm-83c">
         <name>_register_unlock</name>
         <value>0x8130</value>
         <object_component_ref idref="oc-1c0"/>
      </symbol>
      <symbol id="sm-846">
         <name>__aeabi_idiv0</name>
         <value>0x81e8</value>
         <object_component_ref idref="oc-1e6"/>
      </symbol>
      <symbol id="sm-847">
         <name>__TI_static_base__</name>
         <value>0x0</value>
      </symbol>
      <symbol id="sm-84c">
         <name>SHT$$INIT_ARRAY$$Base</name>
         <value>0x0</value>
      </symbol>
      <symbol id="sm-84d">
         <name>SHT$$INIT_ARRAY$$Limit</name>
         <value>0x0</value>
      </symbol>
   </symbol_table>
   <title>Link successful</title>
</link_info>
