<?xml version="1.0" encoding="ISO-8859-1" ?>
<link_info>
   <banner>TI ARM Linker PC v20.2.1.LTS</banner>
   <copyright>Copyright (c) 1996-2018 Texas Instruments Incorporated</copyright>
   <link_time>0x5fa0c33a</link_time>
   <link_errors>0x0</link_errors>
   <output_file>TMS570LC4357_UART_Boot.out</output_file>
   <entry_point>
      <name>_c_int00</name>
      <address>0x74b8</address>
   </entry_point>
   <input_file_list>
      <input_file id="fl-2">
         <path>.\</path>
         <kind>object</kind>
         <file>Fapi_UserDefinedFunctions.obj</file>
         <name>Fapi_UserDefinedFunctions.obj</name>
      </input_file>
      <input_file id="fl-3">
         <path>.\</path>
         <kind>object</kind>
         <file>bl_check.obj</file>
         <name>bl_check.obj</name>
      </input_file>
      <input_file id="fl-4">
         <path>.\</path>
         <kind>object</kind>
         <file>bl_flash.obj</file>
         <name>bl_flash.obj</name>
      </input_file>
      <input_file id="fl-5">
         <path>.\</path>
         <kind>object</kind>
         <file>bl_main.obj</file>
         <name>bl_main.obj</name>
      </input_file>
      <input_file id="fl-6">
         <path>.\</path>
         <kind>object</kind>
         <file>bl_uart.obj</file>
         <name>bl_uart.obj</name>
      </input_file>
      <input_file id="fl-7">
         <path>.\</path>
         <kind>object</kind>
         <file>bl_ymodem.obj</file>
         <name>bl_ymodem.obj</name>
      </input_file>
      <input_file id="fl-8">
         <path>.\</path>
         <kind>object</kind>
         <file>sci_common.obj</file>
         <name>sci_common.obj</name>
      </input_file>
      <input_file id="fl-9">
         <path>.\</path>
         <kind>object</kind>
         <file>sw_hw_ver.obj</file>
         <name>sw_hw_ver.obj</name>
      </input_file>
      <input_file id="fl-a">
         <path>.\</path>
         <kind>object</kind>
         <file>ymodem_crc16.obj</file>
         <name>ymodem_crc16.obj</name>
      </input_file>
      <input_file id="fl-b">
         <path>.\source\</path>
         <kind>object</kind>
         <file>HL_epc.obj</file>
         <name>HL_epc.obj</name>
      </input_file>
      <input_file id="fl-c">
         <path>.\source\</path>
         <kind>object</kind>
         <file>HL_errata.obj</file>
         <name>HL_errata.obj</name>
      </input_file>
      <input_file id="fl-d">
         <path>.\source\</path>
         <kind>object</kind>
         <file>HL_errata_SSWF021_45.obj</file>
         <name>HL_errata_SSWF021_45.obj</name>
      </input_file>
      <input_file id="fl-e">
         <path>.\source\</path>
         <kind>object</kind>
         <file>HL_esm.obj</file>
         <name>HL_esm.obj</name>
      </input_file>
      <input_file id="fl-f">
         <path>.\source\</path>
         <kind>object</kind>
         <file>HL_gio.obj</file>
         <name>HL_gio.obj</name>
      </input_file>
      <input_file id="fl-10">
         <path>.\source\</path>
         <kind>object</kind>
         <file>HL_nmpu.obj</file>
         <name>HL_nmpu.obj</name>
      </input_file>
      <input_file id="fl-11">
         <path>.\source\</path>
         <kind>object</kind>
         <file>HL_notification.obj</file>
         <name>HL_notification.obj</name>
      </input_file>
      <input_file id="fl-12">
         <path>.\source\</path>
         <kind>object</kind>
         <file>HL_pinmux.obj</file>
         <name>HL_pinmux.obj</name>
      </input_file>
      <input_file id="fl-13">
         <path>.\source\</path>
         <kind>object</kind>
         <file>HL_rti.obj</file>
         <name>HL_rti.obj</name>
      </input_file>
      <input_file id="fl-14">
         <path>.\source\</path>
         <kind>object</kind>
         <file>HL_sci.obj</file>
         <name>HL_sci.obj</name>
      </input_file>
      <input_file id="fl-15">
         <path>.\source\</path>
         <kind>object</kind>
         <file>HL_sys_core.obj</file>
         <name>HL_sys_core.obj</name>
      </input_file>
      <input_file id="fl-16">
         <path>.\source\</path>
         <kind>object</kind>
         <file>HL_sys_dma.obj</file>
         <name>HL_sys_dma.obj</name>
      </input_file>
      <input_file id="fl-17">
         <path>.\source\</path>
         <kind>object</kind>
         <file>HL_sys_intvecs.obj</file>
         <name>HL_sys_intvecs.obj</name>
      </input_file>
      <input_file id="fl-18">
         <path>.\source\</path>
         <kind>object</kind>
         <file>HL_sys_mpu.obj</file>
         <name>HL_sys_mpu.obj</name>
      </input_file>
      <input_file id="fl-19">
         <path>.\source\</path>
         <kind>object</kind>
         <file>HL_sys_pcr.obj</file>
         <name>HL_sys_pcr.obj</name>
      </input_file>
      <input_file id="fl-1a">
         <path>.\source\</path>
         <kind>object</kind>
         <file>HL_sys_phantom.obj</file>
         <name>HL_sys_phantom.obj</name>
      </input_file>
      <input_file id="fl-1b">
         <path>.\source\</path>
         <kind>object</kind>
         <file>HL_sys_pmm.obj</file>
         <name>HL_sys_pmm.obj</name>
      </input_file>
      <input_file id="fl-1c">
         <path>.\source\</path>
         <kind>object</kind>
         <file>HL_sys_pmu.obj</file>
         <name>HL_sys_pmu.obj</name>
      </input_file>
      <input_file id="fl-1d">
         <path>.\source\</path>
         <kind>object</kind>
         <file>HL_sys_startup.obj</file>
         <name>HL_sys_startup.obj</name>
      </input_file>
      <input_file id="fl-1e">
         <path>.\source\</path>
         <kind>object</kind>
         <file>HL_sys_vim.obj</file>
         <name>HL_sys_vim.obj</name>
      </input_file>
      <input_file id="fl-1f">
         <path>.\source\</path>
         <kind>object</kind>
         <file>HL_system.obj</file>
         <name>HL_system.obj</name>
      </input_file>
      <input_file id="fl-27">
         <kind>object</kind>
         <file>&lt;internal&gt;</file>
         <name>&lt;internal&gt;</name>
      </input_file>
      <input_file id="fl-28">
         <path>..\lib\</path>
         <kind>archive</kind>
         <file>F021_API_CortexR4_BE_L2FMC.lib</file>
         <name>Async.WithAddress.obj</name>
      </input_file>
      <input_file id="fl-29">
         <path>..\lib\</path>
         <kind>archive</kind>
         <file>F021_API_CortexR4_BE_L2FMC.lib</file>
         <name>FlashStateMachine.AutoEccGeneration.obj</name>
      </input_file>
      <input_file id="fl-2a">
         <path>..\lib\</path>
         <kind>archive</kind>
         <file>F021_API_CortexR4_BE_L2FMC.lib</file>
         <name>FlashStateMachine.EnableMainSectors.obj</name>
      </input_file>
      <input_file id="fl-2b">
         <path>..\lib\</path>
         <kind>archive</kind>
         <file>F021_API_CortexR4_BE_L2FMC.lib</file>
         <name>FlashStateMachine.InitializeFlashBanks.obj</name>
      </input_file>
      <input_file id="fl-2c">
         <path>..\lib\</path>
         <kind>archive</kind>
         <file>F021_API_CortexR4_BE_L2FMC.lib</file>
         <name>FlashStateMachine.IssueFsmCommand.obj</name>
      </input_file>
      <input_file id="fl-2d">
         <path>..\lib\</path>
         <kind>archive</kind>
         <file>F021_API_CortexR4_BE_L2FMC.lib</file>
         <name>FlashStateMachine.ScaleFclk.obj</name>
      </input_file>
      <input_file id="fl-2e">
         <path>..\lib\</path>
         <kind>archive</kind>
         <file>F021_API_CortexR4_BE_L2FMC.lib</file>
         <name>FlashStateMachine.SetActiveBank.obj</name>
      </input_file>
      <input_file id="fl-2f">
         <path>..\lib\</path>
         <kind>archive</kind>
         <file>F021_API_CortexR4_BE_L2FMC.lib</file>
         <name>Program.obj</name>
      </input_file>
      <input_file id="fl-30">
         <path>..\lib\</path>
         <kind>archive</kind>
         <file>F021_API_CortexR4_BE_L2FMC.lib</file>
         <name>Read.MarginByByte.obj</name>
      </input_file>
      <input_file id="fl-31">
         <path>..\lib\</path>
         <kind>archive</kind>
         <file>F021_API_CortexR4_BE_L2FMC.lib</file>
         <name>Read.WdService.obj</name>
      </input_file>
      <input_file id="fl-32">
         <path>..\lib\</path>
         <kind>archive</kind>
         <file>F021_API_CortexR4_BE_L2FMC.lib</file>
         <name>Utilities.CalculateFletcher.obj</name>
      </input_file>
      <input_file id="fl-33">
         <path>..\lib\</path>
         <kind>archive</kind>
         <file>F021_API_CortexR4_BE_L2FMC.lib</file>
         <name>Utilities.GetNumberOfSectors.obj</name>
      </input_file>
      <input_file id="fl-34">
         <path>..\lib\</path>
         <kind>archive</kind>
         <file>F021_API_CortexR4_BE_L2FMC.lib</file>
         <name>Read.Common.obj</name>
      </input_file>
      <input_file id="fl-35">
         <path>..\lib\</path>
         <kind>archive</kind>
         <file>F021_API_CortexR4_BE_L2FMC.lib</file>
         <name>Read.FlushPipeline.obj</name>
      </input_file>
      <input_file id="fl-36">
         <path>..\lib\</path>
         <kind>archive</kind>
         <file>F021_API_CortexR4_BE_L2FMC.lib</file>
         <name>Utilities.WaitDelay.obj</name>
      </input_file>
      <input_file id="fl-37">
         <path>..\lib\</path>
         <kind>archive</kind>
         <file>F021_API_CortexR4_BE_L2FMC.lib</file>
         <name>FlashStateMachine.Hercules.IsEccAddress.obj</name>
      </input_file>
      <input_file id="fl-38">
         <path>C:\ti\ccs1010\ccs\tools\compiler\ti-cgt-arm_20.2.1.LTS\lib\</path>
         <kind>archive</kind>
         <file>rtsv7R4_T_be_v3D16_eabi.lib</file>
         <name>s_floor.c.obj</name>
      </input_file>
      <input_file id="fl-39">
         <path>C:\ti\ccs1010\ccs\tools\compiler\ti-cgt-arm_20.2.1.LTS\lib\</path>
         <kind>archive</kind>
         <file>rtsv7R4_T_be_v3D16_eabi.lib</file>
         <name>memset_t2.asm.obj</name>
      </input_file>
      <input_file id="fl-3a">
         <path>C:\ti\ccs1010\ccs\tools\compiler\ti-cgt-arm_20.2.1.LTS\lib\</path>
         <kind>archive</kind>
         <file>rtsv7R4_T_be_v3D16_eabi.lib</file>
         <name>memcpy_t2.asm.obj</name>
      </input_file>
      <input_file id="fl-3b">
         <path>C:\ti\ccs1010\ccs\tools\compiler\ti-cgt-arm_20.2.1.LTS\lib\</path>
         <kind>archive</kind>
         <file>rtsv7R4_T_be_v3D16_eabi.lib</file>
         <name>u_div32.asm.obj</name>
      </input_file>
      <input_file id="fl-3c">
         <path>C:\ti\ccs1010\ccs\tools\compiler\ti-cgt-arm_20.2.1.LTS\lib\</path>
         <kind>archive</kind>
         <file>rtsv7R4_T_be_v3D16_eabi.lib</file>
         <name>autoinit.c.obj</name>
      </input_file>
      <input_file id="fl-3d">
         <path>C:\ti\ccs1010\ccs\tools\compiler\ti-cgt-arm_20.2.1.LTS\lib\</path>
         <kind>archive</kind>
         <file>rtsv7R4_T_be_v3D16_eabi.lib</file>
         <name>cpy_tbl.c.obj</name>
      </input_file>
      <input_file id="fl-3e">
         <path>C:\ti\ccs1010\ccs\tools\compiler\ti-cgt-arm_20.2.1.LTS\lib\</path>
         <kind>archive</kind>
         <file>rtsv7R4_T_be_v3D16_eabi.lib</file>
         <name>copy_zero_init.c.obj</name>
      </input_file>
      <input_file id="fl-3f">
         <path>C:\ti\ccs1010\ccs\tools\compiler\ti-cgt-arm_20.2.1.LTS\lib\</path>
         <kind>archive</kind>
         <file>rtsv7R4_T_be_v3D16_eabi.lib</file>
         <name>copy_decompress_none.c.obj</name>
      </input_file>
      <input_file id="fl-40">
         <path>C:\ti\ccs1010\ccs\tools\compiler\ti-cgt-arm_20.2.1.LTS\lib\</path>
         <kind>archive</kind>
         <file>rtsv7R4_T_be_v3D16_eabi.lib</file>
         <name>copy_decompress_lzss.c.obj</name>
      </input_file>
      <input_file id="fl-41">
         <path>C:\ti\ccs1010\ccs\tools\compiler\ti-cgt-arm_20.2.1.LTS\lib\</path>
         <kind>archive</kind>
         <file>rtsv7R4_T_be_v3D16_eabi.lib</file>
         <name>exit.c.obj</name>
      </input_file>
      <input_file id="fl-42">
         <path>C:\ti\ccs1010\ccs\tools\compiler\ti-cgt-arm_20.2.1.LTS\lib\</path>
         <kind>archive</kind>
         <file>rtsv7R4_T_be_v3D16_eabi.lib</file>
         <name>_lock.c.obj</name>
      </input_file>
      <input_file id="fl-43">
         <path>C:\ti\ccs1010\ccs\tools\compiler\ti-cgt-arm_20.2.1.LTS\lib\</path>
         <kind>archive</kind>
         <file>rtsv7R4_T_be_v3D16_eabi.lib</file>
         <name>div0.asm.obj</name>
      </input_file>
   </input_file_list>
   <object_component_list>
      <object_component id="oc-3a">
         <name>.intvecs</name>
         <load_address>0x0</load_address>
         <run_address>0x0</run_address>
         <size>0x20</size>
         <input_file_ref idref="fl-17"/>
      </object_component>
      <object_component id="oc-13d">
         <name>.text</name>
         <load_address>0x20</load_address>
         <run_address>0x20</run_address>
         <size>0xaf0</size>
         <input_file_ref idref="fl-14"/>
      </object_component>
      <object_component id="oc-202">
         <name>.text</name>
         <load_address>0xb10</load_address>
         <run_address>0xb10</run_address>
         <size>0xa78</size>
         <input_file_ref idref="fl-7"/>
      </object_component>
      <object_component id="oc-e3">
         <name>.text</name>
         <load_address>0x1588</load_address>
         <run_address>0x1588</run_address>
         <size>0x9d8</size>
         <input_file_ref idref="fl-12"/>
      </object_component>
      <object_component id="oc-79">
         <name>.text</name>
         <load_address>0x1f60</load_address>
         <run_address>0x1f60</run_address>
         <size>0x998</size>
         <input_file_ref idref="fl-1f"/>
      </object_component>
      <object_component id="oc-4b">
         <name>.text</name>
         <load_address>0x28f8</load_address>
         <run_address>0x28f8</run_address>
         <size>0x938</size>
         <input_file_ref idref="fl-1e"/>
      </object_component>
      <object_component id="oc-91">
         <name>.text</name>
         <load_address>0x3230</load_address>
         <run_address>0x3230</run_address>
         <size>0x78c</size>
         <input_file_ref idref="fl-e"/>
      </object_component>
      <object_component id="oc-143">
         <name>.text</name>
         <load_address>0x39bc</load_address>
         <run_address>0x39bc</run_address>
         <size>0x768</size>
         <input_file_ref idref="fl-8"/>
      </object_component>
      <object_component id="oc-276">
         <name>.text</name>
         <load_address>0x4124</load_address>
         <run_address>0x4124</run_address>
         <size>0x724</size>
         <input_file_ref idref="fl-4"/>
      </object_component>
      <object_component id="oc-137">
         <name>.text</name>
         <load_address>0x4848</load_address>
         <run_address>0x4848</run_address>
         <size>0x69c</size>
         <input_file_ref idref="fl-13"/>
      </object_component>
      <object_component id="oc-7f">
         <name>.text</name>
         <load_address>0x4ee4</load_address>
         <run_address>0x4ee4</run_address>
         <size>0x664</size>
         <input_file_ref idref="fl-d"/>
      </object_component>
      <object_component id="oc-14f">
         <name>.text</name>
         <load_address>0x5548</load_address>
         <run_address>0x5548</run_address>
         <size>0x650</size>
         <input_file_ref idref="fl-6"/>
      </object_component>
      <object_component id="oc-131">
         <name>.text</name>
         <load_address>0x5b98</load_address>
         <run_address>0x5b98</run_address>
         <size>0x484</size>
         <input_file_ref idref="fl-f"/>
      </object_component>
      <object_component id="oc-74">
         <name>.text</name>
         <load_address>0x601c</load_address>
         <run_address>0x601c</run_address>
         <size>0x3c4</size>
         <input_file_ref idref="fl-15"/>
      </object_component>
      <object_component id="oc-97">
         <name>.text</name>
         <load_address>0x63e0</load_address>
         <run_address>0x63e0</run_address>
         <size>0x36c</size>
         <input_file_ref idref="fl-18"/>
      </object_component>
      <object_component id="oc-45">
         <name>.text:retain</name>
         <load_address>0x674c</load_address>
         <run_address>0x674c</run_address>
         <size>0x33c</size>
         <input_file_ref idref="fl-1e"/>
      </object_component>
      <object_component id="oc-2b2">
         <name>.text:Fapi_initializeFlashBanks</name>
         <load_address>0x6a88</load_address>
         <run_address>0x6a88</run_address>
         <size>0x260</size>
         <input_file_ref idref="fl-2b"/>
      </object_component>
      <object_component id="oc-2be">
         <name>.text:Fapi_setActiveFlashBank</name>
         <load_address>0x6ce8</load_address>
         <run_address>0x6ce8</run_address>
         <size>0x17c</size>
         <input_file_ref idref="fl-2e"/>
      </object_component>
      <object_component id="oc-2b">
         <name>.text:retain</name>
         <load_address>0x6e64</load_address>
         <run_address>0x6e64</run_address>
         <size>0x178</size>
         <input_file_ref idref="fl-e"/>
      </object_component>
      <object_component id="oc-2d0">
         <name>.text:Fapi_issueProgrammingCommand</name>
         <load_address>0x6fdc</load_address>
         <run_address>0x6fdc</run_address>
         <size>0x164</size>
         <input_file_ref idref="fl-2f"/>
      </object_component>
      <object_component id="oc-208">
         <name>.text</name>
         <load_address>0x7140</load_address>
         <run_address>0x7140</run_address>
         <size>0x158</size>
         <input_file_ref idref="fl-9"/>
      </object_component>
      <object_component id="oc-9d">
         <name>.text</name>
         <load_address>0x7298</load_address>
         <run_address>0x7298</run_address>
         <size>0x140</size>
         <input_file_ref idref="fl-5"/>
      </object_component>
      <object_component id="oc-1e7">
         <name>.text:floor</name>
         <load_address>0x73d8</load_address>
         <run_address>0x73d8</run_address>
         <size>0xe0</size>
         <input_file_ref idref="fl-38"/>
      </object_component>
      <object_component id="oc-25">
         <name>.text:retain</name>
         <load_address>0x74b8</load_address>
         <run_address>0x74b8</run_address>
         <size>0xd4</size>
         <input_file_ref idref="fl-1d"/>
      </object_component>
      <object_component id="oc-8b">
         <name>.text</name>
         <load_address>0x758c</load_address>
         <run_address>0x758c</run_address>
         <size>0x9c</size>
         <input_file_ref idref="fl-11"/>
      </object_component>
      <object_component id="oc-5c">
         <name>.text</name>
         <load_address>0x7628</load_address>
         <run_address>0x7628</run_address>
         <size>0x9c</size>
         <input_file_ref idref="fl-3a"/>
      </object_component>
      <object_component id="oc-dc">
         <name>.text</name>
         <load_address>0x76c4</load_address>
         <run_address>0x76c4</run_address>
         <size>0x7a</size>
         <input_file_ref idref="fl-39"/>
      </object_component>
      <object_component id="oc-263">
         <name>.text</name>
         <load_address>0x773e</load_address>
         <run_address>0x773e</run_address>
         <size>0x2</size>
         <input_file_ref idref="fl-43"/>
      </object_component>
      <object_component id="oc-2c4">
         <name>.text:Fapi_enableMainBankSectors</name>
         <load_address>0x7740</load_address>
         <run_address>0x7740</run_address>
         <size>0x70</size>
         <input_file_ref idref="fl-2a"/>
      </object_component>
      <object_component id="oc-18">
         <name>.text:decompress:lzss:__TI_decompress_lzss</name>
         <load_address>0x77b0</load_address>
         <run_address>0x77b0</run_address>
         <size>0x6c</size>
         <input_file_ref idref="fl-40"/>
      </object_component>
      <object_component id="oc-323">
         <name>.text:_Fapi_enterMarginMode</name>
         <load_address>0x781c</load_address>
         <run_address>0x781c</run_address>
         <size>0x68</size>
         <input_file_ref idref="fl-34"/>
      </object_component>
      <object_component id="oc-271">
         <name>.text</name>
         <load_address>0x7884</load_address>
         <run_address>0x7884</run_address>
         <size>0x5c</size>
         <input_file_ref idref="fl-a"/>
      </object_component>
      <object_component id="oc-34">
         <name>.text:retain</name>
         <load_address>0x78e0</load_address>
         <run_address>0x78e0</run_address>
         <size>0x54</size>
         <input_file_ref idref="fl-13"/>
      </object_component>
      <object_component id="oc-1f2">
         <name>.text</name>
         <load_address>0x7934</load_address>
         <run_address>0x7934</run_address>
         <size>0x50</size>
         <input_file_ref idref="fl-3b"/>
      </object_component>
      <object_component id="oc-101">
         <name>.text:__TI_auto_init_nobinit_nopinit:__TI_auto_init_nobinit_nopinit</name>
         <load_address>0x7984</load_address>
         <run_address>0x7984</run_address>
         <size>0x44</size>
         <input_file_ref idref="fl-3c"/>
      </object_component>
      <object_component id="oc-149">
         <name>.text</name>
         <load_address>0x79c8</load_address>
         <run_address>0x79c8</run_address>
         <size>0x44</size>
         <input_file_ref idref="fl-3"/>
      </object_component>
      <object_component id="oc-2e4">
         <name>.text:Fapi_calculateFletcherChecksum</name>
         <load_address>0x7a0c</load_address>
         <run_address>0x7a0c</run_address>
         <size>0x40</size>
         <input_file_ref idref="fl-32"/>
      </object_component>
      <object_component id="oc-2d6">
         <name>.text:Fapi_doMarginReadByByte</name>
         <load_address>0x7a4c</load_address>
         <run_address>0x7a4c</run_address>
         <size>0x40</size>
         <input_file_ref idref="fl-30"/>
      </object_component>
      <object_component id="oc-314">
         <name>.text:_Fapi_issueFsmCommand</name>
         <load_address>0x7a8c</load_address>
         <run_address>0x7a8c</run_address>
         <size>0x3c</size>
         <input_file_ref idref="fl-2c"/>
      </object_component>
      <object_component id="oc-36a">
         <name>.text:Fapi_flushPipeline</name>
         <load_address>0x7ac8</load_address>
         <run_address>0x7ac8</run_address>
         <size>0x38</size>
         <input_file_ref idref="fl-35"/>
      </object_component>
      <object_component id="oc-2ca">
         <name>.text:Fapi_issueAsyncCommandWithAddress</name>
         <load_address>0x7b00</load_address>
         <run_address>0x7b00</run_address>
         <size>0x30</size>
         <input_file_ref idref="fl-28"/>
      </object_component>
      <object_component id="oc-385">
         <name>.text:Fapi_waitDelay</name>
         <load_address>0x7b30</load_address>
         <run_address>0x7b30</run_address>
         <size>0x30</size>
         <input_file_ref idref="fl-36"/>
      </object_component>
      <object_component id="oc-32f">
         <name>.text:_Fapi_exitMarginMode</name>
         <load_address>0x7b60</load_address>
         <run_address>0x7b60</run_address>
         <size>0x2c</size>
         <input_file_ref idref="fl-34"/>
      </object_component>
      <object_component id="oc-2ea">
         <name>.text:_Fapi_divideUnsignedLong</name>
         <load_address>0x7b8c</load_address>
         <run_address>0x7b8c</run_address>
         <size>0x1c</size>
         <input_file_ref idref="fl-2b"/>
      </object_component>
      <object_component id="oc-68">
         <name>.text:decompress:ZI:__TI_zero_init_nomemset:__TI_zero_init_nomemset</name>
         <load_address>0x7ba8</load_address>
         <run_address>0x7ba8</run_address>
         <size>0x1c</size>
         <input_file_ref idref="fl-3e"/>
      </object_component>
      <object_component id="oc-2b8">
         <name>.text:Fapi_enableAutoEccCalculation</name>
         <load_address>0x7bc4</load_address>
         <run_address>0x7bc4</run_address>
         <size>0x14</size>
         <input_file_ref idref="fl-29"/>
      </object_component>
      <object_component id="oc-30c">
         <name>.text:Fapi_getNumberOfBankSectors</name>
         <load_address>0x7bd8</load_address>
         <run_address>0x7bd8</run_address>
         <size>0x10</size>
         <input_file_ref idref="fl-33"/>
      </object_component>
      <object_component id="oc-2f6">
         <name>.text:_scaleEEFclk</name>
         <load_address>0x7be8</load_address>
         <run_address>0x7be8</run_address>
         <size>0x10</size>
         <input_file_ref idref="fl-2d"/>
      </object_component>
      <object_component id="oc-2f0">
         <name>.text:_scaleMainFclk</name>
         <load_address>0x7bf8</load_address>
         <run_address>0x7bf8</run_address>
         <size>0x10</size>
         <input_file_ref idref="fl-2d"/>
      </object_component>
      <object_component id="oc-1e">
         <name>.text:decompress:none:__TI_decompress_none</name>
         <load_address>0x7c08</load_address>
         <run_address>0x7c08</run_address>
         <size>0xe</size>
         <input_file_ref idref="fl-3f"/>
      </object_component>
      <object_component id="oc-329">
         <name>.text:_Fapi_checkWdService</name>
         <load_address>0x7c16</load_address>
         <run_address>0x7c16</run_address>
         <size>0xc</size>
         <input_file_ref idref="fl-31"/>
      </object_component>
      <object_component id="oc-372">
         <name>.text</name>
         <load_address>0x7c24</load_address>
         <run_address>0x7c24</run_address>
         <size>0x8</size>
         <input_file_ref idref="fl-2"/>
      </object_component>
      <object_component id="oc-85">
         <name>.text</name>
         <load_address>0x7c2c</load_address>
         <run_address>0x7c2c</run_address>
         <size>0x4</size>
         <input_file_ref idref="fl-1d"/>
      </object_component>
      <object_component id="oc-15e">
         <name>.text:abort:abort</name>
         <load_address>0x7c30</load_address>
         <run_address>0x7c30</run_address>
         <size>0x4</size>
         <input_file_ref idref="fl-41"/>
      </object_component>
      <object_component id="oc-3f">
         <name>.text:retain</name>
         <load_address>0x7c34</load_address>
         <run_address>0x7c34</run_address>
         <size>0x4</size>
         <input_file_ref idref="fl-1a"/>
      </object_component>
      <object_component id="oc-3e3">
         <name>.tramp.Fapi_serviceWatchdogTimer.1</name>
         <load_address>0x7c38</load_address>
         <run_address>0x7c38</run_address>
         <size>0x8</size>
         <input_file_ref idref="fl-2"/>
      </object_component>
      <object_component id="oc-2dc">
         <name>.const:flash_sector</name>
         <load_address>0x7c40</load_address>
         <run_address>0x7c40</run_address>
         <size>0x280</size>
         <input_file_ref idref="fl-4"/>
      </object_component>
      <object_component id="oc-31">
         <name>.const:s_vim_init</name>
         <load_address>0x7ec0</load_address>
         <run_address>0x7ec0</run_address>
         <size>0x200</size>
         <input_file_ref idref="fl-1e"/>
      </object_component>
      <object_component id="oc-20e">
         <name>.const:.string:$P$T0$1</name>
         <load_address>0x80c0</load_address>
         <run_address>0x80c0</run_address>
         <size>0xa</size>
         <input_file_ref idref="fl-6"/>
      </object_component>
      <object_component id="oc-3e1">
         <name>.cinit..data.load</name>
         <load_address>0x80e0</load_address>
         <run_address>0x80e0</run_address>
         <size>0x14</size>
      </object_component>
      <object_component id="oc-3de">
         <name>__TI_handler_table</name>
         <load_address>0x80f4</load_address>
         <run_address>0x80f4</run_address>
         <size>0xc</size>
      </object_component>
      <object_component id="oc-3e0">
         <name>.cinit..bss.load</name>
         <load_address>0x8100</load_address>
         <run_address>0x8100</run_address>
         <size>0x8</size>
      </object_component>
      <object_component id="oc-3df">
         <name>__TI_cinit_table</name>
         <load_address>0x8108</load_address>
         <run_address>0x8108</run_address>
         <size>0x10</size>
      </object_component>
      <object_component id="oc-1f7">
         <name>.bss:num_str$1</name>
         <uninitialized>true</uninitialized>
         <run_address>0x80019e4</run_address>
         <size>0xc</size>
         <input_file_ref idref="fl-8"/>
      </object_component>
      <object_component id="oc-1ed">
         <name>.bss:g_sciTransfer_t</name>
         <uninitialized>true</uninitialized>
         <run_address>0x8001994</run_address>
         <size>0x50</size>
         <input_file_ref idref="fl-14"/>
      </object_component>
      <object_component id="oc-155">
         <name>.common:g_ulTransferAddress</name>
         <uninitialized>true</uninitialized>
         <run_address>0x80019f4</run_address>
         <size>0x4</size>
      </object_component>
      <object_component id="oc-217">
         <name>.common:JumpAddress</name>
         <uninitialized>true</uninitialized>
         <run_address>0x80019f0</run_address>
         <size>0x4</size>
      </object_component>
      <object_component id="oc-214">
         <name>.common:fileName</name>
         <uninitialized>true</uninitialized>
         <run_address>0x8001934</run_address>
         <size>0x60</size>
      </object_component>
      <object_component id="oc-1fd">
         <name>.data:g_pulUpdateSuccess</name>
         <load_address>0x8001900</load_address>
         <run_address>0x8001900</run_address>
         <size>0x20</size>
         <input_file_ref idref="fl-5"/>
      </object_component>
      <object_component id="oc-1fa">
         <name>.data</name>
         <load_address>0x8001928</load_address>
         <run_address>0x8001928</run_address>
         <size>0x8</size>
         <input_file_ref idref="fl-5"/>
      </object_component>
      <object_component id="oc-211">
         <name>.data:tab_1024</name>
         <load_address>0x8001500</load_address>
         <run_address>0x8001500</run_address>
         <size>0x400</size>
         <input_file_ref idref="fl-6"/>
      </object_component>
      <object_component id="oc-34d">
         <name>.data</name>
         <load_address>0x8001920</load_address>
         <run_address>0x8001920</run_address>
         <size>0x8</size>
         <input_file_ref idref="fl-2d"/>
      </object_component>
      <object_component id="oc-309">
         <name>.data</name>
         <load_address>0x8001930</load_address>
         <run_address>0x8001930</run_address>
         <size>0x1</size>
         <input_file_ref idref="fl-2e"/>
      </object_component>
      <object_component id="oc-39d">
         <name>.debug_info</name>
         <load_address>0x0</load_address>
         <run_address>0x0</run_address>
         <size>0x360</size>
         <input_file_ref idref="fl-2"/>
      </object_component>
      <object_component id="oc-373">
         <name>.debug_info</name>
         <load_address>0x360</load_address>
         <run_address>0x360</run_address>
         <size>0x16b</size>
         <input_file_ref idref="fl-2"/>
      </object_component>
      <object_component id="oc-38f">
         <name>.debug_info</name>
         <load_address>0x4cb</load_address>
         <run_address>0x4cb</run_address>
         <size>0xe57</size>
         <input_file_ref idref="fl-2"/>
      </object_component>
      <object_component id="oc-3ac">
         <name>.debug_info</name>
         <load_address>0x1322</load_address>
         <run_address>0x1322</run_address>
         <size>0x26b</size>
         <input_file_ref idref="fl-2"/>
      </object_component>
      <object_component id="oc-3a7">
         <name>.debug_info</name>
         <load_address>0x158d</load_address>
         <run_address>0x158d</run_address>
         <size>0x26d5</size>
         <input_file_ref idref="fl-2"/>
      </object_component>
      <object_component id="oc-57">
         <name>.debug_info</name>
         <load_address>0x3c62</load_address>
         <run_address>0x3c62</run_address>
         <size>0x84</size>
         <input_file_ref idref="fl-2"/>
      </object_component>
      <object_component id="oc-3a0">
         <name>.debug_info</name>
         <load_address>0x3ce6</load_address>
         <run_address>0x3ce6</run_address>
         <size>0x297</size>
         <input_file_ref idref="fl-2"/>
      </object_component>
      <object_component id="oc-398">
         <name>.debug_info</name>
         <load_address>0x3f7d</load_address>
         <run_address>0x3f7d</run_address>
         <size>0xbb</size>
         <input_file_ref idref="fl-2"/>
      </object_component>
      <object_component id="oc-201">
         <name>.debug_info</name>
         <load_address>0x4038</load_address>
         <run_address>0x4038</run_address>
         <size>0x307</size>
         <input_file_ref idref="fl-3"/>
      </object_component>
      <object_component id="oc-14c">
         <name>.debug_info</name>
         <load_address>0x433f</load_address>
         <run_address>0x433f</run_address>
         <size>0x13b</size>
         <input_file_ref idref="fl-3"/>
      </object_component>
      <object_component id="oc-16c">
         <name>.debug_info</name>
         <load_address>0x447a</load_address>
         <run_address>0x447a</run_address>
         <size>0x26b</size>
         <input_file_ref idref="fl-3"/>
      </object_component>
      <object_component id="oc-ab">
         <name>.debug_info</name>
         <load_address>0x46e5</load_address>
         <run_address>0x46e5</run_address>
         <size>0x157</size>
         <input_file_ref idref="fl-3"/>
      </object_component>
      <object_component id="oc-bd">
         <name>.debug_info</name>
         <load_address>0x483c</load_address>
         <run_address>0x483c</run_address>
         <size>0x8b</size>
         <input_file_ref idref="fl-3"/>
      </object_component>
      <object_component id="oc-21d">
         <name>.debug_info</name>
         <load_address>0x48c7</load_address>
         <run_address>0x48c7</run_address>
         <size>0x2a4</size>
         <input_file_ref idref="fl-3"/>
      </object_component>
      <object_component id="oc-159">
         <name>.debug_info</name>
         <load_address>0x4b6b</load_address>
         <run_address>0x4b6b</run_address>
         <size>0xbb</size>
         <input_file_ref idref="fl-3"/>
      </object_component>
      <object_component id="oc-c2">
         <name>.debug_info</name>
         <load_address>0x4c26</load_address>
         <run_address>0x4c26</run_address>
         <size>0x86</size>
         <input_file_ref idref="fl-3"/>
      </object_component>
      <object_component id="oc-180">
         <name>.debug_info</name>
         <load_address>0x4cac</load_address>
         <run_address>0x4cac</run_address>
         <size>0x1f9</size>
         <input_file_ref idref="fl-3"/>
      </object_component>
      <object_component id="oc-247">
         <name>.debug_info</name>
         <load_address>0x4ea5</load_address>
         <run_address>0x4ea5</run_address>
         <size>0x12a</size>
         <input_file_ref idref="fl-3"/>
      </object_component>
      <object_component id="oc-1c8">
         <name>.debug_info</name>
         <load_address>0x4fcf</load_address>
         <run_address>0x4fcf</run_address>
         <size>0x243</size>
         <input_file_ref idref="fl-3"/>
      </object_component>
      <object_component id="oc-25e">
         <name>.debug_info</name>
         <load_address>0x5212</load_address>
         <run_address>0x5212</run_address>
         <size>0x18e</size>
         <input_file_ref idref="fl-3"/>
      </object_component>
      <object_component id="oc-2e0">
         <name>.debug_info</name>
         <load_address>0x53a0</load_address>
         <run_address>0x53a0</run_address>
         <size>0x5b5</size>
         <input_file_ref idref="fl-4"/>
      </object_component>
      <object_component id="oc-2dd">
         <name>.debug_info</name>
         <load_address>0x5955</load_address>
         <run_address>0x5955</run_address>
         <size>0xe7</size>
         <input_file_ref idref="fl-4"/>
      </object_component>
      <object_component id="oc-277">
         <name>.debug_info</name>
         <load_address>0x5a3c</load_address>
         <run_address>0x5a3c</run_address>
         <size>0xe8a</size>
         <input_file_ref idref="fl-4"/>
      </object_component>
      <object_component id="oc-33b">
         <name>.debug_info</name>
         <load_address>0x68c6</load_address>
         <run_address>0x68c6</run_address>
         <size>0xe57</size>
         <input_file_ref idref="fl-4"/>
      </object_component>
      <object_component id="oc-345">
         <name>.debug_info</name>
         <load_address>0x771d</load_address>
         <run_address>0x771d</run_address>
         <size>0x1eff</size>
         <input_file_ref idref="fl-4"/>
      </object_component>
      <object_component id="oc-340">
         <name>.debug_info</name>
         <load_address>0x961c</load_address>
         <run_address>0x961c</run_address>
         <size>0x11d</size>
         <input_file_ref idref="fl-4"/>
      </object_component>
      <object_component id="oc-156">
         <name>.debug_info</name>
         <load_address>0x9739</load_address>
         <run_address>0x9739</run_address>
         <size>0x599</size>
         <input_file_ref idref="fl-5"/>
      </object_component>
      <object_component id="oc-1fe">
         <name>.debug_info</name>
         <load_address>0x9cd2</load_address>
         <run_address>0x9cd2</run_address>
         <size>0xf2</size>
         <input_file_ref idref="fl-5"/>
      </object_component>
      <object_component id="oc-1fb">
         <name>.debug_info</name>
         <load_address>0x9dc4</load_address>
         <run_address>0x9dc4</run_address>
         <size>0x12f</size>
         <input_file_ref idref="fl-5"/>
      </object_component>
      <object_component id="oc-9e">
         <name>.debug_info</name>
         <load_address>0x9ef3</load_address>
         <run_address>0x9ef3</run_address>
         <size>0x3a0</size>
         <input_file_ref idref="fl-5"/>
      </object_component>
      <object_component id="oc-a5">
         <name>.debug_info</name>
         <load_address>0xa293</load_address>
         <run_address>0xa293</run_address>
         <size>0x429</size>
         <input_file_ref idref="fl-5"/>
      </object_component>
      <object_component id="oc-1b9">
         <name>.debug_info</name>
         <load_address>0xa6bc</load_address>
         <run_address>0xa6bc</run_address>
         <size>0x306</size>
         <input_file_ref idref="fl-5"/>
      </object_component>
      <object_component id="oc-171">
         <name>.debug_info</name>
         <load_address>0xa9c2</load_address>
         <run_address>0xa9c2</run_address>
         <size>0x102</size>
         <input_file_ref idref="fl-5"/>
      </object_component>
      <object_component id="oc-1e2">
         <name>.debug_info</name>
         <load_address>0xaac4</load_address>
         <run_address>0xaac4</run_address>
         <size>0x1d4</size>
         <input_file_ref idref="fl-5"/>
      </object_component>
      <object_component id="oc-17b">
         <name>.debug_info</name>
         <load_address>0xac98</load_address>
         <run_address>0xac98</run_address>
         <size>0x44a</size>
         <input_file_ref idref="fl-5"/>
      </object_component>
      <object_component id="oc-185">
         <name>.debug_info</name>
         <load_address>0xb0e2</load_address>
         <run_address>0xb0e2</run_address>
         <size>0x152</size>
         <input_file_ref idref="fl-5"/>
      </object_component>
      <object_component id="oc-18a">
         <name>.debug_info</name>
         <load_address>0xb234</load_address>
         <run_address>0xb234</run_address>
         <size>0x70a</size>
         <input_file_ref idref="fl-5"/>
      </object_component>
      <object_component id="oc-218">
         <name>.debug_info</name>
         <load_address>0xb93e</load_address>
         <run_address>0xb93e</run_address>
         <size>0x4b4</size>
         <input_file_ref idref="fl-6"/>
      </object_component>
      <object_component id="oc-212">
         <name>.debug_info</name>
         <load_address>0xbdf2</load_address>
         <run_address>0xbdf2</run_address>
         <size>0xde</size>
         <input_file_ref idref="fl-6"/>
      </object_component>
      <object_component id="oc-20f">
         <name>.debug_info</name>
         <load_address>0xbed0</load_address>
         <run_address>0xbed0</run_address>
         <size>0xdb</size>
         <input_file_ref idref="fl-6"/>
      </object_component>
      <object_component id="oc-152">
         <name>.debug_info</name>
         <load_address>0xbfab</load_address>
         <run_address>0xbfab</run_address>
         <size>0x4f2</size>
         <input_file_ref idref="fl-6"/>
      </object_component>
      <object_component id="oc-215">
         <name>.debug_info</name>
         <load_address>0xc49d</load_address>
         <run_address>0xc49d</run_address>
         <size>0x5a3</size>
         <input_file_ref idref="fl-7"/>
      </object_component>
      <object_component id="oc-205">
         <name>.debug_info</name>
         <load_address>0xca40</load_address>
         <run_address>0xca40</run_address>
         <size>0xa36</size>
         <input_file_ref idref="fl-7"/>
      </object_component>
      <object_component id="oc-27d">
         <name>.debug_info</name>
         <load_address>0xd476</load_address>
         <run_address>0xd476</run_address>
         <size>0x87</size>
         <input_file_ref idref="fl-7"/>
      </object_component>
      <object_component id="oc-1f9">
         <name>.debug_info</name>
         <load_address>0xd4fd</load_address>
         <run_address>0xd4fd</run_address>
         <size>0x2c7</size>
         <input_file_ref idref="fl-8"/>
      </object_component>
      <object_component id="oc-144">
         <name>.debug_info</name>
         <load_address>0xd7c4</load_address>
         <run_address>0xd7c4</run_address>
         <size>0x7da</size>
         <input_file_ref idref="fl-8"/>
      </object_component>
      <object_component id="oc-209">
         <name>.debug_info</name>
         <load_address>0xdf9e</load_address>
         <run_address>0xdf9e</run_address>
         <size>0x2ba</size>
         <input_file_ref idref="fl-9"/>
      </object_component>
      <object_component id="oc-272">
         <name>.debug_info</name>
         <load_address>0xe258</load_address>
         <run_address>0xe258</run_address>
         <size>0xf6</size>
         <input_file_ref idref="fl-a"/>
      </object_component>
      <object_component id="oc-199">
         <name>.debug_info</name>
         <load_address>0xe34e</load_address>
         <run_address>0xe34e</run_address>
         <size>0x38b</size>
         <input_file_ref idref="fl-b"/>
      </object_component>
      <object_component id="oc-b8">
         <name>.debug_info</name>
         <load_address>0xe6d9</load_address>
         <run_address>0xe6d9</run_address>
         <size>0x18c</size>
         <input_file_ref idref="fl-b"/>
      </object_component>
      <object_component id="oc-1c3">
         <name>.debug_info</name>
         <load_address>0xe865</load_address>
         <run_address>0xe865</run_address>
         <size>0x142</size>
         <input_file_ref idref="fl-b"/>
      </object_component>
      <object_component id="oc-176">
         <name>.debug_info</name>
         <load_address>0xe9a7</load_address>
         <run_address>0xe9a7</run_address>
         <size>0x285</size>
         <input_file_ref idref="fl-b"/>
      </object_component>
      <object_component id="oc-18f">
         <name>.debug_info</name>
         <load_address>0xec2c</load_address>
         <run_address>0xec2c</run_address>
         <size>0x36d</size>
         <input_file_ref idref="fl-b"/>
      </object_component>
      <object_component id="oc-1b6">
         <name>.debug_info</name>
         <load_address>0xef99</load_address>
         <run_address>0xef99</run_address>
         <size>0x2c5</size>
         <input_file_ref idref="fl-d"/>
      </object_component>
      <object_component id="oc-83">
         <name>.debug_info</name>
         <load_address>0xf25e</load_address>
         <run_address>0xf25e</run_address>
         <size>0x664</size>
         <input_file_ref idref="fl-d"/>
      </object_component>
      <object_component id="oc-ec">
         <name>.debug_info</name>
         <load_address>0xf8c2</load_address>
         <run_address>0xf8c2</run_address>
         <size>0x9e7</size>
         <input_file_ref idref="fl-d"/>
      </object_component>
      <object_component id="oc-ff">
         <name>.debug_info</name>
         <load_address>0x102a9</load_address>
         <run_address>0x102a9</run_address>
         <size>0x357</size>
         <input_file_ref idref="fl-e"/>
      </object_component>
      <object_component id="oc-94">
         <name>.debug_info</name>
         <load_address>0x10600</load_address>
         <run_address>0x10600</run_address>
         <size>0x10cc</size>
         <input_file_ref idref="fl-e"/>
      </object_component>
      <object_component id="oc-2c">
         <name>.debug_info</name>
         <load_address>0x116cc</load_address>
         <run_address>0x116cc</run_address>
         <size>0x1b4</size>
         <input_file_ref idref="fl-e"/>
      </object_component>
      <object_component id="oc-fa">
         <name>.debug_info</name>
         <load_address>0x11880</load_address>
         <run_address>0x11880</run_address>
         <size>0x168</size>
         <input_file_ref idref="fl-e"/>
      </object_component>
      <object_component id="oc-1df">
         <name>.debug_info</name>
         <load_address>0x119e8</load_address>
         <run_address>0x119e8</run_address>
         <size>0x2bc</size>
         <input_file_ref idref="fl-f"/>
      </object_component>
      <object_component id="oc-134">
         <name>.debug_info</name>
         <load_address>0x11ca4</load_address>
         <run_address>0x11ca4</run_address>
         <size>0x726</size>
         <input_file_ref idref="fl-f"/>
      </object_component>
      <object_component id="oc-f3">
         <name>.debug_info</name>
         <load_address>0x123ca</load_address>
         <run_address>0x123ca</run_address>
         <size>0x3b7</size>
         <input_file_ref idref="fl-11"/>
      </object_component>
      <object_component id="oc-8f">
         <name>.debug_info</name>
         <load_address>0x12781</load_address>
         <run_address>0x12781</run_address>
         <size>0x7be</size>
         <input_file_ref idref="fl-11"/>
      </object_component>
      <object_component id="oc-1be">
         <name>.debug_info</name>
         <load_address>0x12f3f</load_address>
         <run_address>0x12f3f</run_address>
         <size>0xadd</size>
         <input_file_ref idref="fl-11"/>
      </object_component>
      <object_component id="oc-f4">
         <name>.debug_info</name>
         <load_address>0x13a1c</load_address>
         <run_address>0x13a1c</run_address>
         <size>0x6eb</size>
         <input_file_ref idref="fl-11"/>
      </object_component>
      <object_component id="oc-22f">
         <name>.debug_info</name>
         <load_address>0x14107</load_address>
         <run_address>0x14107</run_address>
         <size>0x2be</size>
         <input_file_ref idref="fl-12"/>
      </object_component>
      <object_component id="oc-e4">
         <name>.debug_info</name>
         <load_address>0x143c5</load_address>
         <run_address>0x143c5</run_address>
         <size>0x128</size>
         <input_file_ref idref="fl-12"/>
      </object_component>
      <object_component id="oc-1b1">
         <name>.debug_info</name>
         <load_address>0x144ed</load_address>
         <run_address>0x144ed</run_address>
         <size>0x199</size>
         <input_file_ref idref="fl-12"/>
      </object_component>
      <object_component id="oc-1e1">
         <name>.debug_info</name>
         <load_address>0x14686</load_address>
         <run_address>0x14686</run_address>
         <size>0x317</size>
         <input_file_ref idref="fl-13"/>
      </object_component>
      <object_component id="oc-13a">
         <name>.debug_info</name>
         <load_address>0x1499d</load_address>
         <run_address>0x1499d</run_address>
         <size>0x10dc</size>
         <input_file_ref idref="fl-13"/>
      </object_component>
      <object_component id="oc-38">
         <name>.debug_info</name>
         <load_address>0x15a79</load_address>
         <run_address>0x15a79</run_address>
         <size>0x152</size>
         <input_file_ref idref="fl-13"/>
      </object_component>
      <object_component id="oc-1f1">
         <name>.debug_info</name>
         <load_address>0x15bcb</load_address>
         <run_address>0x15bcb</run_address>
         <size>0x309</size>
         <input_file_ref idref="fl-14"/>
      </object_component>
      <object_component id="oc-1ee">
         <name>.debug_info</name>
         <load_address>0x15ed4</load_address>
         <run_address>0x15ed4</run_address>
         <size>0xf1</size>
         <input_file_ref idref="fl-14"/>
      </object_component>
      <object_component id="oc-13e">
         <name>.debug_info</name>
         <load_address>0x15fc5</load_address>
         <run_address>0x15fc5</run_address>
         <size>0xd7c</size>
         <input_file_ref idref="fl-14"/>
      </object_component>
      <object_component id="oc-259">
         <name>.debug_info</name>
         <load_address>0x16d41</load_address>
         <run_address>0x16d41</run_address>
         <size>0x91</size>
         <input_file_ref idref="fl-14"/>
      </object_component>
      <object_component id="oc-76">
         <name>.debug_info</name>
         <load_address>0x16dd2</load_address>
         <run_address>0x16dd2</run_address>
         <size>0x81b</size>
         <input_file_ref idref="fl-15"/>
      </object_component>
      <object_component id="oc-3c">
         <name>.debug_info</name>
         <load_address>0x175ed</load_address>
         <run_address>0x175ed</run_address>
         <size>0x111</size>
         <input_file_ref idref="fl-17"/>
      </object_component>
      <object_component id="oc-99">
         <name>.debug_info</name>
         <load_address>0x176fe</load_address>
         <run_address>0x176fe</run_address>
         <size>0x448</size>
         <input_file_ref idref="fl-18"/>
      </object_component>
      <object_component id="oc-22e">
         <name>.debug_info</name>
         <load_address>0x17b46</load_address>
         <run_address>0x17b46</run_address>
         <size>0x2ff</size>
         <input_file_ref idref="fl-19"/>
      </object_component>
      <object_component id="oc-1ac">
         <name>.debug_info</name>
         <load_address>0x17e45</load_address>
         <run_address>0x17e45</run_address>
         <size>0x457</size>
         <input_file_ref idref="fl-19"/>
      </object_component>
      <object_component id="oc-40">
         <name>.debug_info</name>
         <load_address>0x1829c</load_address>
         <run_address>0x1829c</run_address>
         <size>0x149</size>
         <input_file_ref idref="fl-1a"/>
      </object_component>
      <object_component id="oc-27">
         <name>.debug_info</name>
         <load_address>0x183e5</load_address>
         <run_address>0x183e5</run_address>
         <size>0x2d5</size>
         <input_file_ref idref="fl-1d"/>
      </object_component>
      <object_component id="oc-86">
         <name>.debug_info</name>
         <load_address>0x186ba</load_address>
         <run_address>0x186ba</run_address>
         <size>0x142</size>
         <input_file_ref idref="fl-1d"/>
      </object_component>
      <object_component id="oc-b2">
         <name>.debug_info</name>
         <load_address>0x187fc</load_address>
         <run_address>0x187fc</run_address>
         <size>0x48a</size>
         <input_file_ref idref="fl-1e"/>
      </object_component>
      <object_component id="oc-32">
         <name>.debug_info</name>
         <load_address>0x18c86</load_address>
         <run_address>0x18c86</run_address>
         <size>0xeb</size>
         <input_file_ref idref="fl-1e"/>
      </object_component>
      <object_component id="oc-4c">
         <name>.debug_info</name>
         <load_address>0x18d71</load_address>
         <run_address>0x18d71</run_address>
         <size>0x49b</size>
         <input_file_ref idref="fl-1e"/>
      </object_component>
      <object_component id="oc-48">
         <name>.debug_info</name>
         <load_address>0x1920c</load_address>
         <run_address>0x1920c</run_address>
         <size>0x206</size>
         <input_file_ref idref="fl-1e"/>
      </object_component>
      <object_component id="oc-194">
         <name>.debug_info</name>
         <load_address>0x19412</load_address>
         <run_address>0x19412</run_address>
         <size>0x4f</size>
         <input_file_ref idref="fl-1e"/>
      </object_component>
      <object_component id="oc-ea">
         <name>.debug_info</name>
         <load_address>0x19461</load_address>
         <run_address>0x19461</run_address>
         <size>0x3ed</size>
         <input_file_ref idref="fl-1f"/>
      </object_component>
      <object_component id="oc-7b">
         <name>.debug_info</name>
         <load_address>0x1984e</load_address>
         <run_address>0x1984e</run_address>
         <size>0x648</size>
         <input_file_ref idref="fl-1f"/>
      </object_component>
      <object_component id="oc-31b">
         <name>.debug_info</name>
         <load_address>0x19e96</load_address>
         <run_address>0x19e96</run_address>
         <size>0x254</size>
         <input_file_ref idref="fl-28"/>
      </object_component>
      <object_component id="oc-2cb">
         <name>.debug_info</name>
         <load_address>0x1a0ea</load_address>
         <run_address>0x1a0ea</run_address>
         <size>0x24a</size>
         <input_file_ref idref="fl-28"/>
      </object_component>
      <object_component id="oc-2fd">
         <name>.debug_info</name>
         <load_address>0x1a334</load_address>
         <run_address>0x1a334</run_address>
         <size>0xe55</size>
         <input_file_ref idref="fl-28"/>
      </object_component>
      <object_component id="oc-359">
         <name>.debug_info</name>
         <load_address>0x1b189</load_address>
         <run_address>0x1b189</run_address>
         <size>0x1eff</size>
         <input_file_ref idref="fl-28"/>
      </object_component>
      <object_component id="oc-354">
         <name>.debug_info</name>
         <load_address>0x1d088</load_address>
         <run_address>0x1d088</run_address>
         <size>0x1be8</size>
         <input_file_ref idref="fl-28"/>
      </object_component>
      <object_component id="oc-302">
         <name>.debug_info</name>
         <load_address>0x1ec70</load_address>
         <run_address>0x1ec70</run_address>
         <size>0x18b</size>
         <input_file_ref idref="fl-28"/>
      </object_component>
      <object_component id="oc-2bc">
         <name>.debug_info</name>
         <load_address>0x1edfb</load_address>
         <run_address>0x1edfb</run_address>
         <size>0x19b</size>
         <input_file_ref idref="fl-29"/>
      </object_component>
      <object_component id="oc-313">
         <name>.debug_info</name>
         <load_address>0x1ef96</load_address>
         <run_address>0x1ef96</run_address>
         <size>0x267</size>
         <input_file_ref idref="fl-2a"/>
      </object_component>
      <object_component id="oc-2c5">
         <name>.debug_info</name>
         <load_address>0x1f1fd</load_address>
         <run_address>0x1f1fd</run_address>
         <size>0x26a</size>
         <input_file_ref idref="fl-2a"/>
      </object_component>
      <object_component id="oc-307">
         <name>.debug_info</name>
         <load_address>0x1f467</load_address>
         <run_address>0x1f467</run_address>
         <size>0x2d5</size>
         <input_file_ref idref="fl-2b"/>
      </object_component>
      <object_component id="oc-2ec">
         <name>.debug_info</name>
         <load_address>0x1f73c</load_address>
         <run_address>0x1f73c</run_address>
         <size>0x232</size>
         <input_file_ref idref="fl-2b"/>
      </object_component>
      <object_component id="oc-2b4">
         <name>.debug_info</name>
         <load_address>0x1f96e</load_address>
         <run_address>0x1f96e</run_address>
         <size>0x3f8</size>
         <input_file_ref idref="fl-2b"/>
      </object_component>
      <object_component id="oc-365">
         <name>.debug_info</name>
         <load_address>0x1fd66</load_address>
         <run_address>0x1fd66</run_address>
         <size>0x219</size>
         <input_file_ref idref="fl-2c"/>
      </object_component>
      <object_component id="oc-315">
         <name>.debug_info</name>
         <load_address>0x1ff7f</load_address>
         <run_address>0x1ff7f</run_address>
         <size>0x1b7</size>
         <input_file_ref idref="fl-2c"/>
      </object_component>
      <object_component id="oc-34f">
         <name>.debug_info</name>
         <load_address>0x20136</load_address>
         <run_address>0x20136</run_address>
         <size>0x279</size>
         <input_file_ref idref="fl-2d"/>
      </object_component>
      <object_component id="oc-2f1">
         <name>.debug_info</name>
         <load_address>0x203af</load_address>
         <run_address>0x203af</run_address>
         <size>0x1d6</size>
         <input_file_ref idref="fl-2d"/>
      </object_component>
      <object_component id="oc-2f7">
         <name>.debug_info</name>
         <load_address>0x20585</load_address>
         <run_address>0x20585</run_address>
         <size>0x1ce</size>
         <input_file_ref idref="fl-2d"/>
      </object_component>
      <object_component id="oc-30b">
         <name>.debug_info</name>
         <load_address>0x20753</load_address>
         <run_address>0x20753</run_address>
         <size>0x27d</size>
         <input_file_ref idref="fl-2e"/>
      </object_component>
      <object_component id="oc-2bf">
         <name>.debug_info</name>
         <load_address>0x209d0</load_address>
         <run_address>0x209d0</run_address>
         <size>0x328</size>
         <input_file_ref idref="fl-2e"/>
      </object_component>
      <object_component id="oc-31d">
         <name>.debug_info</name>
         <load_address>0x20cf8</load_address>
         <run_address>0x20cf8</run_address>
         <size>0x297</size>
         <input_file_ref idref="fl-2f"/>
      </object_component>
      <object_component id="oc-2d2">
         <name>.debug_info</name>
         <load_address>0x20f8f</load_address>
         <run_address>0x20f8f</run_address>
         <size>0x555</size>
         <input_file_ref idref="fl-2f"/>
      </object_component>
      <object_component id="oc-31e">
         <name>.debug_info</name>
         <load_address>0x214e4</load_address>
         <run_address>0x214e4</run_address>
         <size>0x72</size>
         <input_file_ref idref="fl-2f"/>
      </object_component>
      <object_component id="oc-336">
         <name>.debug_info</name>
         <load_address>0x21556</load_address>
         <run_address>0x21556</run_address>
         <size>0x2ce</size>
         <input_file_ref idref="fl-30"/>
      </object_component>
      <object_component id="oc-2d7">
         <name>.debug_info</name>
         <load_address>0x21824</load_address>
         <run_address>0x21824</run_address>
         <size>0x2fb</size>
         <input_file_ref idref="fl-30"/>
      </object_component>
      <object_component id="oc-379">
         <name>.debug_info</name>
         <load_address>0x21b1f</load_address>
         <run_address>0x21b1f</run_address>
         <size>0x244</size>
         <input_file_ref idref="fl-31"/>
      </object_component>
      <object_component id="oc-32b">
         <name>.debug_info</name>
         <load_address>0x21d63</load_address>
         <run_address>0x21d63</run_address>
         <size>0x1a1</size>
         <input_file_ref idref="fl-31"/>
      </object_component>
      <object_component id="oc-34b">
         <name>.debug_info</name>
         <load_address>0x21f04</load_address>
         <run_address>0x21f04</run_address>
         <size>0x219</size>
         <input_file_ref idref="fl-32"/>
      </object_component>
      <object_component id="oc-2e6">
         <name>.debug_info</name>
         <load_address>0x2211d</load_address>
         <run_address>0x2211d</run_address>
         <size>0x255</size>
         <input_file_ref idref="fl-32"/>
      </object_component>
      <object_component id="oc-361">
         <name>.debug_info</name>
         <load_address>0x22372</load_address>
         <run_address>0x22372</run_address>
         <size>0x214</size>
         <input_file_ref idref="fl-33"/>
      </object_component>
      <object_component id="oc-310">
         <name>.debug_info</name>
         <load_address>0x22586</load_address>
         <run_address>0x22586</run_address>
         <size>0x1b0</size>
         <input_file_ref idref="fl-33"/>
      </object_component>
      <object_component id="oc-371">
         <name>.debug_info</name>
         <load_address>0x22736</load_address>
         <run_address>0x22736</run_address>
         <size>0x282</size>
         <input_file_ref idref="fl-34"/>
      </object_component>
      <object_component id="oc-333">
         <name>.debug_info</name>
         <load_address>0x229b8</load_address>
         <run_address>0x229b8</run_address>
         <size>0x1a8</size>
         <input_file_ref idref="fl-34"/>
      </object_component>
      <object_component id="oc-327">
         <name>.debug_info</name>
         <load_address>0x22b60</load_address>
         <run_address>0x22b60</run_address>
         <size>0x22f</size>
         <input_file_ref idref="fl-34"/>
      </object_component>
      <object_component id="oc-36b">
         <name>.debug_info</name>
         <load_address>0x22d8f</load_address>
         <run_address>0x22d8f</run_address>
         <size>0x173</size>
         <input_file_ref idref="fl-35"/>
      </object_component>
      <object_component id="oc-397">
         <name>.debug_info</name>
         <load_address>0x22f02</load_address>
         <run_address>0x22f02</run_address>
         <size>0x20b</size>
         <input_file_ref idref="fl-36"/>
      </object_component>
      <object_component id="oc-386">
         <name>.debug_info</name>
         <load_address>0x2310d</load_address>
         <run_address>0x2310d</run_address>
         <size>0x1d2</size>
         <input_file_ref idref="fl-36"/>
      </object_component>
      <object_component id="oc-254">
         <name>.debug_info</name>
         <load_address>0x232df</load_address>
         <run_address>0x232df</run_address>
         <size>0x28f</size>
         <input_file_ref idref="fl-38"/>
      </object_component>
      <object_component id="oc-1e8">
         <name>.debug_info</name>
         <load_address>0x2356e</load_address>
         <run_address>0x2356e</run_address>
         <size>0x1a0</size>
         <input_file_ref idref="fl-38"/>
      </object_component>
      <object_component id="oc-2a9">
         <name>.debug_info</name>
         <load_address>0x2370e</load_address>
         <run_address>0x2370e</run_address>
         <size>0x46</size>
         <input_file_ref idref="fl-38"/>
      </object_component>
      <object_component id="oc-24f">
         <name>.debug_info</name>
         <load_address>0x23754</load_address>
         <run_address>0x23754</run_address>
         <size>0x39</size>
         <input_file_ref idref="fl-38"/>
      </object_component>
      <object_component id="oc-dd">
         <name>.debug_info</name>
         <load_address>0x2378d</load_address>
         <run_address>0x2378d</run_address>
         <size>0x147</size>
         <input_file_ref idref="fl-39"/>
      </object_component>
      <object_component id="oc-5f">
         <name>.debug_info</name>
         <load_address>0x238d4</load_address>
         <run_address>0x238d4</run_address>
         <size>0x119</size>
         <input_file_ref idref="fl-3a"/>
      </object_component>
      <object_component id="oc-1f3">
         <name>.debug_info</name>
         <load_address>0x239ed</load_address>
         <run_address>0x239ed</run_address>
         <size>0x151</size>
         <input_file_ref idref="fl-3b"/>
      </object_component>
      <object_component id="oc-1d0">
         <name>.debug_info</name>
         <load_address>0x23b3e</load_address>
         <run_address>0x23b3e</run_address>
         <size>0x4b3</size>
         <input_file_ref idref="fl-3c"/>
      </object_component>
      <object_component id="oc-103">
         <name>.debug_info</name>
         <load_address>0x23ff1</load_address>
         <run_address>0x23ff1</run_address>
         <size>0x1a6</size>
         <input_file_ref idref="fl-3c"/>
      </object_component>
      <object_component id="oc-234">
         <name>.debug_info</name>
         <load_address>0x24197</load_address>
         <run_address>0x24197</run_address>
         <size>0x39</size>
         <input_file_ref idref="fl-3c"/>
      </object_component>
      <object_component id="oc-29d">
         <name>.debug_info</name>
         <load_address>0x241d0</load_address>
         <run_address>0x241d0</run_address>
         <size>0x39</size>
         <input_file_ref idref="fl-3c"/>
      </object_component>
      <object_component id="oc-239">
         <name>.debug_info</name>
         <load_address>0x24209</load_address>
         <run_address>0x24209</run_address>
         <size>0x39</size>
         <input_file_ref idref="fl-3c"/>
      </object_component>
      <object_component id="oc-23e">
         <name>.debug_info</name>
         <load_address>0x24242</load_address>
         <run_address>0x24242</run_address>
         <size>0xcd</size>
         <input_file_ref idref="fl-3c"/>
      </object_component>
      <object_component id="oc-db">
         <name>.debug_info</name>
         <load_address>0x2430f</load_address>
         <run_address>0x2430f</run_address>
         <size>0x2d4</size>
         <input_file_ref idref="fl-3e"/>
      </object_component>
      <object_component id="oc-69">
         <name>.debug_info</name>
         <load_address>0x245e3</load_address>
         <run_address>0x245e3</run_address>
         <size>0x1d2</size>
         <input_file_ref idref="fl-3e"/>
      </object_component>
      <object_component id="oc-d6">
         <name>.debug_info</name>
         <load_address>0x247b5</load_address>
         <run_address>0x247b5</run_address>
         <size>0x46</size>
         <input_file_ref idref="fl-3e"/>
      </object_component>
      <object_component id="oc-1a1">
         <name>.debug_info</name>
         <load_address>0x247fb</load_address>
         <run_address>0x247fb</run_address>
         <size>0x2c</size>
         <input_file_ref idref="fl-3e"/>
      </object_component>
      <object_component id="oc-67">
         <name>.debug_info</name>
         <load_address>0x24827</load_address>
         <run_address>0x24827</run_address>
         <size>0x2a3</size>
         <input_file_ref idref="fl-3f"/>
      </object_component>
      <object_component id="oc-22">
         <name>.debug_info</name>
         <load_address>0x24aca</load_address>
         <run_address>0x24aca</run_address>
         <size>0x1d5</size>
         <input_file_ref idref="fl-3f"/>
      </object_component>
      <object_component id="oc-62">
         <name>.debug_info</name>
         <load_address>0x24c9f</load_address>
         <run_address>0x24c9f</run_address>
         <size>0x46</size>
         <input_file_ref idref="fl-3f"/>
      </object_component>
      <object_component id="oc-ce">
         <name>.debug_info</name>
         <load_address>0x24ce5</load_address>
         <run_address>0x24ce5</run_address>
         <size>0x2c</size>
         <input_file_ref idref="fl-3f"/>
      </object_component>
      <object_component id="oc-cc">
         <name>.debug_info</name>
         <load_address>0x24d11</load_address>
         <run_address>0x24d11</run_address>
         <size>0x29e</size>
         <input_file_ref idref="fl-40"/>
      </object_component>
      <object_component id="oc-1a">
         <name>.debug_info</name>
         <load_address>0x24faf</load_address>
         <run_address>0x24faf</run_address>
         <size>0x250</size>
         <input_file_ref idref="fl-40"/>
      </object_component>
      <object_component id="oc-52">
         <name>.debug_info</name>
         <load_address>0x251ff</load_address>
         <run_address>0x251ff</run_address>
         <size>0x60</size>
         <input_file_ref idref="fl-40"/>
      </object_component>
      <object_component id="oc-19a">
         <name>.debug_info</name>
         <load_address>0x2525f</load_address>
         <run_address>0x2525f</run_address>
         <size>0x46</size>
         <input_file_ref idref="fl-40"/>
      </object_component>
      <object_component id="oc-c7">
         <name>.debug_info</name>
         <load_address>0x252a5</load_address>
         <run_address>0x252a5</run_address>
         <size>0x39</size>
         <input_file_ref idref="fl-40"/>
      </object_component>
      <object_component id="oc-161">
         <name>.debug_info</name>
         <load_address>0x252de</load_address>
         <run_address>0x252de</run_address>
         <size>0x122</size>
         <input_file_ref idref="fl-41"/>
      </object_component>
      <object_component id="oc-264">
         <name>.debug_info</name>
         <load_address>0x25400</load_address>
         <run_address>0x25400</run_address>
         <size>0x115</size>
         <input_file_ref idref="fl-43"/>
      </object_component>
      <object_component id="oc-3e4">
         <name>.debug_info</name>
         <load_address>0x25515</load_address>
         <run_address>0x25515</run_address>
         <size>0x107</size>
      </object_component>
      <object_component id="oc-3a6">
         <name>.debug_line</name>
         <load_address>0x0</load_address>
         <run_address>0x0</run_address>
         <size>0x20</size>
         <input_file_ref idref="fl-2"/>
      </object_component>
      <object_component id="oc-377">
         <name>.debug_line</name>
         <load_address>0x20</load_address>
         <run_address>0x20</run_address>
         <size>0x57</size>
         <input_file_ref idref="fl-2"/>
      </object_component>
      <object_component id="oc-392">
         <name>.debug_line</name>
         <load_address>0x77</load_address>
         <run_address>0x77</run_address>
         <size>0x6a</size>
         <input_file_ref idref="fl-2"/>
      </object_component>
      <object_component id="oc-3af">
         <name>.debug_line</name>
         <load_address>0xe1</load_address>
         <run_address>0xe1</run_address>
         <size>0x6f</size>
         <input_file_ref idref="fl-2"/>
      </object_component>
      <object_component id="oc-3aa">
         <name>.debug_line</name>
         <load_address>0x150</load_address>
         <run_address>0x150</run_address>
         <size>0x75</size>
         <input_file_ref idref="fl-2"/>
      </object_component>
      <object_component id="oc-5a">
         <name>.debug_line</name>
         <load_address>0x1c5</load_address>
         <run_address>0x1c5</run_address>
         <size>0x20</size>
         <input_file_ref idref="fl-2"/>
      </object_component>
      <object_component id="oc-3a3">
         <name>.debug_line</name>
         <load_address>0x1e5</load_address>
         <run_address>0x1e5</run_address>
         <size>0x73</size>
         <input_file_ref idref="fl-2"/>
      </object_component>
      <object_component id="oc-39b">
         <name>.debug_line</name>
         <load_address>0x258</load_address>
         <run_address>0x258</run_address>
         <size>0x70</size>
         <input_file_ref idref="fl-2"/>
      </object_component>
      <object_component id="oc-270">
         <name>.debug_line</name>
         <load_address>0x2c8</load_address>
         <run_address>0x2c8</run_address>
         <size>0x31</size>
         <input_file_ref idref="fl-3"/>
      </object_component>
      <object_component id="oc-14a">
         <name>.debug_line</name>
         <load_address>0x2f9</load_address>
         <run_address>0x2f9</run_address>
         <size>0x50</size>
         <input_file_ref idref="fl-3"/>
      </object_component>
      <object_component id="oc-16f">
         <name>.debug_line</name>
         <load_address>0x349</load_address>
         <run_address>0x349</run_address>
         <size>0x6f</size>
         <input_file_ref idref="fl-3"/>
      </object_component>
      <object_component id="oc-ae">
         <name>.debug_line</name>
         <load_address>0x3b8</load_address>
         <run_address>0x3b8</run_address>
         <size>0x73</size>
         <input_file_ref idref="fl-3"/>
      </object_component>
      <object_component id="oc-c0">
         <name>.debug_line</name>
         <load_address>0x42b</load_address>
         <run_address>0x42b</run_address>
         <size>0x20</size>
         <input_file_ref idref="fl-3"/>
      </object_component>
      <object_component id="oc-220">
         <name>.debug_line</name>
         <load_address>0x44b</load_address>
         <run_address>0x44b</run_address>
         <size>0x73</size>
         <input_file_ref idref="fl-3"/>
      </object_component>
      <object_component id="oc-15c">
         <name>.debug_line</name>
         <load_address>0x4be</load_address>
         <run_address>0x4be</run_address>
         <size>0x70</size>
         <input_file_ref idref="fl-3"/>
      </object_component>
      <object_component id="oc-c5">
         <name>.debug_line</name>
         <load_address>0x52e</load_address>
         <run_address>0x52e</run_address>
         <size>0x71</size>
         <input_file_ref idref="fl-3"/>
      </object_component>
      <object_component id="oc-183">
         <name>.debug_line</name>
         <load_address>0x59f</load_address>
         <run_address>0x59f</run_address>
         <size>0x6e</size>
         <input_file_ref idref="fl-3"/>
      </object_component>
      <object_component id="oc-24a">
         <name>.debug_line</name>
         <load_address>0x60d</load_address>
         <run_address>0x60d</run_address>
         <size>0x6a</size>
         <input_file_ref idref="fl-3"/>
      </object_component>
      <object_component id="oc-1cb">
         <name>.debug_line</name>
         <load_address>0x677</load_address>
         <run_address>0x677</run_address>
         <size>0x6e</size>
         <input_file_ref idref="fl-3"/>
      </object_component>
      <object_component id="oc-261">
         <name>.debug_line</name>
         <load_address>0x6e5</load_address>
         <run_address>0x6e5</run_address>
         <size>0x6a</size>
         <input_file_ref idref="fl-3"/>
      </object_component>
      <object_component id="oc-33a">
         <name>.debug_line</name>
         <load_address>0x74f</load_address>
         <run_address>0x74f</run_address>
         <size>0x72</size>
         <input_file_ref idref="fl-4"/>
      </object_component>
      <object_component id="oc-338">
         <name>.debug_line</name>
         <load_address>0x7c1</load_address>
         <run_address>0x7c1</run_address>
         <size>0x36</size>
         <input_file_ref idref="fl-4"/>
      </object_component>
      <object_component id="oc-27a">
         <name>.debug_line</name>
         <load_address>0x7f7</load_address>
         <run_address>0x7f7</run_address>
         <size>0x261</size>
         <input_file_ref idref="fl-4"/>
      </object_component>
      <object_component id="oc-33e">
         <name>.debug_line</name>
         <load_address>0xa58</load_address>
         <run_address>0xa58</run_address>
         <size>0x6a</size>
         <input_file_ref idref="fl-4"/>
      </object_component>
      <object_component id="oc-348">
         <name>.debug_line</name>
         <load_address>0xac2</load_address>
         <run_address>0xac2</run_address>
         <size>0x75</size>
         <input_file_ref idref="fl-4"/>
      </object_component>
      <object_component id="oc-343">
         <name>.debug_line</name>
         <load_address>0xb37</load_address>
         <run_address>0xb37</run_address>
         <size>0x36</size>
         <input_file_ref idref="fl-4"/>
      </object_component>
      <object_component id="oc-21c">
         <name>.debug_line</name>
         <load_address>0xb6d</load_address>
         <run_address>0xb6d</run_address>
         <size>0x142</size>
         <input_file_ref idref="fl-5"/>
      </object_component>
      <object_component id="oc-26e">
         <name>.debug_line</name>
         <load_address>0xcaf</load_address>
         <run_address>0xcaf</run_address>
         <size>0x30</size>
         <input_file_ref idref="fl-5"/>
[...]
      </symbol>
      <symbol id="sm-540">
         <name>sciSetFunctional</name>
         <value>0x1f4</value>
         <object_component_ref idref="oc-13d"/>
      </symbol>
      <symbol id="sm-541">
         <name>sciDisableNotification</name>
         <value>0x6ec</value>
         <object_component_ref idref="oc-13d"/>
      </symbol>
      <symbol id="sm-542">
         <name>sciSend</name>
         <value>0x2fc</value>
         <object_component_ref idref="oc-13d"/>
      </symbol>
      <symbol id="sm-543">
         <name>sciRxError</name>
         <value>0x498</value>
         <object_component_ref idref="oc-13d"/>
      </symbol>
      <symbol id="sm-544">
         <name>sciReceiveByte</name>
         <value>0x4c8</value>
         <object_component_ref idref="oc-13d"/>
      </symbol>
      <symbol id="sm-545">
         <name>sciSendByte</name>
         <value>0x2cc</value>
         <object_component_ref idref="oc-13d"/>
      </symbol>
      <symbol id="sm-546">
         <name>sciEnableLoopback</name>
         <value>0x604</value>
         <object_component_ref idref="oc-13d"/>
      </symbol>
      <symbol id="sm-547">
         <name>sciIsIdleDetected</name>
         <value>0x47c</value>
         <object_component_ref idref="oc-13d"/>
      </symbol>
      <symbol id="sm-548">
         <name>sciEnterResetState</name>
         <value>0x784</value>
         <object_component_ref idref="oc-13d"/>
      </symbol>
      <symbol id="sm-574">
         <name>_iCacheInvalidate_</name>
         <value>0x63c4</value>
         <object_component_ref idref="oc-74"/>
      </symbol>
      <symbol id="sm-575">
         <name>_disable_IRQ_interrupt_</name>
         <value>0x6254</value>
         <object_component_ref idref="oc-74"/>
      </symbol>
      <symbol id="sm-576">
         <name>_coreGetInstructionFaultAddress_</name>
         <value>0x6218</value>
         <object_component_ref idref="oc-74"/>
      </symbol>
      <symbol id="sm-577">
         <name>_coreGetDataFault_</name>
         <value>0x61dc</value>
         <object_component_ref idref="oc-74"/>
      </symbol>
      <symbol id="sm-578">
         <name>_coreDisableEventBusExport_</name>
         <value>0x61bc</value>
         <object_component_ref idref="oc-74"/>
      </symbol>
      <symbol id="sm-579">
         <name>_coreClearDataFaultAddress_</name>
         <value>0x620c</value>
         <object_component_ref idref="oc-74"/>
      </symbol>
      <symbol id="sm-57a">
         <name>__TI_PINIT_Base</name>
         <value>0x63d8</value>
         <object_component_ref idref="oc-74"/>
      </symbol>
      <symbol id="sm-57b">
         <name>_coreInitRegisters_</name>
         <value>0x601c</value>
         <object_component_ref idref="oc-74"/>
      </symbol>
      <symbol id="sm-57c">
         <name>_coreClearInstructionFaultAddress_</name>
         <value>0x6220</value>
         <object_component_ref idref="oc-74"/>
      </symbol>
      <symbol id="sm-57d">
         <name>_coreClearDataFault_</name>
         <value>0x61e4</value>
         <object_component_ref idref="oc-74"/>
      </symbol>
      <symbol id="sm-57e">
         <name>_coreGetAuxiliaryDataFault_</name>
         <value>0x622c</value>
         <object_component_ref idref="oc-74"/>
      </symbol>
      <symbol id="sm-57f">
         <name>_enable_interrupt_</name>
         <value>0x6264</value>
         <object_component_ref idref="oc-74"/>
      </symbol>
      <symbol id="sm-580">
         <name>_coreClearAuxiliaryInstructionFault_</name>
         <value>0x6248</value>
         <object_component_ref idref="oc-74"/>
      </symbol>
      <symbol id="sm-581">
         <name>_memInit_</name>
         <value>0x62f4</value>
         <object_component_ref idref="oc-74"/>
      </symbol>
      <symbol id="sm-582">
         <name>_dCacheInvalidate_</name>
         <value>0x63b0</value>
         <object_component_ref idref="oc-74"/>
      </symbol>
      <symbol id="sm-583">
         <name>_coreGetDataFaultAddress_</name>
         <value>0x6204</value>
         <object_component_ref idref="oc-74"/>
      </symbol>
      <symbol id="sm-584">
         <name>_coreClearInstructionFault_</name>
         <value>0x61f8</value>
         <object_component_ref idref="oc-74"/>
      </symbol>
      <symbol id="sm-585">
         <name>_getCPSRValue_</name>
         <value>0x6174</value>
         <object_component_ref idref="oc-74"/>
      </symbol>
      <symbol id="sm-586">
         <name>_cacheDisable_</name>
         <value>0x638c</value>
         <object_component_ref idref="oc-74"/>
      </symbol>
      <symbol id="sm-587">
         <name>_enable_IRQ_interrupt_</name>
         <value>0x625c</value>
         <object_component_ref idref="oc-74"/>
      </symbol>
      <symbol id="sm-588">
         <name>__TI_PINIT_Limit</name>
         <value>0x63dc</value>
         <object_component_ref idref="oc-74"/>
      </symbol>
      <symbol id="sm-589">
         <name>_coreGetAuxiliaryInstructionFault_</name>
         <value>0x6240</value>
         <object_component_ref idref="oc-74"/>
      </symbol>
      <symbol id="sm-58a">
         <name>_coreInitStackPointer_</name>
         <value>0x6128</value>
         <object_component_ref idref="oc-74"/>
      </symbol>
      <symbol id="sm-58b">
         <name>_esmCcmErrorsClear_</name>
         <value>0x626c</value>
         <object_component_ref idref="oc-74"/>
      </symbol>
      <symbol id="sm-58c">
         <name>_gotoCPUIdle_</name>
         <value>0x617c</value>
         <object_component_ref idref="oc-74"/>
      </symbol>
      <symbol id="sm-58d">
         <name>_coreEnableIrqVicOffset_</name>
         <value>0x61cc</value>
         <object_component_ref idref="oc-74"/>
      </symbol>
      <symbol id="sm-58e">
         <name>_coreGetInstructionFault_</name>
         <value>0x61f0</value>
         <object_component_ref idref="oc-74"/>
      </symbol>
      <symbol id="sm-58f">
         <name>_cacheEnable_</name>
         <value>0x6348</value>
         <object_component_ref idref="oc-74"/>
      </symbol>
      <symbol id="sm-590">
         <name>_coreEnableVfp_</name>
         <value>0x6194</value>
         <object_component_ref idref="oc-74"/>
      </symbol>
      <symbol id="sm-591">
         <name>_coreClearAuxiliaryDataFault_</name>
         <value>0x6234</value>
         <object_component_ref idref="oc-74"/>
      </symbol>
      <symbol id="sm-592">
         <name>_coreEnableEventBusExport_</name>
         <value>0x61ac</value>
         <object_component_ref idref="oc-74"/>
      </symbol>
      <symbol id="sm-593">
         <name>_checkMemInitOn_</name>
         <value>0x6328</value>
         <object_component_ref idref="oc-74"/>
      </symbol>
      <symbol id="sm-5a1">
         <name>resetEntry</name>
         <value>0x0</value>
         <object_component_ref idref="oc-3a"/>
      </symbol>
      <symbol id="sm-5bc">
         <name>_mpuSetRegionBaseAddress_</name>
         <value>0x6710</value>
         <object_component_ref idref="oc-97"/>
      </symbol>
      <symbol id="sm-5bd">
         <name>_mpuInit_</name>
         <value>0x63e0</value>
         <object_component_ref idref="oc-97"/>
      </symbol>
      <symbol id="sm-5be">
         <name>_mpuSetRegionSizeRegister_</name>
         <value>0x6744</value>
         <object_component_ref idref="oc-97"/>
      </symbol>
      <symbol id="sm-5bf">
         <name>_mpuDisableBackgroundRegion_</name>
         <value>0x66d8</value>
         <object_component_ref idref="oc-97"/>
      </symbol>
      <symbol id="sm-5c0">
         <name>_mpuSetRegionTypeAndPermission_</name>
         <value>0x6720</value>
         <object_component_ref idref="oc-97"/>
      </symbol>
      <symbol id="sm-5c1">
         <name>_mpuGetRegionPermission_</name>
         <value>0x6738</value>
         <object_component_ref idref="oc-97"/>
      </symbol>
      <symbol id="sm-5c2">
         <name>_mpuEnable_</name>
         <value>0x6698</value>
         <object_component_ref idref="oc-97"/>
      </symbol>
      <symbol id="sm-5c3">
         <name>_mpuGetNumberOfRegions_</name>
         <value>0x66e8</value>
         <object_component_ref idref="oc-97"/>
      </symbol>
      <symbol id="sm-5c4">
         <name>_mpuAreRegionsSeparate_</name>
         <value>0x66f4</value>
         <object_component_ref idref="oc-97"/>
      </symbol>
      <symbol id="sm-5c5">
         <name>_mpuEnableBackgroundRegion_</name>
         <value>0x66c8</value>
         <object_component_ref idref="oc-97"/>
      </symbol>
      <symbol id="sm-5c6">
         <name>_mpuGetRegionType_</name>
         <value>0x672c</value>
         <object_component_ref idref="oc-97"/>
      </symbol>
      <symbol id="sm-5c7">
         <name>_mpuDisable_</name>
         <value>0x66b0</value>
         <object_component_ref idref="oc-97"/>
      </symbol>
      <symbol id="sm-5c8">
         <name>_mpuGetRegionBaseAddress_</name>
         <value>0x6718</value>
         <object_component_ref idref="oc-97"/>
      </symbol>
      <symbol id="sm-5c9">
         <name>_mpuSetRegion_</name>
         <value>0x6700</value>
         <object_component_ref idref="oc-97"/>
      </symbol>
      <symbol id="sm-5ca">
         <name>_mpuGetRegion_</name>
         <value>0x6708</value>
         <object_component_ref idref="oc-97"/>
      </symbol>
      <symbol id="sm-5dd">
         <name>phantomInterrupt</name>
         <value>0x7c34</value>
         <object_component_ref idref="oc-3f"/>
      </symbol>
      <symbol id="sm-5fc">
         <name>_c_int00</name>
         <value>0x74b8</value>
         <object_component_ref idref="oc-25"/>
      </symbol>
      <symbol id="sm-5fd">
         <name>handlePLLLockFail</name>
         <value>0x7c2c</value>
         <object_component_ref idref="oc-85"/>
      </symbol>
      <symbol id="sm-6a0">
         <name>vimChannelMap</name>
         <value>0x29cc</value>
         <object_component_ref idref="oc-4b"/>
      </symbol>
      <symbol id="sm-6a1">
         <name>vimInit</name>
         <value>0x28f8</value>
         <object_component_ref idref="oc-4b"/>
      </symbol>
      <symbol id="sm-6a2">
         <name>vimEnableInterrupt</name>
         <value>0x2a70</value>
         <object_component_ref idref="oc-4b"/>
      </symbol>
      <symbol id="sm-6a3">
         <name>vimDisableInterrupt</name>
         <value>0x2c38</value>
         <object_component_ref idref="oc-4b"/>
      </symbol>
      <symbol id="sm-6a4">
         <name>vimGetConfigValue</name>
         <value>0x2ce4</value>
         <object_component_ref idref="oc-4b"/>
      </symbol>
      <symbol id="sm-6a5">
         <name>vimECCErrorHandler</name>
         <value>0x674c</value>
         <object_component_ref idref="oc-45"/>
      </symbol>
      <symbol id="sm-6f4">
         <name>systemGetConfigValue</name>
         <value>0x2420</value>
         <object_component_ref idref="oc-79"/>
      </symbol>
      <symbol id="sm-6f5">
         <name>trimLPO</name>
         <value>0x1fc0</value>
         <object_component_ref idref="oc-79"/>
      </symbol>
      <symbol id="sm-6f6">
         <name>systemInit</name>
         <value>0x2254</value>
         <object_component_ref idref="oc-79"/>
      </symbol>
      <symbol id="sm-6f7">
         <name>customTrimLPO</name>
         <value>0x2850</value>
         <object_component_ref idref="oc-79"/>
      </symbol>
      <symbol id="sm-6f8">
         <name>periphInit</name>
         <value>0x2074</value>
         <object_component_ref idref="oc-79"/>
      </symbol>
      <symbol id="sm-6f9">
         <name>setupFlash</name>
         <value>0x2034</value>
         <object_component_ref idref="oc-79"/>
      </symbol>
      <symbol id="sm-6fa">
         <name>setupPLL</name>
         <value>0x1f60</value>
         <object_component_ref idref="oc-79"/>
      </symbol>
      <symbol id="sm-6fb">
         <name>getResetSource</name>
         <value>0x22f8</value>
         <object_component_ref idref="oc-79"/>
      </symbol>
      <symbol id="sm-6fc">
         <name>mapClocks</name>
         <value>0x2128</value>
         <object_component_ref idref="oc-79"/>
      </symbol>
      <symbol id="sm-6fd">
         <name>systemPowerDown</name>
         <value>0x22c8</value>
         <object_component_ref idref="oc-79"/>
      </symbol>
      <symbol id="sm-722">
         <name>Fapi_issueAsyncCommandWithAddress</name>
         <value>0x7b01</value>
         <object_component_ref idref="oc-2ca"/>
      </symbol>
      <symbol id="sm-72e">
         <name>Fapi_enableAutoEccCalculation</name>
         <value>0x7bc5</value>
         <object_component_ref idref="oc-2b8"/>
      </symbol>
      <symbol id="sm-73f">
         <name>Fapi_enableMainBankSectors</name>
         <value>0x7741</value>
         <object_component_ref idref="oc-2c4"/>
      </symbol>
      <symbol id="sm-762">
         <name>Fapi_initializeFlashBanks</name>
         <value>0x6a89</value>
         <object_component_ref idref="oc-2b2"/>
      </symbol>
      <symbol id="sm-771">
         <name>_Fapi_issueFsmCommand</name>
         <value>0x7a8d</value>
         <object_component_ref idref="oc-314"/>
      </symbol>
      <symbol id="sm-78e">
         <name>_scaleMainFclk</name>
         <value>0x7bf9</value>
         <object_component_ref idref="oc-2f0"/>
      </symbol>
      <symbol id="sm-78f">
         <name>_scaleEEFclk</name>
         <value>0x7be9</value>
         <object_component_ref idref="oc-2f6"/>
      </symbol>
      <symbol id="sm-7a9">
         <name>Fapi_setActiveFlashBank</name>
         <value>0x6ce9</value>
         <object_component_ref idref="oc-2be"/>
      </symbol>
      <symbol id="sm-7ca">
         <name>Fapi_issueProgrammingCommand</name>
         <value>0x6fdd</value>
         <object_component_ref idref="oc-2d0"/>
      </symbol>
      <symbol id="sm-7da">
         <name>Fapi_doMarginReadByByte</name>
         <value>0x7a4d</value>
         <object_component_ref idref="oc-2d6"/>
      </symbol>
      <symbol id="sm-7e8">
         <name>_Fapi_checkWdService</name>
         <value>0x7c17</value>
         <object_component_ref idref="oc-329"/>
      </symbol>
      <symbol id="sm-7f7">
         <name>Fapi_calculateFletcherChecksum</name>
         <value>0x7a0d</value>
         <object_component_ref idref="oc-2e4"/>
      </symbol>
      <symbol id="sm-806">
         <name>Fapi_getNumberOfBankSectors</name>
         <value>0x7bd9</value>
         <object_component_ref idref="oc-30c"/>
      </symbol>
      <symbol id="sm-823">
         <name>_Fapi_enterMarginMode</name>
         <value>0x781d</value>
         <object_component_ref idref="oc-323"/>
      </symbol>
      <symbol id="sm-824">
         <name>_Fapi_exitMarginMode</name>
         <value>0x7b61</value>
         <object_component_ref idref="oc-32f"/>
      </symbol>
      <symbol id="sm-830">
         <name>Fapi_flushPipeline</name>
         <value>0x7ac9</value>
         <object_component_ref idref="oc-36a"/>
      </symbol>
      <symbol id="sm-840">
         <name>Fapi_waitDelay</name>
         <value>0x7b31</value>
         <object_component_ref idref="oc-385"/>
      </symbol>
      <symbol id="sm-867">
         <name>floorl</name>
         <value>0x73d9</value>
         <object_component_ref idref="oc-1e7"/>
      </symbol>
      <symbol id="sm-868">
         <name>floor</name>
         <value>0x73d9</value>
         <object_component_ref idref="oc-1e7"/>
      </symbol>
      <symbol id="sm-877">
         <name>__aeabi_memset</name>
         <value>0x76c7</value>
         <object_component_ref idref="oc-dc"/>
      </symbol>
      <symbol id="sm-878">
         <name>memset</name>
         <value>0x76cd</value>
         <object_component_ref idref="oc-dc"/>
      </symbol>
      <symbol id="sm-879">
         <name>__aeabi_memset8</name>
         <value>0x76c7</value>
         <object_component_ref idref="oc-dc"/>
      </symbol>
      <symbol id="sm-87a">
         <name>__aeabi_memset4</name>
         <value>0x76c7</value>
         <object_component_ref idref="oc-dc"/>
      </symbol>
      <symbol id="sm-87b">
         <name>__aeabi_memclr8</name>
         <value>0x76c5</value>
         <object_component_ref idref="oc-dc"/>
      </symbol>
      <symbol id="sm-87c">
         <name>__aeabi_memclr4</name>
         <value>0x76c5</value>
         <object_component_ref idref="oc-dc"/>
      </symbol>
      <symbol id="sm-87d">
         <name>__aeabi_memclr</name>
         <value>0x76c5</value>
         <object_component_ref idref="oc-dc"/>
      </symbol>
      <symbol id="sm-898">
         <name>memcpy</name>
         <value>0x7629</value>
         <object_component_ref idref="oc-5c"/>
      </symbol>
      <symbol id="sm-899">
         <name>__aeabi_memcpy</name>
         <value>0x7629</value>
         <object_component_ref idref="oc-5c"/>
      </symbol>
      <symbol id="sm-89a">
         <name>__aeabi_memcpy8</name>
         <value>0x7629</value>
         <object_component_ref idref="oc-5c"/>
      </symbol>
      <symbol id="sm-89b">
         <name>__aeabi_memcpy4</name>
         <value>0x7629</value>
         <object_component_ref idref="oc-5c"/>
      </symbol>
      <symbol id="sm-8a7">
         <name>__aeabi_uidivmod</name>
         <value>0x7934</value>
         <object_component_ref idref="oc-1f2"/>
      </symbol>
      <symbol id="sm-8a8">
         <name>__aeabi_uidiv</name>
         <value>0x7934</value>
         <object_component_ref idref="oc-1f2"/>
      </symbol>
      <symbol id="sm-8d0">
         <name>__TI_auto_init_nobinit_nopinit</name>
         <value>0x7985</value>
         <object_component_ref idref="oc-101"/>
      </symbol>
      <symbol id="sm-8ea">
         <name>__TI_zero_init_nomemset</name>
         <value>0x7ba9</value>
         <object_component_ref idref="oc-68"/>
      </symbol>
      <symbol id="sm-901">
         <name>__TI_decompress_none</name>
         <value>0x7c09</value>
         <object_component_ref idref="oc-1e"/>
      </symbol>
      <symbol id="sm-924">
         <name>__TI_decompress_lzss</name>
         <value>0x77b1</value>
         <object_component_ref idref="oc-18"/>
      </symbol>
      <symbol id="sm-92f">
         <name>C$$EXIT</name>
         <value>0x7c31</value>
         <object_component_ref idref="oc-15e"/>
      </symbol>
      <symbol id="sm-930">
         <name>abort</name>
         <value>0x7c31</value>
         <object_component_ref idref="oc-15e"/>
      </symbol>
      <symbol id="sm-93b">
         <name>__aeabi_idiv0</name>
         <value>0x773f</value>
         <object_component_ref idref="oc-263"/>
      </symbol>
      <symbol id="sm-93c">
         <name>__aeabi_ldiv0</name>
         <value>0x773f</value>
         <object_component_ref idref="oc-263"/>
      </symbol>
      <symbol id="sm-93d">
         <name>__TI_static_base__</name>
         <value>0x0</value>
      </symbol>
      <symbol id="sm-942">
         <name>SHT$$INIT_ARRAY$$Base</name>
         <value>0x0</value>
      </symbol>
      <symbol id="sm-943">
         <name>SHT$$INIT_ARRAY$$Limit</name>
         <value>0x0</value>
      </symbol>
      <symbol id="sm-944">
         <name>_system_post_cinit</name>
         <value>0x0</value>
      </symbol>
   </symbol_table>
   <title>Link successful</title>
</link_info>
