<?xml version="1.0" encoding="ISO-8859-1" ?>
<link_info>
   <banner>TI ARM Linker PC v20.2.1.LTS</banner>
   <copyright>Copyright (c) 1996-2018 Texas Instruments Incorporated</copyright>
   <link_time>0x6090d5ee</link_time>
   <link_errors>0x0</link_errors>
   <output_file>TMS570LC4357_UART_Boot.out</output_file>
   <entry_point>
      <name>_c_int00</name>
      <address>0x94f4</address>
   </entry_point>
   <input_file_list>
      <input_file id="fl-2">
         <path>.\</path>
         <kind>object</kind>
         <file>Fapi_UserDefinedFunctions.obj</file>
         <name>Fapi_UserDefinedFunctions.obj</name>
      </input_file>
      <input_file id="fl-3">
         <path>.\</path>
         <kind>object</kind>
         <file>bl_check.obj</file>
         <name>bl_check.obj</name>
      </input_file>
      <input_file id="fl-4">
         <path>.\</path>
         <kind>object</kind>
         <file>bl_flash.obj</file>
         <name>bl_flash.obj</name>
      </input_file>
      <input_file id="fl-5">
         <path>.\</path>
         <kind>object</kind>
         <file>bl_main.obj</file>
         <name>bl_main.obj</name>
      </input_file>
      <input_file id="fl-6">
         <path>.\</path>
         <kind>object</kind>
         <file>bl_uart.obj</file>
         <name>bl_uart.obj</name>
      </input_file>
      <input_file id="fl-7">
         <path>.\</path>
         <kind>object</kind>
         <file>bl_ymodem.obj</file>
         <name>bl_ymodem.obj</name>
      </input_file>
      <input_file id="fl-8">
         <path>.\</path>
         <kind>object</kind>
         <file>sci_common.obj</file>
         <name>sci_common.obj</name>
      </input_file>
      <input_file id="fl-9">
         <path>.\</path>
         <kind>object</kind>
         <file>sw_hw_ver.obj</file>
         <name>sw_hw_ver.obj</name>
      </input_file>
      <input_file id="fl-a">
         <path>.\</path>
         <kind>object</kind>
         <file>ymodem_crc16.obj</file>
         <name>ymodem_crc16.obj</name>
      </input_file>
      <input_file id="fl-b">
         <path>.\source\</path>
         <kind>object</kind>
         <file>HL_epc.obj</file>
         <name>HL_epc.obj</name>
      </input_file>
      <input_file id="fl-c">
         <path>.\source\</path>
         <kind>object</kind>
         <file>HL_errata.obj</file>
         <name>HL_errata.obj</name>
      </input_file>
      <input_file id="fl-d">
         <path>.\source\</path>
         <kind>object</kind>
         <file>HL_errata_SSWF021_45.obj</file>
         <name>HL_errata_SSWF021_45.obj</name>
      </input_file>
      <input_file id="fl-e">
         <path>.\source\</path>
         <kind>object</kind>
         <file>HL_esm.obj</file>
         <name>HL_esm.obj</name>
      </input_file>
      <input_file id="fl-f">
         <path>.\source\</path>
         <kind>object</kind>
         <file>HL_gio.obj</file>
         <name>HL_gio.obj</name>
      </input_file>
      <input_file id="fl-10">
         <path>.\source\</path>
         <kind>object</kind>
         <file>HL_nmpu.obj</file>
         <name>HL_nmpu.obj</name>
      </input_file>
      <input_file id="fl-11">
         <path>.\source\</path>
         <kind>object</kind>
         <file>HL_notification.obj</file>
         <name>HL_notification.obj</name>
      </input_file>
      <input_file id="fl-12">
         <path>.\source\</path>
         <kind>object</kind>
         <file>HL_pinmux.obj</file>
         <name>HL_pinmux.obj</name>
      </input_file>
      <input_file id="fl-13">
         <path>.\source\</path>
         <kind>object</kind>
         <file>HL_rti.obj</file>
         <name>HL_rti.obj</name>
      </input_file>
      <input_file id="fl-14">
         <path>.\source\</path>
         <kind>object</kind>
         <file>HL_sci.obj</file>
         <name>HL_sci.obj</name>
      </input_file>
      <input_file id="fl-15">
         <path>.\source\</path>
         <kind>object</kind>
         <file>HL_sys_core.obj</file>
         <name>HL_sys_core.obj</name>
      </input_file>
      <input_file id="fl-16">
         <path>.\source\</path>
         <kind>object</kind>
         <file>HL_sys_dma.obj</file>
         <name>HL_sys_dma.obj</name>
      </input_file>
      <input_file id="fl-17">
         <path>.\source\</path>
         <kind>object</kind>
         <file>HL_sys_intvecs.obj</file>
         <name>HL_sys_intvecs.obj</name>
      </input_file>
      <input_file id="fl-18">
         <path>.\source\</path>
         <kind>object</kind>
         <file>HL_sys_mpu.obj</file>
         <name>HL_sys_mpu.obj</name>
      </input_file>
      <input_file id="fl-19">
         <path>.\source\</path>
         <kind>object</kind>
         <file>HL_sys_pcr.obj</file>
         <name>HL_sys_pcr.obj</name>
      </input_file>
      <input_file id="fl-1a">
         <path>.\source\</path>
         <kind>object</kind>
         <file>HL_sys_phantom.obj</file>
         <name>HL_sys_phantom.obj</name>
      </input_file>
      <input_file id="fl-1b">
         <path>.\source\</path>
         <kind>object</kind>
         <file>HL_sys_pmm.obj</file>
         <name>HL_sys_pmm.obj</name>
      </input_file>
      <input_file id="fl-1c">
         <path>.\source\</path>
         <kind>object</kind>
         <file>HL_sys_pmu.obj</file>
         <name>HL_sys_pmu.obj</name>
      </input_file>
      <input_file id="fl-1d">
         <path>.\source\</path>
         <kind>object</kind>
         <file>HL_sys_startup.obj</file>
         <name>HL_sys_startup.obj</name>
      </input_file>
      <input_file id="fl-1e">
         <path>.\source\</path>
         <kind>object</kind>
         <file>HL_sys_vim.obj</file>
         <name>HL_sys_vim.obj</name>
      </input_file>
      <input_file id="fl-1f">
         <path>.\source\</path>
         <kind>object</kind>
         <file>HL_system.obj</file>
         <name>HL_system.obj</name>
      </input_file>
      <input_file id="fl-27">
         <kind>object</kind>
         <file>&lt;internal&gt;</file>
         <name>&lt;internal&gt;</name>
      </input_file>
      <input_file id="fl-28">
         <path>..\lib\</path>
         <kind>archive</kind>
         <file>F021_API_CortexR4_BE_L2FMC.lib</file>
         <name>Async.WithAddress.obj</name>
      </input_file>
      <input_file id="fl-29">
         <path>..\lib\</path>
         <kind>archive</kind>
         <file>F021_API_CortexR4_BE_L2FMC.lib</file>
         <name>FlashStateMachine.AutoEccGeneration.obj</name>
      </input_file>
      <input_file id="fl-2a">
         <path>..\lib\</path>
         <kind>archive</kind>
         <file>F021_API_CortexR4_BE_L2FMC.lib</file>
         <name>FlashStateMachine.EnableMainSectors.obj</name>
      </input_file>
      <input_file id="fl-2b">
         <path>..\lib\</path>
         <kind>archive</kind>
         <file>F021_API_CortexR4_BE_L2FMC.lib</file>
         <name>FlashStateMachine.InitializeFlashBanks.obj</name>
      </input_file>
      <input_file id="fl-2c">
         <path>..\lib\</path>
         <kind>archive</kind>
         <file>F021_API_CortexR4_BE_L2FMC.lib</file>
         <name>FlashStateMachine.IssueFsmCommand.obj</name>
      </input_file>
      <input_file id="fl-2d">
         <path>..\lib\</path>
         <kind>archive</kind>
         <file>F021_API_CortexR4_BE_L2FMC.lib</file>
         <name>FlashStateMachine.ScaleFclk.obj</name>
      </input_file>
      <input_file id="fl-2e">
         <path>..\lib\</path>
         <kind>archive</kind>
         <file>F021_API_CortexR4_BE_L2FMC.lib</file>
         <name>FlashStateMachine.SetActiveBank.obj</name>
      </input_file>
      <input_file id="fl-2f">
         <path>..\lib\</path>
         <kind>archive</kind>
         <file>F021_API_CortexR4_BE_L2FMC.lib</file>
         <name>Program.obj</name>
      </input_file>
      <input_file id="fl-30">
         <path>..\lib\</path>
         <kind>archive</kind>
         <file>F021_API_CortexR4_BE_L2FMC.lib</file>
         <name>Read.MarginByByte.obj</name>
      </input_file>
      <input_file id="fl-31">
         <path>..\lib\</path>
         <kind>archive</kind>
         <file>F021_API_CortexR4_BE_L2FMC.lib</file>
         <name>Read.WdService.obj</name>
      </input_file>
      <input_file id="fl-32">
         <path>..\lib\</path>
         <kind>archive</kind>
         <file>F021_API_CortexR4_BE_L2FMC.lib</file>
         <name>Utilities.CalculateFletcher.obj</name>
      </input_file>
      <input_file id="fl-33">
         <path>..\lib\</path>
         <kind>archive</kind>
         <file>F021_API_CortexR4_BE_L2FMC.lib</file>
         <name>Utilities.GetNumberOfSectors.obj</name>
      </input_file>
      <input_file id="fl-34">
         <path>..\lib\</path>
         <kind>archive</kind>
         <file>F021_API_CortexR4_BE_L2FMC.lib</file>
         <name>Read.Common.obj</name>
      </input_file>
      <input_file id="fl-35">
         <path>..\lib\</path>
         <kind>archive</kind>
         <file>F021_API_CortexR4_BE_L2FMC.lib</file>
         <name>Read.FlushPipeline.obj</name>
      </input_file>
      <input_file id="fl-36">
         <path>..\lib\</path>
         <kind>archive</kind>
         <file>F021_API_CortexR4_BE_L2FMC.lib</file>
         <name>Utilities.WaitDelay.obj</name>
      </input_file>
      <input_file id="fl-37">
         <path>..\lib\</path>
         <kind>archive</kind>
         <file>F021_API_CortexR4_BE_L2FMC.lib</file>
         <name>FlashStateMachine.Hercules.IsEccAddress.obj</name>
      </input_file>
      <input_file id="fl-38">
         <path>C:\ti\ccs1010\ccs\tools\compiler\ti-cgt-arm_20.2.1.LTS\lib\</path>
         <kind>archive</kind>
         <file>rtsv7R4_T_be_v3D16_eabi.lib</file>
         <name>s_floor.c.obj</name>
      </input_file>
      <input_file id="fl-39">
         <path>C:\ti\ccs1010\ccs\tools\compiler\ti-cgt-arm_20.2.1.LTS\lib\</path>
         <kind>archive</kind>
         <file>rtsv7R4_T_be_v3D16_eabi.lib</file>
         <name>printf.c.obj</name>
      </input_file>
      <input_file id="fl-3a">
         <path>C:\ti\ccs1010\ccs\tools\compiler\ti-cgt-arm_20.2.1.LTS\lib\</path>
         <kind>archive</kind>
         <file>rtsv7R4_T_be_v3D16_eabi.lib</file>
         <name>_printfi.c.obj</name>
      </input_file>
      <input_file id="fl-3b">
         <path>C:\ti\ccs1010\ccs\tools\compiler\ti-cgt-arm_20.2.1.LTS\lib\</path>
         <kind>archive</kind>
         <file>rtsv7R4_T_be_v3D16_eabi.lib</file>
         <name>fputc.c.obj</name>
      </input_file>
      <input_file id="fl-3c">
         <path>C:\ti\ccs1010\ccs\tools\compiler\ti-cgt-arm_20.2.1.LTS\lib\</path>
         <kind>archive</kind>
         <file>rtsv7R4_T_be_v3D16_eabi.lib</file>
         <name>fputs.c.obj</name>
      </input_file>
      <input_file id="fl-3d">
         <path>C:\ti\ccs1010\ccs\tools\compiler\ti-cgt-arm_20.2.1.LTS\lib\</path>
         <kind>archive</kind>
         <file>rtsv7R4_T_be_v3D16_eabi.lib</file>
         <name>_io_perm.c.obj</name>
      </input_file>
      <input_file id="fl-3e">
         <path>C:\ti\ccs1010\ccs\tools\compiler\ti-cgt-arm_20.2.1.LTS\lib\</path>
         <kind>archive</kind>
         <file>rtsv7R4_T_be_v3D16_eabi.lib</file>
         <name>setvbuf.c.obj</name>
      </input_file>
      <input_file id="fl-3f">
         <path>C:\ti\ccs1010\ccs\tools\compiler\ti-cgt-arm_20.2.1.LTS\lib\</path>
         <kind>archive</kind>
         <file>rtsv7R4_T_be_v3D16_eabi.lib</file>
         <name>memset_t2.asm.obj</name>
      </input_file>
      <input_file id="fl-40">
         <path>C:\ti\ccs1010\ccs\tools\compiler\ti-cgt-arm_20.2.1.LTS\lib\</path>
         <kind>archive</kind>
         <file>rtsv7R4_T_be_v3D16_eabi.lib</file>
         <name>ull_div32.asm.obj</name>
      </input_file>
      <input_file id="fl-41">
         <path>C:\ti\ccs1010\ccs\tools\compiler\ti-cgt-arm_20.2.1.LTS\lib\</path>
         <kind>archive</kind>
         <file>rtsv7R4_T_be_v3D16_eabi.lib</file>
         <name>memcpy_t2.asm.obj</name>
      </input_file>
      <input_file id="fl-42">
         <path>C:\ti\ccs1010\ccs\tools\compiler\ti-cgt-arm_20.2.1.LTS\lib\</path>
         <kind>archive</kind>
         <file>rtsv7R4_T_be_v3D16_eabi.lib</file>
         <name>u_div32.asm.obj</name>
      </input_file>
      <input_file id="fl-43">
         <path>C:\ti\ccs1010\ccs\tools\compiler\ti-cgt-arm_20.2.1.LTS\lib\</path>
         <kind>archive</kind>
         <file>rtsv7R4_T_be_v3D16_eabi.lib</file>
         <name>autoinit.c.obj</name>
      </input_file>
      <input_file id="fl-44">
         <path>C:\ti\ccs1010\ccs\tools\compiler\ti-cgt-arm_20.2.1.LTS\lib\</path>
         <kind>archive</kind>
         <file>rtsv7R4_T_be_v3D16_eabi.lib</file>
         <name>cpy_tbl.c.obj</name>
      </input_file>
      <input_file id="fl-45">
         <path>C:\ti\ccs1010\ccs\tools\compiler\ti-cgt-arm_20.2.1.LTS\lib\</path>
         <kind>archive</kind>
         <file>rtsv7R4_T_be_v3D16_eabi.lib</file>
         <name>copy_zero_init.c.obj</name>
      </input_file>
      <input_file id="fl-46">
         <path>C:\ti\ccs1010\ccs\tools\compiler\ti-cgt-arm_20.2.1.LTS\lib\</path>
         <kind>archive</kind>
         <file>rtsv7R4_T_be_v3D16_eabi.lib</file>
         <name>copy_decompress_none.c.obj</name>
      </input_file>
      <input_file id="fl-47">
         <path>C:\ti\ccs1010\ccs\tools\compiler\ti-cgt-arm_20.2.1.LTS\lib\</path>
         <kind>archive</kind>
         <file>rtsv7R4_T_be_v3D16_eabi.lib</file>
         <name>copy_decompress_lzss.c.obj</name>
      </input_file>
      <input_file id="fl-48">
         <path>C:\ti\ccs1010\ccs\tools\compiler\ti-cgt-arm_20.2.1.LTS\lib\</path>
         <kind>archive</kind>
         <file>rtsv7R4_T_be_v3D16_eabi.lib</file>
         <name>exit.c.obj</name>
      </input_file>
      <input_file id="fl-49">
         <path>C:\ti\ccs1010\ccs\tools\compiler\ti-cgt-arm_20.2.1.LTS\lib\</path>
         <kind>archive</kind>
         <file>rtsv7R4_T_be_v3D16_eabi.lib</file>
         <name>_lock.c.obj</name>
      </input_file>
      <input_file id="fl-4a">
         <path>C:\ti\ccs1010\ccs\tools\compiler\ti-cgt-arm_20.2.1.LTS\lib\</path>
         <kind>archive</kind>
         <file>rtsv7R4_T_be_v3D16_eabi.lib</file>
         <name>_ltoa.c.obj</name>
      </input_file>
      <input_file id="fl-4b">
         <path>C:\ti\ccs1010\ccs\tools\compiler\ti-cgt-arm_20.2.1.LTS\lib\</path>
         <kind>archive</kind>
         <file>rtsv7R4_T_be_v3D16_eabi.lib</file>
         <name>atoi.c.obj</name>
      </input_file>
      <input_file id="fl-4c">
         <path>C:\ti\ccs1010\ccs\tools\compiler\ti-cgt-arm_20.2.1.LTS\lib\</path>
         <kind>archive</kind>
         <file>rtsv7R4_T_be_v3D16_eabi.lib</file>
         <name>ctype.c.obj</name>
      </input_file>
      <input_file id="fl-4d">
         <path>C:\ti\ccs1010\ccs\tools\compiler\ti-cgt-arm_20.2.1.LTS\lib\</path>
         <kind>archive</kind>
         <file>rtsv7R4_T_be_v3D16_eabi.lib</file>
         <name>defs.c.obj</name>
      </input_file>
      <input_file id="fl-4e">
         <path>C:\ti\ccs1010\ccs\tools\compiler\ti-cgt-arm_20.2.1.LTS\lib\</path>
         <kind>archive</kind>
         <file>rtsv7R4_T_be_v3D16_eabi.lib</file>
         <name>memccpy.c.obj</name>
      </input_file>
      <input_file id="fl-4f">
         <path>C:\ti\ccs1010\ccs\tools\compiler\ti-cgt-arm_20.2.1.LTS\lib\</path>
         <kind>archive</kind>
         <file>rtsv7R4_T_be_v3D16_eabi.lib</file>
         <name>memchr.c.obj</name>
      </input_file>
      <input_file id="fl-50">
         <path>C:\ti\ccs1010\ccs\tools\compiler\ti-cgt-arm_20.2.1.LTS\lib\</path>
         <kind>archive</kind>
         <file>rtsv7R4_T_be_v3D16_eabi.lib</file>
         <name>memory.c.obj</name>
      </input_file>
      <input_file id="fl-51">
         <path>C:\ti\ccs1010\ccs\tools\compiler\ti-cgt-arm_20.2.1.LTS\lib\</path>
         <kind>archive</kind>
         <file>rtsv7R4_T_be_v3D16_eabi.lib</file>
         <name>strchr.c.obj</name>
      </input_file>
      <input_file id="fl-52">
         <path>C:\ti\ccs1010\ccs\tools\compiler\ti-cgt-arm_20.2.1.LTS\lib\</path>
         <kind>archive</kind>
         <file>rtsv7R4_T_be_v3D16_eabi.lib</file>
         <name>strlen.c.obj</name>
      </input_file>
      <input_file id="fl-53">
         <path>C:\ti\ccs1010\ccs\tools\compiler\ti-cgt-arm_20.2.1.LTS\lib\</path>
         <kind>archive</kind>
         <file>rtsv7R4_T_be_v3D16_eabi.lib</file>
         <name>write.c.obj</name>
      </input_file>
      <input_file id="fl-54">
         <path>C:\ti\ccs1010\ccs\tools\compiler\ti-cgt-arm_20.2.1.LTS\lib\</path>
         <kind>archive</kind>
         <file>rtsv7R4_T_be_v3D16_eabi.lib</file>
         <name>host_device.c.obj</name>
      </input_file>
      <input_file id="fl-55">
         <path>C:\ti\ccs1010\ccs\tools\compiler\ti-cgt-arm_20.2.1.LTS\lib\</path>
         <kind>archive</kind>
         <file>rtsv7R4_T_be_v3D16_eabi.lib</file>
         <name>errno.c.obj</name>
      </input_file>
      <input_file id="fl-56">
         <path>C:\ti\ccs1010\ccs\tools\compiler\ti-cgt-arm_20.2.1.LTS\lib\</path>
         <kind>archive</kind>
         <file>rtsv7R4_T_be_v3D16_eabi.lib</file>
         <name>s_frexp.c.obj</name>
      </input_file>
      <input_file id="fl-57">
         <path>C:\ti\ccs1010\ccs\tools\compiler\ti-cgt-arm_20.2.1.LTS\lib\</path>
         <kind>archive</kind>
         <file>rtsv7R4_T_be_v3D16_eabi.lib</file>
         <name>s_scalbn.c.obj</name>
      </input_file>
      <input_file id="fl-58">
         <path>C:\ti\ccs1010\ccs\tools\compiler\ti-cgt-arm_20.2.1.LTS\lib\</path>
         <kind>archive</kind>
         <file>rtsv7R4_T_be_v3D16_eabi.lib</file>
         <name>wcslen.c.obj</name>
      </input_file>
      <input_file id="fl-59">
         <path>C:\ti\ccs1010\ccs\tools\compiler\ti-cgt-arm_20.2.1.LTS\lib\</path>
         <kind>archive</kind>
         <file>rtsv7R4_T_be_v3D16_eabi.lib</file>
         <name>fflush.c.obj</name>
      </input_file>
      <input_file id="fl-5a">
         <path>C:\ti\ccs1010\ccs\tools\compiler\ti-cgt-arm_20.2.1.LTS\lib\</path>
         <kind>archive</kind>
         <file>rtsv7R4_T_be_v3D16_eabi.lib</file>
         <name>fopen.c.obj</name>
      </input_file>
      <input_file id="fl-5b">
         <path>C:\ti\ccs1010\ccs\tools\compiler\ti-cgt-arm_20.2.1.LTS\lib\</path>
         <kind>archive</kind>
         <file>rtsv7R4_T_be_v3D16_eabi.lib</file>
         <name>fseek.c.obj</name>
      </input_file>
      <input_file id="fl-5c">
         <path>C:\ti\ccs1010\ccs\tools\compiler\ti-cgt-arm_20.2.1.LTS\lib\</path>
         <kind>archive</kind>
         <file>rtsv7R4_T_be_v3D16_eabi.lib</file>
         <name>div0.asm.obj</name>
      </input_file>
      <input_file id="fl-5d">
         <path>C:\ti\ccs1010\ccs\tools\compiler\ti-cgt-arm_20.2.1.LTS\lib\</path>
         <kind>archive</kind>
         <file>rtsv7R4_T_be_v3D16_eabi.lib</file>
         <name>hostclose.c.obj</name>
      </input_file>
      <input_file id="fl-5e">
         <path>C:\ti\ccs1010\ccs\tools\compiler\ti-cgt-arm_20.2.1.LTS\lib\</path>
         <kind>archive</kind>
         <file>rtsv7R4_T_be_v3D16_eabi.lib</file>
         <name>hostlseek.c.obj</name>
      </input_file>
      <input_file id="fl-5f">
         <path>C:\ti\ccs1010\ccs\tools\compiler\ti-cgt-arm_20.2.1.LTS\lib\</path>
         <kind>archive</kind>
         <file>rtsv7R4_T_be_v3D16_eabi.lib</file>
         <name>hostopen.c.obj</name>
      </input_file>
      <input_file id="fl-60">
         <path>C:\ti\ccs1010\ccs\tools\compiler\ti-cgt-arm_20.2.1.LTS\lib\</path>
         <kind>archive</kind>
         <file>rtsv7R4_T_be_v3D16_eabi.lib</file>
         <name>hostread.c.obj</name>
      </input_file>
      <input_file id="fl-61">
         <path>C:\ti\ccs1010\ccs\tools\compiler\ti-cgt-arm_20.2.1.LTS\lib\</path>
         <kind>archive</kind>
         <file>rtsv7R4_T_be_v3D16_eabi.lib</file>
         <name>hostrename.c.obj</name>
      </input_file>
      <input_file id="fl-62">
         <path>C:\ti\ccs1010\ccs\tools\compiler\ti-cgt-arm_20.2.1.LTS\lib\</path>
         <kind>archive</kind>
         <file>rtsv7R4_T_be_v3D16_eabi.lib</file>
         <name>hostunlink.c.obj</name>
      </input_file>
      <input_file id="fl-63">
         <path>C:\ti\ccs1010\ccs\tools\compiler\ti-cgt-arm_20.2.1.LTS\lib\</path>
         <kind>archive</kind>
         <file>rtsv7R4_T_be_v3D16_eabi.lib</file>
         <name>hostwrite.c.obj</name>
      </input_file>
      <input_file id="fl-64">
         <path>C:\ti\ccs1010\ccs\tools\compiler\ti-cgt-arm_20.2.1.LTS\lib\</path>
         <kind>archive</kind>
         <file>rtsv7R4_T_be_v3D16_eabi.lib</file>
         <name>trgmsg.c.obj</name>
      </input_file>
      <input_file id="fl-65">
         <path>C:\ti\ccs1010\ccs\tools\compiler\ti-cgt-arm_20.2.1.LTS\lib\</path>
         <kind>archive</kind>
         <file>rtsv7R4_T_be_v3D16_eabi.lib</file>
         <name>open.c.obj</name>
      </input_file>
      <input_file id="fl-66">
         <path>C:\ti\ccs1010\ccs\tools\compiler\ti-cgt-arm_20.2.1.LTS\lib\</path>
         <kind>archive</kind>
         <file>rtsv7R4_T_be_v3D16_eabi.lib</file>
         <name>lseek.c.obj</name>
      </input_file>
      <input_file id="fl-67">
         <path>C:\ti\ccs1010\ccs\tools\compiler\ti-cgt-arm_20.2.1.LTS\lib\</path>
         <kind>archive</kind>
         <file>rtsv7R4_T_be_v3D16_eabi.lib</file>
         <name>s_copysign.c.obj</name>
      </input_file>
      <input_file id="fl-68">
         <path>C:\ti\ccs1010\ccs\tools\compiler\ti-cgt-arm_20.2.1.LTS\lib\</path>
         <kind>archive</kind>
         <file>rtsv7R4_T_be_v3D16_eabi.lib</file>
         <name>fclose.c.obj</name>
      </input_file>
      <input_file id="fl-69">
         <path>C:\ti\ccs1010\ccs\tools\compiler\ti-cgt-arm_20.2.1.LTS\lib\</path>
         <kind>archive</kind>
         <file>rtsv7R4_T_be_v3D16_eabi.lib</file>
         <name>getdevice.c.obj</name>
      </input_file>
      <input_file id="fl-6a">
         <path>C:\ti\ccs1010\ccs\tools\compiler\ti-cgt-arm_20.2.1.LTS\lib\</path>
         <kind>archive</kind>
         <file>rtsv7R4_T_be_v3D16_eabi.lib</file>
         <name>strcmp.c.obj</name>
      </input_file>
      <input_file id="fl-6b">
         <path>C:\ti\ccs1010\ccs\tools\compiler\ti-cgt-arm_20.2.1.LTS\lib\</path>
         <kind>archive</kind>
         <file>rtsv7R4_T_be_v3D16_eabi.lib</file>
         <name>strcpy.c.obj</name>
      </input_file>
      <input_file id="fl-6c">
         <path>C:\ti\ccs1010\ccs\tools\compiler\ti-cgt-arm_20.2.1.LTS\lib\</path>
         <kind>archive</kind>
         <file>rtsv7R4_T_be_v3D16_eabi.lib</file>
         <name>strncpy.c.obj</name>
      </input_file>
      <input_file id="fl-6d">
         <path>C:\ti\ccs1010\ccs\tools\compiler\ti-cgt-arm_20.2.1.LTS\lib\</path>
         <kind>archive</kind>
         <file>rtsv7R4_T_be_v3D16_eabi.lib</file>
         <name>remove.c.obj</name>
      </input_file>
      <input_file id="fl-6e">
         <path>C:\ti\ccs1010\ccs\tools\compiler\ti-cgt-arm_20.2.1.LTS\lib\</path>
         <kind>archive</kind>
         <file>rtsv7R4_T_be_v3D16_eabi.lib</file>
         <name>close.c.obj</name>
      </input_file>
      <input_file id="fl-6f">
         <path>C:\ti\ccs1010\ccs\tools\compiler\ti-cgt-arm_20.2.1.LTS\lib\</path>
         <kind>archive</kind>
         <file>rtsv7R4_T_be_v3D16_eabi.lib</file>
         <name>unlink.c.obj</name>
      </input_file>
   </input_file_list>
   <object_component_list>
      <object_component id="oc-3a">
         <name>.intvecs</name>
         <load_address>0x0</load_address>
         <run_address>0x0</run_address>
         <size>0x20</size>
         <input_file_ref idref="fl-17"/>
      </object_component>
      <object_component id="oc-156">
         <name>.text</name>
         <load_address>0x20</load_address>
         <run_address>0x20</run_address>
         <size>0xebc</size>
         <input_file_ref idref="fl-6"/>
      </object_component>
      <object_component id="oc-144">
         <name>.text</name>
         <load_address>0xedc</load_address>
         <run_address>0xedc</run_address>
         <size>0xaf0</size>
         <input_file_ref idref="fl-14"/>
      </object_component>
      <object_component id="oc-215">
         <name>.text</name>
         <load_address>0x19cc</load_address>
         <run_address>0x19cc</run_address>
         <size>0xa7c</size>
         <input_file_ref idref="fl-7"/>
      </object_component>
      <object_component id="oc-2a9">
         <name>.text:__TI_printfi</name>
         <load_address>0x2448</load_address>
         <run_address>0x2448</run_address>
         <size>0xa4a</size>
         <input_file_ref idref="fl-3a"/>
      </object_component>
      <object_component id="oc-2d8">
         <name>.text:_nop</name>
         <load_address>0x2e92</load_address>
         <run_address>0x2e92</run_address>
         <size>0x2</size>
         <input_file_ref idref="fl-49"/>
      </object_component>
      <object_component id="oc-ea">
         <name>.text</name>
         <load_address>0x2e94</load_address>
         <run_address>0x2e94</run_address>
         <size>0x9d8</size>
         <input_file_ref idref="fl-12"/>
      </object_component>
      <object_component id="oc-7c">
         <name>.text</name>
         <load_address>0x386c</load_address>
         <run_address>0x386c</run_address>
         <size>0x998</size>
         <input_file_ref idref="fl-1f"/>
      </object_component>
      <object_component id="oc-46">
         <name>.text</name>
         <load_address>0x4204</load_address>
         <run_address>0x4204</run_address>
         <size>0x938</size>
         <input_file_ref idref="fl-1e"/>
      </object_component>
      <object_component id="oc-94">
         <name>.text</name>
         <load_address>0x4b3c</load_address>
         <run_address>0x4b3c</run_address>
         <size>0x78c</size>
         <input_file_ref idref="fl-e"/>
      </object_component>
      <object_component id="oc-14a">
         <name>.text</name>
         <load_address>0x52c8</load_address>
         <run_address>0x52c8</run_address>
         <size>0x768</size>
         <input_file_ref idref="fl-8"/>
      </object_component>
      <object_component id="oc-29d">
         <name>.text</name>
         <load_address>0x5a30</load_address>
         <run_address>0x5a30</run_address>
         <size>0x734</size>
         <input_file_ref idref="fl-4"/>
      </object_component>
      <object_component id="oc-13e">
         <name>.text</name>
         <load_address>0x6164</load_address>
         <run_address>0x6164</run_address>
         <size>0x69c</size>
         <input_file_ref idref="fl-13"/>
      </object_component>
      <object_component id="oc-82">
         <name>.text</name>
         <load_address>0x6800</load_address>
         <run_address>0x6800</run_address>
         <size>0x664</size>
         <input_file_ref idref="fl-d"/>
      </object_component>
      <object_component id="oc-138">
         <name>.text</name>
         <load_address>0x6e64</load_address>
         <run_address>0x6e64</run_address>
         <size>0x484</size>
         <input_file_ref idref="fl-f"/>
      </object_component>
      <object_component id="oc-77">
         <name>.text</name>
         <load_address>0x72e8</load_address>
         <run_address>0x72e8</run_address>
         <size>0x3c4</size>
         <input_file_ref idref="fl-15"/>
      </object_component>
      <object_component id="oc-9a">
         <name>.text</name>
         <load_address>0x76ac</load_address>
         <run_address>0x76ac</run_address>
         <size>0x36c</size>
         <input_file_ref idref="fl-18"/>
      </object_component>
      <object_component id="oc-45">
         <name>.text:retain</name>
         <load_address>0x7a18</load_address>
         <run_address>0x7a18</run_address>
         <size>0x33c</size>
         <input_file_ref idref="fl-1e"/>
      </object_component>
      <object_component id="oc-409">
         <name>.text</name>
         <load_address>0x7d54</load_address>
         <run_address>0x7d54</run_address>
         <size>0x2b8</size>
         <input_file_ref idref="fl-40"/>
      </object_component>
      <object_component id="oc-309">
         <name>.text:Fapi_initializeFlashBanks</name>
         <load_address>0x800c</load_address>
         <run_address>0x800c</run_address>
         <size>0x260</size>
         <input_file_ref idref="fl-2b"/>
      </object_component>
      <object_component id="oc-35c">
         <name>.text:_pconv_a</name>
         <load_address>0x826c</load_address>
         <run_address>0x826c</run_address>
         <size>0x248</size>
         <input_file_ref idref="fl-3a"/>
      </object_component>
      <object_component id="oc-34a">
         <name>.text:_pconv_g</name>
         <load_address>0x84b4</load_address>
         <run_address>0x84b4</run_address>
         <size>0x1a0</size>
         <input_file_ref idref="fl-3a"/>
      </object_component>
      <object_component id="oc-315">
         <name>.text:Fapi_setActiveFlashBank</name>
         <load_address>0x8654</load_address>
         <run_address>0x8654</run_address>
         <size>0x17c</size>
         <input_file_ref idref="fl-2e"/>
      </object_component>
      <object_component id="oc-2b">
         <name>.text:retain</name>
         <load_address>0x87d0</load_address>
         <run_address>0x87d0</run_address>
         <size>0x178</size>
         <input_file_ref idref="fl-e"/>
      </object_component>
      <object_component id="oc-327">
         <name>.text:Fapi_issueProgrammingCommand</name>
         <load_address>0x8948</load_address>
         <run_address>0x8948</run_address>
         <size>0x164</size>
         <input_file_ref idref="fl-2f"/>
      </object_component>
      <object_component id="oc-221">
         <name>.text</name>
         <load_address>0x8aac</load_address>
         <run_address>0x8aac</run_address>
         <size>0x158</size>
         <input_file_ref idref="fl-9"/>
      </object_component>
      <object_component id="oc-a0">
         <name>.text</name>
         <load_address>0x8c04</load_address>
         <run_address>0x8c04</run_address>
         <size>0x144</size>
         <input_file_ref idref="fl-5"/>
      </object_component>
      <object_component id="oc-384">
         <name>.text:fputs</name>
         <load_address>0x8d48</load_address>
         <run_address>0x8d48</run_address>
         <size>0x118</size>
         <input_file_ref idref="fl-3c"/>
      </object_component>
      <object_component id="oc-356">
         <name>.text:_pconv_e</name>
         <load_address>0x8e60</load_address>
         <run_address>0x8e60</run_address>
         <size>0x104</size>
         <input_file_ref idref="fl-3a"/>
      </object_component>
      <object_component id="oc-56f">
         <name>.text:aligned_alloc</name>
         <load_address>0x8f64</load_address>
         <run_address>0x8f64</run_address>
         <size>0x104</size>
         <input_file_ref idref="fl-50"/>
      </object_component>
      <object_component id="oc-422">
         <name>.text:fcvt</name>
         <load_address>0x9068</load_address>
         <run_address>0x9068</run_address>
         <size>0xfc</size>
         <input_file_ref idref="fl-3a"/>
      </object_component>
      <object_component id="oc-436">
         <name>.text:scalbn</name>
         <load_address>0x9164</load_address>
         <run_address>0x9164</run_address>
         <size>0xf0</size>
         <input_file_ref idref="fl-57"/>
      </object_component>
      <object_component id="oc-52b">
         <name>.text:free</name>
         <load_address>0x9254</load_address>
         <run_address>0x9254</run_address>
         <size>0xe4</size>
         <input_file_ref idref="fl-50"/>
      </object_component>
      <object_component id="oc-1fd">
         <name>.text:floor</name>
         <load_address>0x9338</load_address>
         <run_address>0x9338</run_address>
         <size>0xe0</size>
         <input_file_ref idref="fl-38"/>
      </object_component>
      <object_component id="oc-4ea">
         <name>.text:setvbuf</name>
         <load_address>0x9418</load_address>
         <run_address>0x9418</run_address>
         <size>0xdc</size>
         <input_file_ref idref="fl-3e"/>
      </object_component>
      <object_component id="oc-25">
         <name>.text:retain</name>
         <load_address>0x94f4</load_address>
         <run_address>0x94f4</run_address>
         <size>0xd4</size>
         <input_file_ref idref="fl-1d"/>
      </object_component>
      <object_component id="oc-344">
         <name>.text:_ltostr</name>
         <load_address>0x95c8</load_address>
         <run_address>0x95c8</run_address>
         <size>0xad</size>
         <input_file_ref idref="fl-3a"/>
      </object_component>
      <object_component id="oc-28c">
         <name>.text</name>
         <load_address>0x9676</load_address>
         <run_address>0x9676</run_address>
         <size>0x2</size>
         <input_file_ref idref="fl-5c"/>
      </object_component>
      <object_component id="oc-8e">
         <name>.text</name>
         <load_address>0x9678</load_address>
         <run_address>0x9678</run_address>
         <size>0x9c</size>
         <input_file_ref idref="fl-11"/>
      </object_component>
      <object_component id="oc-5f">
         <name>.text</name>
         <load_address>0x9714</load_address>
         <run_address>0x9714</run_address>
         <size>0x9c</size>
         <input_file_ref idref="fl-41"/>
      </object_component>
      <object_component id="oc-38b">
         <name>.text:fputc</name>
         <load_address>0x97b0</load_address>
         <run_address>0x97b0</run_address>
         <size>0x90</size>
         <input_file_ref idref="fl-3b"/>
      </object_component>
      <object_component id="oc-41b">
         <name>.text:_mcpy</name>
         <load_address>0x9840</load_address>
         <run_address>0x9840</run_address>
         <size>0x7a</size>
         <input_file_ref idref="fl-3a"/>
      </object_component>
      <object_component id="oc-e3">
         <name>.text</name>
         <load_address>0x98ba</load_address>
         <run_address>0x98ba</run_address>
         <size>0x7a</size>
         <input_file_ref idref="fl-3f"/>
      </object_component>
      <object_component id="oc-576">
         <name>.text:__TI_closefile</name>
         <load_address>0x9934</load_address>
         <run_address>0x9934</run_address>
         <size>0x74</size>
         <input_file_ref idref="fl-68"/>
      </object_component>
      <object_component id="oc-430">
         <name>.text:frexp</name>
         <load_address>0x99a8</load_address>
         <run_address>0x99a8</run_address>
         <size>0x74</size>
         <input_file_ref idref="fl-56"/>
      </object_component>
      <object_component id="oc-5b9">
         <name>.text:split</name>
         <load_address>0x9a1c</load_address>
         <run_address>0x9a1c</run_address>
         <size>0x74</size>
         <input_file_ref idref="fl-50"/>
      </object_component>
      <object_component id="oc-31b">
         <name>.text:Fapi_enableMainBankSectors</name>
         <load_address>0x9a90</load_address>
         <run_address>0x9a90</run_address>
         <size>0x70</size>
         <input_file_ref idref="fl-2a"/>
      </object_component>
      <object_component id="oc-5a6">
         <name>.text:HOSTrename</name>
         <load_address>0x9b00</load_address>
         <run_address>0x9b00</run_address>
         <size>0x6c</size>
         <input_file_ref idref="fl-61"/>
      </object_component>
      <object_component id="oc-18">
         <name>.text:decompress:lzss:__TI_decompress_lzss</name>
         <load_address>0x9b6c</load_address>
         <run_address>0x9b6c</run_address>
         <size>0x6c</size>
         <input_file_ref idref="fl-47"/>
      </object_component>
      <object_component id="oc-59a">
         <name>.text:HOSTlseek</name>
         <load_address>0x9bd8</load_address>
         <run_address>0x9bd8</run_address>
         <size>0x68</size>
         <input_file_ref idref="fl-5e"/>
      </object_component>
      <object_component id="oc-3e0">
         <name>.text:_Fapi_enterMarginMode</name>
         <load_address>0x9c40</load_address>
         <run_address>0x9c40</run_address>
         <size>0x68</size>
         <input_file_ref idref="fl-34"/>
      </object_component>
      <object_component id="oc-21b">
         <name>.text:printf</name>
         <load_address>0x9ca8</load_address>
         <run_address>0x9ca8</run_address>
         <size>0x68</size>
         <input_file_ref idref="fl-39"/>
      </object_component>
      <object_component id="oc-464">
         <name>.text:__TI_wrt_ok</name>
         <load_address>0x9d10</load_address>
         <run_address>0x9d10</run_address>
         <size>0x64</size>
         <input_file_ref idref="fl-3d"/>
      </object_component>
      <object_component id="oc-4e4">
         <name>.text:fseek</name>
         <load_address>0x9d74</load_address>
         <run_address>0x9d74</run_address>
         <size>0x64</size>
         <input_file_ref idref="fl-5b"/>
      </object_component>
      <object_component id="oc-582">
         <name>.text:HOSTopen</name>
         <load_address>0x9dd8</load_address>
         <run_address>0x9dd8</run_address>
         <size>0x5c</size>
         <input_file_ref idref="fl-5f"/>
      </object_component>
      <object_component id="oc-58e">
         <name>.text:HOSTread</name>
         <load_address>0x9e34</load_address>
         <run_address>0x9e34</run_address>
         <size>0x5c</size>
         <input_file_ref idref="fl-60"/>
      </object_component>
      <object_component id="oc-298">
         <name>.text</name>
         <load_address>0x9e90</load_address>
         <run_address>0x9e90</run_address>
         <size>0x5c</size>
         <input_file_ref idref="fl-a"/>
      </object_component>
      <object_component id="oc-594">
         <name>.text:HOSTwrite</name>
         <load_address>0x9eec</load_address>
         <run_address>0x9eec</run_address>
         <size>0x58</size>
         <input_file_ref idref="fl-63"/>
      </object_component>
      <object_component id="oc-5c0">
         <name>.text:close</name>
         <load_address>0x9f44</load_address>
         <run_address>0x9f44</run_address>
         <size>0x58</size>
         <input_file_ref idref="fl-6e"/>
      </object_component>
      <object_component id="oc-40f">
         <name>.text:__TI_ltoa</name>
         <load_address>0x9f9c</load_address>
         <run_address>0x9f9c</run_address>
         <size>0x54</size>
         <input_file_ref idref="fl-4a"/>
      </object_component>
      <object_component id="oc-415">
         <name>.text:_ecpy</name>
         <load_address>0x9ff0</load_address>
         <run_address>0x9ff0</run_address>
         <size>0x54</size>
         <input_file_ref idref="fl-3a"/>
      </object_component>
      <object_component id="oc-34">
         <name>.text:retain</name>
         <load_address>0xa044</load_address>
         <run_address>0xa044</run_address>
         <size>0x54</size>
         <input_file_ref idref="fl-13"/>
      </object_component>
      <object_component id="oc-350">
         <name>.text:_pconv_f</name>
         <load_address>0xa098</load_address>
         <run_address>0xa098</run_address>
         <size>0x50</size>
         <input_file_ref idref="fl-3a"/>
      </object_component>
      <object_component id="oc-33e">
         <name>.text:atoi</name>
         <load_address>0xa0e8</load_address>
         <run_address>0xa0e8</run_address>
         <size>0x50</size>
         <input_file_ref idref="fl-4b"/>
      </object_component>
      <object_component id="oc-208">
         <name>.text</name>
         <load_address>0xa138</load_address>
         <run_address>0xa138</run_address>
         <size>0x50</size>
         <input_file_ref idref="fl-42"/>
      </object_component>
      <object_component id="oc-470">
         <name>.text:__TI_doflush</name>
         <load_address>0xa188</load_address>
         <run_address>0xa188</run_address>
         <size>0x4c</size>
         <input_file_ref idref="fl-59"/>
      </object_component>
      <object_component id="oc-588">
         <name>.text:HOSTclose</name>
         <load_address>0xa1d4</load_address>
         <run_address>0xa1d4</run_address>
         <size>0x44</size>
         <input_file_ref idref="fl-5d"/>
      </object_component>
      <object_component id="oc-5a0">
         <name>.text:HOSTunlink</name>
         <load_address>0xa218</load_address>
         <run_address>0xa218</run_address>
         <size>0x44</size>
         <input_file_ref idref="fl-62"/>
      </object_component>
      <object_component id="oc-108">
         <name>.text:__TI_auto_init_nobinit_nopinit:__TI_auto_init_nobinit_nopinit</name>
         <load_address>0xa25c</load_address>
         <run_address>0xa25c</run_address>
         <size>0x44</size>
         <input_file_ref idref="fl-43"/>
      </object_component>
      <object_component id="oc-150">
         <name>.text</name>
         <load_address>0xa2a0</load_address>
         <run_address>0xa2a0</run_address>
         <size>0x44</size>
         <input_file_ref idref="fl-3"/>
      </object_component>
      <object_component id="oc-16e">
         <name>.text:exit</name>
         <load_address>0xa2e4</load_address>
         <run_address>0xa2e4</run_address>
         <size>0x44</size>
         <input_file_ref idref="fl-48"/>
      </object_component>
      <object_component id="oc-5f8">
         <name>.text:getdevice</name>
         <load_address>0xa328</load_address>
         <run_address>0xa328</run_address>
         <size>0x44</size>
         <input_file_ref idref="fl-69"/>
      </object_component>
      <object_component id="oc-3a1">
         <name>.text:Fapi_calculateFletcherChecksum</name>
         <load_address>0xa36c</load_address>
         <run_address>0xa36c</run_address>
         <size>0x40</size>
         <input_file_ref idref="fl-32"/>
      </object_component>
      <object_component id="oc-32d">
         <name>.text:Fapi_doMarginReadByByte</name>
         <load_address>0xa3ac</load_address>
         <run_address>0xa3ac</run_address>
         <size>0x40</size>
         <input_file_ref idref="fl-30"/>
      </object_component>
      <object_component id="oc-428">
         <name>.text:_fcpy</name>
         <load_address>0xa3ec</load_address>
         <run_address>0xa3ec</run_address>
         <size>0x40</size>
         <input_file_ref idref="fl-3a"/>
      </object_component>
      <object_component id="oc-3d1">
         <name>.text:_Fapi_issueFsmCommand</name>
         <load_address>0xa42c</load_address>
         <run_address>0xa42c</run_address>
         <size>0x3c</size>
         <input_file_ref idref="fl-2c"/>
      </object_component>
      <object_component id="oc-5d1">
         <name>.text:__TI_writemsg</name>
         <load_address>0xa468</load_address>
         <run_address>0xa468</run_address>
         <size>0x3c</size>
         <input_file_ref idref="fl-64"/>
      </object_component>
      <object_component id="oc-4a0">
         <name>.text:Fapi_flushPipeline</name>
         <load_address>0xa4a4</load_address>
         <run_address>0xa4a4</run_address>
         <size>0x38</size>
         <input_file_ref idref="fl-35"/>
      </object_component>
      <object_component id="oc-61a">
         <name>.text:strncpy</name>
         <load_address>0xa4dc</load_address>
         <run_address>0xa4dc</run_address>
         <size>0x36</size>
         <input_file_ref idref="fl-6c"/>
      </object_component>
      <object_component id="oc-537">
         <name>.text:__TI_cleanup</name>
         <load_address>0xa514</load_address>
         <run_address>0xa514</run_address>
         <size>0x34</size>
         <input_file_ref idref="fl-5a"/>
      </object_component>
      <object_component id="oc-5d7">
         <name>.text:__TI_readmsg</name>
         <load_address>0xa548</load_address>
         <run_address>0xa548</run_address>
         <size>0x34</size>
         <input_file_ref idref="fl-64"/>
      </object_component>
      <object_component id="oc-620">
         <name>.text:finddevice</name>
         <load_address>0xa57c</load_address>
         <run_address>0xa57c</run_address>
         <size>0x34</size>
         <input_file_ref idref="fl-69"/>
      </object_component>
      <object_component id="oc-321">
         <name>.text:Fapi_issueAsyncCommandWithAddress</name>
         <load_address>0xa5b0</load_address>
         <run_address>0xa5b0</run_address>
         <size>0x30</size>
         <input_file_ref idref="fl-28"/>
      </object_component>
      <object_component id="oc-507">
         <name>.text:Fapi_waitDelay</name>
         <load_address>0xa5e0</load_address>
         <run_address>0xa5e0</run_address>
         <size>0x30</size>
         <input_file_ref idref="fl-36"/>
      </object_component>
      <object_component id="oc-3ec">
         <name>.text:_Fapi_exitMarginMode</name>
         <load_address>0xa610</load_address>
         <run_address>0xa610</run_address>
         <size>0x2c</size>
         <input_file_ref idref="fl-34"/>
      </object_component>
      <object_component id="oc-5c6">
         <name>.text:unlink</name>
         <load_address>0xa63c</load_address>
         <run_address>0xa63c</run_address>
         <size>0x2c</size>
         <input_file_ref idref="fl-6f"/>
      </object_component>
      <object_component id="oc-568">
         <name>.text:free_list_insert</name>
         <load_address>0xa668</load_address>
         <run_address>0xa668</run_address>
         <size>0x28</size>
         <input_file_ref idref="fl-50"/>
      </object_component>
      <object_component id="oc-523">
         <name>.text:lseek</name>
         <load_address>0xa690</load_address>
         <run_address>0xa690</run_address>
         <size>0x28</size>
         <input_file_ref idref="fl-66"/>
      </object_component>
      <object_component id="oc-476">
         <name>.text:write</name>
         <load_address>0xa6b8</load_address>
         <run_address>0xa6b8</run_address>
         <size>0x28</size>
         <input_file_ref idref="fl-53"/>
      </object_component>
      <object_component id="oc-362">
         <name>.text:memccpy</name>
         <load_address>0xa6e0</load_address>
         <run_address>0xa6e0</run_address>
         <size>0x26</size>
         <input_file_ref idref="fl-4e"/>
      </object_component>
      <object_component id="oc-46a">
         <name>.text:memchr</name>
         <load_address>0xa706</load_address>
         <run_address>0xa706</run_address>
         <size>0x20</size>
         <input_file_ref idref="fl-4f"/>
      </object_component>
      <object_component id="oc-4c8">
         <name>.text:copysign</name>
         <load_address>0xa726</load_address>
         <run_address>0xa726</run_address>
         <size>0x1e</size>
         <input_file_ref idref="fl-67"/>
      </object_component>
      <object_component id="oc-3a7">
         <name>.text:_Fapi_divideUnsignedLong</name>
         <load_address>0xa744</load_address>
         <run_address>0xa744</run_address>
         <size>0x1c</size>
         <input_file_ref idref="fl-2b"/>
      </object_component>
      <object_component id="oc-6b">
         <name>.text:decompress:ZI:__TI_zero_init_nomemset:__TI_zero_init_nomemset</name>
         <load_address>0xa760</load_address>
         <run_address>0xa760</run_address>
         <size>0x1c</size>
         <input_file_ref idref="fl-45"/>
      </object_component>
      <object_component id="oc-562">
         <name>.text:free_list_remove</name>
         <load_address>0xa77c</load_address>
         <run_address>0xa77c</run_address>
         <size>0x1c</size>
         <input_file_ref idref="fl-50"/>
      </object_component>
      <object_component id="oc-637">
         <name>.text:strcmp</name>
         <load_address>0xa798</load_address>
         <run_address>0xa798</run_address>
         <size>0x18</size>
         <input_file_ref idref="fl-6a"/>
      </object_component>
      <object_component id="oc-43c">
         <name>.text:strchr</name>
         <load_address>0xa7b0</load_address>
         <run_address>0xa7b0</run_address>
         <size>0x16</size>
         <input_file_ref idref="fl-51"/>
      </object_component>
      <object_component id="oc-338">
         <name>.text:strlen</name>
         <load_address>0xa7c6</load_address>
         <run_address>0xa7c6</run_address>
         <size>0x16</size>
         <input_file_ref idref="fl-52"/>
      </object_component>
      <object_component id="oc-30f">
         <name>.text:Fapi_enableAutoEccCalculation</name>
         <load_address>0xa7dc</load_address>
         <run_address>0xa7dc</run_address>
         <size>0x14</size>
         <input_file_ref idref="fl-29"/>
      </object_component>
      <object_component id="oc-5eb">
         <name>.text:strcpy</name>
         <load_address>0xa7f0</load_address>
         <run_address>0xa7f0</run_address>
         <size>0x14</size>
         <input_file_ref idref="fl-6b"/>
      </object_component>
      <object_component id="oc-368">
         <name>.text:wcslen</name>
         <load_address>0xa804</load_address>
         <run_address>0xa804</run_address>
         <size>0x12</size>
         <input_file_ref idref="fl-58"/>
      </object_component>
      <object_component id="oc-3c9">
         <name>.text:Fapi_getNumberOfBankSectors</name>
         <load_address>0xa818</load_address>
         <run_address>0xa818</run_address>
         <size>0x10</size>
         <input_file_ref idref="fl-33"/>
      </object_component>
      <object_component id="oc-3b3">
         <name>.text:_scaleEEFclk</name>
         <load_address>0xa828</load_address>
         <run_address>0xa828</run_address>
         <size>0x10</size>
         <input_file_ref idref="fl-2d"/>
      </object_component>
      <object_component id="oc-3ad">
         <name>.text:_scaleMainFclk</name>
         <load_address>0xa838</load_address>
         <run_address>0xa838</run_address>
         <size>0x10</size>
         <input_file_ref idref="fl-2d"/>
      </object_component>
      <object_component id="oc-1e">
         <name>.text:decompress:none:__TI_decompress_none</name>
         <load_address>0xa848</load_address>
         <run_address>0xa848</run_address>
         <size>0xe</size>
         <input_file_ref idref="fl-46"/>
      </object_component>
      <object_component id="oc-3e6">
         <name>.text:_Fapi_checkWdService</name>
         <load_address>0xa856</load_address>
         <run_address>0xa856</run_address>
         <size>0xc</size>
         <input_file_ref idref="fl-31"/>
      </object_component>
      <object_component id="oc-4a8">
         <name>.text</name>
         <load_address>0xa864</load_address>
         <run_address>0xa864</run_address>
         <size>0x8</size>
         <input_file_ref idref="fl-2"/>
      </object_component>
      <object_component id="oc-36e">
         <name>.text:__aeabi_errno_addr</name>
         <load_address>0xa86c</load_address>
         <run_address>0xa86c</run_address>
         <size>0x8</size>
         <input_file_ref idref="fl-55"/>
      </object_component>
      <object_component id="oc-531">
         <name>.text:malloc</name>
         <load_address>0xa874</load_address>
         <run_address>0xa874</run_address>
         <size>0x8</size>
         <input_file_ref idref="fl-50"/>
      </object_component>
      <object_component id="oc-88">
         <name>.text</name>
         <load_address>0xa87c</load_address>
         <run_address>0xa87c</run_address>
         <size>0x4</size>
         <input_file_ref idref="fl-1d"/>
      </object_component>
      <object_component id="oc-2b8">
         <name>.text:_outc</name>
         <load_address>0xa880</load_address>
         <run_address>0xa880</run_address>
         <size>0x4</size>
         <input_file_ref idref="fl-39"/>
      </object_component>
      <object_component id="oc-2b2">
         <name>.text:_outs</name>
         <load_address>0xa884</load_address>
         <run_address>0xa884</run_address>
         <size>0x4</size>
         <input_file_ref idref="fl-39"/>
      </object_component>
      <object_component id="oc-168">
         <name>.text:abort:abort</name>
         <load_address>0xa888</load_address>
         <run_address>0xa888</run_address>
         <size>0x4</size>
         <input_file_ref idref="fl-48"/>
      </object_component>
      <object_component id="oc-3f">
         <name>.text:retain</name>
         <load_address>0xa88c</load_address>
         <run_address>0xa88c</run_address>
         <size>0x4</size>
         <input_file_ref idref="fl-1a"/>
      </object_component>
      <object_component id="oc-679">
         <name>.tramp.Fapi_serviceWatchdogTimer.1</name>
         <load_address>0xa890</load_address>
         <run_address>0xa890</run_address>
         <size>0x8</size>
         <input_file_ref idref="fl-2"/>
      </object_component>
      <object_component id="oc-333">
         <name>.const:flash_sector</name>
         <load_address>0xa8a0</load_address>
         <run_address>0xa8a0</run_address>
         <size>0x280</size>
         <input_file_ref idref="fl-4"/>
      </object_component>
      <object_component id="oc-31">
         <name>.const:s_vim_init</name>
         <load_address>0xab20</load_address>
         <run_address>0xab20</run_address>
         <size>0x200</size>
         <input_file_ref idref="fl-1e"/>
      </object_component>
      <object_component id="oc-404">
         <name>.const:.string:_ctypes_</name>
         <load_address>0xad20</load_address>
         <run_address>0xad20</run_address>
         <size>0x101</size>
         <input_file_ref idref="fl-4c"/>
      </object_component>
      <object_component id="oc-227">
         <name>.const:.string:$P$T0$1</name>
         <load_address>0xae21</load_address>
         <run_address>0xae21</run_address>
         <size>0xa</size>
         <input_file_ref idref="fl-6"/>
      </object_component>
      <object_component id="oc-676">
         <name>.cinit..data.load</name>
         <load_address>0xae40</load_address>
         <run_address>0xae40</run_address>
         <size>0x84</size>
      </object_component>
      <object_component id="oc-673">
         <name>__TI_handler_table</name>
         <load_address>0xaec4</load_address>
         <run_address>0xaec4</run_address>
         <size>0xc</size>
      </object_component>
      <object_component id="oc-675">
         <name>.cinit..bss.load</name>
         <load_address>0xaed0</load_address>
         <run_address>0xaed0</run_address>
         <size>0x8</size>
      </object_component>
      <object_component id="oc-674">
         <name>__TI_cinit_table</name>
         <load_address>0xaed8</load_address>
         <run_address>0xaed8</run_address>
         <size>0x10</size>
      </object_component>
      <object_component id="oc-20d">
         <name>.bss:num_str$1</name>
         <uninitialized>true</uninitialized>
         <run_address>0x80025c8</run_address>
         <size>0xc</size>
         <input_file_ref idref="fl-8"/>
      </object_component>
      <object_component id="oc-203">
         <name>.bss:g_sciTransfer_t</name>
         <uninitialized>true</uninitialized>
         <run_address>0x8002578</run_address>
         <size>0x50</size>
         <input_file_ref idref="fl-14"/>
      </object_component>
      <object_component id="oc-602">
         <name>.bss:_CIOBUF_</name>
         <uninitialized>true</uninitialized>
         <run_address>0x8002358</run_address>
         <size>0x120</size>
         <input_file_ref idref="fl-64"/>
      </object_component>
      <object_component id="oc-15c">
         <name>.common:g_ulTransferAddress</name>
         <uninitialized>true</uninitialized>
         <run_address>0x80025e4</run_address>
         <size>0x4</size>
      </object_component>
      <object_component id="oc-23f">
         <name>.common:JumpAddress</name>
         <uninitialized>true</uninitialized>
         <run_address>0x80025dc</run_address>
         <size>0x4</size>
      </object_component>
      <object_component id="oc-23c">
         <name>.common:crc_out</name>
         <uninitialized>true</uninitialized>
         <run_address>0x80025e0</run_address>
         <size>0x4</size>
      </object_component>
      <object_component id="oc-22d">
         <name>.common:fileName</name>
         <uninitialized>true</uninitialized>
         <run_address>0x8002518</run_address>
         <size>0x60</size>
      </object_component>
      <object_component id="oc-5cc">
         <name>.common:__TI_tmpnams</name>
         <uninitialized>true</uninitialized>
         <run_address>0x8002478</run_address>
         <size>0xa0</size>
      </object_component>
      <object_component id="oc-5dd">
         <name>.common:parmbuf</name>
         <uninitialized>true</uninitialized>
         <run_address>0x80025d4</run_address>
         <size>0x8</size>
      </object_component>
      <object_component id="oc-15f">
         <name>.data</name>
         <load_address>0x80022f8</load_address>
         <run_address>0x80022f8</run_address>
         <size>0x10</size>
         <input_file_ref idref="fl-5"/>
      </object_component>
      <object_component id="oc-210">
         <name>.data:g_pulUpdateSuccess</name>
         <load_address>0x80022b8</load_address>
         <run_address>0x80022b8</run_address>
         <size>0x20</size>
         <input_file_ref idref="fl-5"/>
      </object_component>
      <object_component id="oc-22a">
         <name>.data:tab_1024</name>
         <load_address>0x8001d00</load_address>
         <run_address>0x8001d00</run_address>
         <size>0x400</size>
         <input_file_ref idref="fl-6"/>
      </object_component>
      <object_component id="oc-230">
         <name>.data:receive_command</name>
         <load_address>0x800234c</load_address>
         <run_address>0x800234c</run_address>
         <size>0x8</size>
         <input_file_ref idref="fl-6"/>
      </object_component>
      <object_component id="oc-236">
         <name>.data</name>
         <load_address>0x80022d8</load_address>
         <run_address>0x80022d8</run_address>
         <size>0x1c</size>
         <input_file_ref idref="fl-6"/>
      </object_component>
      <object_component id="oc-233">
         <name>.data:ascii_to_num</name>
         <load_address>0x800233c</load_address>
         <run_address>0x800233c</run_address>
         <size>0x8</size>
         <input_file_ref idref="fl-6"/>
      </object_component>
      <object_component id="oc-239">
         <name>.data:image_num_arr</name>
         <load_address>0x8002344</load_address>
         <run_address>0x8002344</run_address>
         <size>0x8</size>
         <input_file_ref idref="fl-6"/>
      </object_component>
      <object_component id="oc-483">
         <name>.data</name>
         <load_address>0x8002334</load_address>
         <run_address>0x8002334</run_address>
         <size>0x8</size>
         <input_file_ref idref="fl-2d"/>
      </object_component>
      <object_component id="oc-3c6">
         <name>.data</name>
         <load_address>0x8002354</load_address>
         <run_address>0x8002354</run_address>
         <size>0x1</size>
         <input_file_ref idref="fl-2e"/>
      </object_component>
      <object_component id="oc-24b">
         <name>.data:$O1$$</name>
         <load_address>0x8002318</load_address>
         <run_address>0x8002318</run_address>
         <size>0xc</size>
         <input_file_ref idref="fl-48"/>
      </object_component>
      <object_component id="oc-24e">
         <name>.data:$O1$$</name>
         <load_address>0x8002324</load_address>
         <run_address>0x8002324</run_address>
         <size>0x8</size>
         <input_file_ref idref="fl-49"/>
      </object_component>
      <object_component id="oc-2af">
         <name>.data:_ftable</name>
         <load_address>0x8002100</load_address>
         <run_address>0x8002100</run_address>
         <size>0xf0</size>
         <input_file_ref idref="fl-4d"/>
      </object_component>
      <object_component id="oc-57c">
         <name>.data</name>
         <load_address>0x8002308</load_address>
         <run_address>0x8002308</run_address>
         <size>0x10</size>
         <input_file_ref idref="fl-4d"/>
      </object_component>
      <object_component id="oc-5b4">
         <name>.data:$O1$$</name>
         <load_address>0x800232c</load_address>
         <run_address>0x800232c</run_address>
         <size>0x8</size>
         <input_file_ref idref="fl-50"/>
      </object_component>
      <object_component id="oc-54a">
         <name>.data:_device</name>
         <load_address>0x80021f0</load_address>
         <run_address>0x80021f0</run_address>
         <size>0x78</size>
         <input_file_ref idref="fl-54"/>
      </object_component>
      <object_component id="oc-4f6">
         <name>.data:_stream</name>
         <load_address>0x8002268</load_address>
         <run_address>0x8002268</run_address>
         <size>0x50</size>
         <input_file_ref idref="fl-54"/>
      </object_component>
      <object_component id="oc-44c">
         <name>.data</name>
         <load_address>0x80022f4</load_address>
         <run_address>0x80022f4</run_address>
         <size>0x4</size>
         <input_file_ref idref="fl-55"/>
      </object_component>
      <object_component id="oc-51">
         <name>.sysmem</name>
         <uninitialized>true</uninitialized>
         <run_address>0x8001500</run_address>
         <size>0x10</size>
         <input_file_ref idref="fl-50"/>
      </object_component>
      <object_component id="oc-678">
         <name>.sysmem</name>
         <uninitialized>true</uninitialized>
         <run_address>0x8001500</run_address>
         <size>0x0</size>
      </object_component>
      <object_component id="oc-254">
         <name>.debug_info</name>
         <load_address>0x0</load_address>
         <run_address>0x0</run_address>
         <size>0x368</size>
         <input_file_ref idref="fl-2"/>
      </object_component>
      <object_component id="oc-4ab">
         <name>.debug_info</name>
         <load_address>0x368</load_address>
         <run_address>0x368</run_address>
         <size>0x173</size>
         <input_file_ref idref="fl-2"/>
      </object_component>
      <object_component id="oc-2e6">
         <name>.debug_info</name>
         <load_address>0x4db</load_address>
         <run_address>0x4db</run_address>
         <size>0xe57</size>
         <input_file_ref idref="fl-2"/>
      </object_component>
      <object_component id="oc-176">
         <name>.debug_info</name>
         <load_address>0x1332</load_address>
         <run_address>0x1332</run_address>
         <size>0x26b</size>
         <input_file_ref idref="fl-2"/>
      </object_component>
      <object_component id="oc-2eb">
         <name>.debug_info</name>
         <load_address>0x159d</load_address>
         <run_address>0x159d</run_address>
         <size>0x26d5</size>
         <input_file_ref idref="fl-2"/>
      </object_component>
      <object_component id="oc-5a">
         <name>.debug_info</name>
         <load_address>0x3c72</load_address>
         <run_address>0x3c72</run_address>
         <size>0x84</size>
         <input_file_ref idref="fl-2"/>
      </object_component>
      <object_component id="oc-245">
         <name>.debug_info</name>
         <load_address>0x3cf6</load_address>
         <run_address>0x3cf6</run_address>
         <size>0x2a4</size>
         <input_file_ref idref="fl-2"/>
      </object_component>
      <object_component id="oc-163">
         <name>.debug_info</name>
         <load_address>0x3f9a</load_address>
         <run_address>0x3f9a</run_address>
         <size>0xbb</size>
         <input_file_ref idref="fl-2"/>
      </object_component>
      <object_component id="oc-214">
         <name>.debug_info</name>
         <load_address>0x4055</load_address>
         <run_address>0x4055</run_address>
         <size>0x310</size>
         <input_file_ref idref="fl-3"/>
      </object_component>
      <object_component id="oc-151">
         <name>.debug_info</name>
         <load_address>0x4365</load_address>
         <run_address>0x4365</run_address>
         <size>0x144</size>
         <input_file_ref idref="fl-3"/>
      </object_component>
      <object_component id="oc-ae">
         <name>.debug_info</name>
         <load_address>0x44a9</load_address>
         <run_address>0x44a9</run_address>
         <size>0x157</size>
         <input_file_ref idref="fl-3"/>
      </object_component>
      <object_component id="oc-bf">
         <name>.debug_info</name>
         <load_address>0x4600</load_address>
         <run_address>0x4600</run_address>
         <size>0x8b</size>
         <input_file_ref idref="fl-3"/>
      </object_component>
      <object_component id="oc-c4">
         <name>.debug_info</name>
         <load_address>0x468b</load_address>
         <run_address>0x468b</run_address>
         <size>0x86</size>
         <input_file_ref idref="fl-3"/>
      </object_component>
      <object_component id="oc-18a">
         <name>.debug_info</name>
         <load_address>0x4711</load_address>
         <run_address>0x4711</run_address>
         <size>0x1f9</size>
         <input_file_ref idref="fl-3"/>
      </object_component>
      <object_component id="oc-270">
         <name>.debug_info</name>
         <load_address>0x490a</load_address>
         <run_address>0x490a</run_address>
         <size>0x12a</size>
         <input_file_ref idref="fl-3"/>
      </object_component>
      <object_component id="oc-1de">
         <name>.debug_info</name>
         <load_address>0x4a34</load_address>
         <run_address>0x4a34</run_address>
         <size>0x243</size>
         <input_file_ref idref="fl-3"/>
      </object_component>
      <object_component id="oc-287">
         <name>.debug_info</name>
         <load_address>0x4c77</load_address>
         <run_address>0x4c77</run_address>
         <size>0x18e</size>
         <input_file_ref idref="fl-3"/>
      </object_component>
      <object_component id="oc-337">
         <name>.debug_info</name>
         <load_address>0x4e05</load_address>
         <run_address>0x4e05</run_address>
         <size>0x5ec</size>
         <input_file_ref idref="fl-4"/>
      </object_component>
      <object_component id="oc-334">
         <name>.debug_info</name>
         <load_address>0x53f1</load_address>
         <run_address>0x53f1</run_address>
         <size>0xf0</size>
         <input_file_ref idref="fl-4"/>
      </object_component>
      <object_component id="oc-29e">
         <name>.debug_info</name>
         <load_address>0x54e1</load_address>
         <run_address>0x54e1</run_address>
         <size>0xe93</size>
         <input_file_ref idref="fl-4"/>
      </object_component>
      <object_component id="oc-3fd">
         <name>.debug_info</name>
         <load_address>0x6374</load_address>
         <run_address>0x6374</run_address>
         <size>0x1eff</size>
         <input_file_ref idref="fl-4"/>
      </object_component>
      <object_component id="oc-3f8">
         <name>.debug_info</name>
         <load_address>0x8273</load_address>
         <run_address>0x8273</run_address>
         <size>0x11d</size>
         <input_file_ref idref="fl-4"/>
      </object_component>
      <object_component id="oc-15d">
         <name>.debug_info</name>
         <load_address>0x8390</load_address>
         <run_address>0x8390</run_address>
         <size>0x5a2</size>
         <input_file_ref idref="fl-5"/>
      </object_component>
      <object_component id="oc-160">
         <name>.debug_info</name>
         <load_address>0x8932</load_address>
         <run_address>0x8932</run_address>
         <size>0x16b</size>
         <input_file_ref idref="fl-5"/>
      </object_component>
      <object_component id="oc-211">
         <name>.debug_info</name>
         <load_address>0x8a9d</load_address>
         <run_address>0x8a9d</run_address>
         <size>0xfb</size>
         <input_file_ref idref="fl-5"/>
      </object_component>
      <object_component id="oc-a3">
         <name>.debug_info</name>
         <load_address>0x8b98</load_address>
         <run_address>0x8b98</run_address>
         <size>0x3a9</size>
         <input_file_ref idref="fl-5"/>
      </object_component>
      <object_component id="oc-a8">
         <name>.debug_info</name>
         <load_address>0x8f41</load_address>
         <run_address>0x8f41</run_address>
         <size>0x429</size>
         <input_file_ref idref="fl-5"/>
      </object_component>
      <object_component id="oc-1cf">
         <name>.debug_info</name>
         <load_address>0x936a</load_address>
         <run_address>0x936a</run_address>
         <size>0x306</size>
         <input_file_ref idref="fl-5"/>
      </object_component>
      <object_component id="oc-17b">
         <name>.debug_info</name>
         <load_address>0x9670</load_address>
         <run_address>0x9670</run_address>
         <size>0x102</size>
         <input_file_ref idref="fl-5"/>
      </object_component>
      <object_component id="oc-1f8">
         <name>.debug_info</name>
         <load_address>0x9772</load_address>
         <run_address>0x9772</run_address>
         <size>0x1d4</size>
         <input_file_ref idref="fl-5"/>
      </object_component>
      <object_component id="oc-185">
         <name>.debug_info</name>
         <load_address>0x9946</load_address>
         <run_address>0x9946</run_address>
         <size>0x44a</size>
         <input_file_ref idref="fl-5"/>
      </object_component>
      <object_component id="oc-18f">
         <name>.debug_info</name>
         <load_address>0x9d90</load_address>
         <run_address>0x9d90</run_address>
         <size>0x152</size>
         <input_file_ref idref="fl-5"/>
      </object_component>
      <object_component id="oc-194">
         <name>.debug_info</name>
         <load_address>0x9ee2</load_address>
         <run_address>0x9ee2</run_address>
         <size>0x70a</size>
         <input_file_ref idref="fl-5"/>
      </object_component>
      <object_component id="oc-23d">
         <name>.debug_info</name>
         <load_address>0xa5ec</load_address>
         <run_address>0xa5ec</run_address>
         <size>0x582</size>
         <input_file_ref idref="fl-6"/>
      </object_component>
      <object_component id="oc-22b">
         <name>.debug_info</name>
         <load_address>0xab6e</load_address>
         <run_address>0xab6e</run_address>
         <size>0xe7</size>
         <input_file_ref idref="fl-6"/>
      </object_component>
      <object_component id="oc-231">
         <name>.debug_info</name>
         <load_address>0xac55</load_address>
         <run_address>0xac55</run_address>
         <size>0xf5</size>
         <input_file_ref idref="fl-6"/>
      </object_component>
      <object_component id="oc-237">
         <name>.debug_info</name>
         <load_address>0xad4a</load_address>
         <run_address>0xad4a</run_address>
         <size>0x1af</size>
         <input_file_ref idref="fl-6"/>
      </object_component>
      <object_component id="oc-234">
         <name>.debug_info</name>
         <load_address>0xaef9</load_address>
         <run_address>0xaef9</run_address>
         <size>0xef</size>
         <input_file_ref idref="fl-6"/>
      </object_component>
      <object_component id="oc-23a">
         <name>.debug_info</name>
         <load_address>0xafe8</load_address>
         <run_address>0xafe8</run_address>
         <size>0xf1</size>
         <input_file_ref idref="fl-6"/>
      </object_component>
      <object_component id="oc-228">
         <name>.debug_info</name>
         <load_address>0xb0d9</load_address>
         <run_address>0xb0d9</run_address>
         <size>0xe4</size>
         <input_file_ref idref="fl-6"/>
      </object_component>
      <object_component id="oc-157">
         <name>.debug_info</name>
         <load_address>0xb1bd</load_address>
         <run_address>0xb1bd</run_address>
         <size>0x799</size>
         <input_file_ref idref="fl-6"/>
      </object_component>
      <object_component id="oc-22e">
         <name>.debug_info</name>
         <load_address>0xb956</load_address>
         <run_address>0xb956</run_address>
         <size>0x5da</size>
         <input_file_ref idref="fl-7"/>
      </object_component>
      <object_component id="oc-217">
         <name>.debug_info</name>
         <load_address>0xbf30</load_address>
         <run_address>0xbf30</run_address>
         <size>0xa3f</size>
         <input_file_ref idref="fl-7"/>
      </object_component>
      <object_component id="oc-2a4">
         <name>.debug_info</name>
         <load_address>0xc96f</load_address>
         <run_address>0xc96f</run_address>
         <size>0x87</size>
         <input_file_ref idref="fl-7"/>
      </object_component>
      <object_component id="oc-20f">
         <name>.debug_info</name>
         <load_address>0xc9f6</load_address>
         <run_address>0xc9f6</run_address>
         <size>0x2d0</size>
         <input_file_ref idref="fl-8"/>
      </object_component>
      <object_component id="oc-14e">
         <name>.debug_info</name>
         <load_address>0xccc6</load_address>
         <run_address>0xccc6</run_address>
         <size>0x7e3</size>
         <input_file_ref idref="fl-8"/>
      </object_component>
      <object_component id="oc-224">
         <name>.debug_info</name>
         <load_address>0xd4a9</load_address>
         <run_address>0xd4a9</run_address>
         <size>0x2c3</size>
         <input_file_ref idref="fl-9"/>
      </object_component>
      <object_component id="oc-299">
         <name>.debug_info</name>
         <load_address>0xd76c</load_address>
         <run_address>0xd76c</run_address>
         <size>0xfe</size>
         <input_file_ref idref="fl-a"/>
      </object_component>
      <object_component id="oc-1a3">
         <name>.debug_info</name>
         <load_address>0xd86a</load_address>
         <run_address>0xd86a</run_address>
         <size>0x394</size>
         <input_file_ref idref="fl-b"/>
      </object_component>
      <object_component id="oc-ba">
         <name>.debug_info</name>
         <load_address>0xdbfe</load_address>
         <run_address>0xdbfe</run_address>
         <size>0x18c</size>
         <input_file_ref idref="fl-b"/>
      </object_component>
      <object_component id="oc-1d9">
         <name>.debug_info</name>
         <load_address>0xdd8a</load_address>
         <run_address>0xdd8a</run_address>
         <size>0x142</size>
         <input_file_ref idref="fl-b"/>
      </object_component>
      <object_component id="oc-180">
         <name>.debug_info</name>
         <load_address>0xdecc</load_address>
         <run_address>0xdecc</run_address>
         <size>0x285</size>
         <input_file_ref idref="fl-b"/>
      </object_component>
      <object_component id="oc-199">
         <name>.debug_info</name>
         <load_address>0xe151</load_address>
         <run_address>0xe151</run_address>
         <size>0x36d</size>
         <input_file_ref idref="fl-b"/>
      </object_component>
      <object_component id="oc-1cc">
         <name>.debug_info</name>
         <load_address>0xe4be</load_address>
         <run_address>0xe4be</run_address>
         <size>0x2ce</size>
         <input_file_ref idref="fl-d"/>
      </object_component>
      <object_component id="oc-86">
         <name>.debug_info</name>
         <load_address>0xe78c</load_address>
         <run_address>0xe78c</run_address>
         <size>0x66d</size>
         <input_file_ref idref="fl-d"/>
      </object_component>
      <object_component id="oc-f3">
         <name>.debug_info</name>
         <load_address>0xedf9</load_address>
         <run_address>0xedf9</run_address>
         <size>0x9e7</size>
         <input_file_ref idref="fl-d"/>
      </object_component>
      <object_component id="oc-106">
         <name>.debug_info</name>
         <load_address>0xf7e0</load_address>
         <run_address>0xf7e0</run_address>
         <size>0x360</size>
         <input_file_ref idref="fl-e"/>
      </object_component>
      <object_component id="oc-95">
         <name>.debug_info</name>
         <load_address>0xfb40</load_address>
         <run_address>0xfb40</run_address>
         <size>0x10d5</size>
         <input_file_ref idref="fl-e"/>
      </object_component>
      <object_component id="oc-2c">
         <name>.debug_info</name>
         <load_address>0x10c15</load_address>
         <run_address>0x10c15</run_address>
         <size>0x1bd</size>
         <input_file_ref idref="fl-e"/>
      </object_component>
      <object_component id="oc-101">
         <name>.debug_info</name>
         <load_address>0x10dd2</load_address>
         <run_address>0x10dd2</run_address>
         <size>0x168</size>
         <input_file_ref idref="fl-e"/>
      </object_component>
      <object_component id="oc-1f5">
         <name>.debug_info</name>
         <load_address>0x10f3a</load_address>
         <run_address>0x10f3a</run_address>
         <size>0x2c5</size>
         <input_file_ref idref="fl-f"/>
      </object_component>
      <object_component id="oc-13a">
         <name>.debug_info</name>
         <load_address>0x111ff</load_address>
         <run_address>0x111ff</run_address>
         <size>0x72f</size>
         <input_file_ref idref="fl-f"/>
      </object_component>
      <object_component id="oc-fa">
         <name>.debug_info</name>
         <load_address>0x1192e</load_address>
         <run_address>0x1192e</run_address>
         <size>0x3c0</size>
         <input_file_ref idref="fl-11"/>
      </object_component>
[...]
      <symbol id="sm-747">
         <name>trimLPO</name>
         <value>0x38cc</value>
         <object_component_ref idref="oc-7c"/>
      </symbol>
      <symbol id="sm-748">
         <name>systemInit</name>
         <value>0x3b60</value>
         <object_component_ref idref="oc-7c"/>
      </symbol>
      <symbol id="sm-749">
         <name>customTrimLPO</name>
         <value>0x415c</value>
         <object_component_ref idref="oc-7c"/>
      </symbol>
      <symbol id="sm-74a">
         <name>periphInit</name>
         <value>0x3980</value>
         <object_component_ref idref="oc-7c"/>
      </symbol>
      <symbol id="sm-74b">
         <name>setupFlash</name>
         <value>0x3940</value>
         <object_component_ref idref="oc-7c"/>
      </symbol>
      <symbol id="sm-74c">
         <name>setupPLL</name>
         <value>0x386c</value>
         <object_component_ref idref="oc-7c"/>
      </symbol>
      <symbol id="sm-74d">
         <name>getResetSource</name>
         <value>0x3c04</value>
         <object_component_ref idref="oc-7c"/>
      </symbol>
      <symbol id="sm-74e">
         <name>mapClocks</name>
         <value>0x3a34</value>
         <object_component_ref idref="oc-7c"/>
      </symbol>
      <symbol id="sm-74f">
         <name>systemPowerDown</name>
         <value>0x3bd4</value>
         <object_component_ref idref="oc-7c"/>
      </symbol>
      <symbol id="sm-774">
         <name>Fapi_issueAsyncCommandWithAddress</name>
         <value>0xa5b1</value>
         <object_component_ref idref="oc-321"/>
      </symbol>
      <symbol id="sm-780">
         <name>Fapi_enableAutoEccCalculation</name>
         <value>0xa7dd</value>
         <object_component_ref idref="oc-30f"/>
      </symbol>
      <symbol id="sm-791">
         <name>Fapi_enableMainBankSectors</name>
         <value>0x9a91</value>
         <object_component_ref idref="oc-31b"/>
      </symbol>
      <symbol id="sm-7b4">
         <name>Fapi_initializeFlashBanks</name>
         <value>0x800d</value>
         <object_component_ref idref="oc-309"/>
      </symbol>
      <symbol id="sm-7c3">
         <name>_Fapi_issueFsmCommand</name>
         <value>0xa42d</value>
         <object_component_ref idref="oc-3d1"/>
      </symbol>
      <symbol id="sm-7e0">
         <name>_scaleMainFclk</name>
         <value>0xa839</value>
         <object_component_ref idref="oc-3ad"/>
      </symbol>
      <symbol id="sm-7e1">
         <name>_scaleEEFclk</name>
         <value>0xa829</value>
         <object_component_ref idref="oc-3b3"/>
      </symbol>
      <symbol id="sm-7fb">
         <name>Fapi_setActiveFlashBank</name>
         <value>0x8655</value>
         <object_component_ref idref="oc-315"/>
      </symbol>
      <symbol id="sm-81c">
         <name>Fapi_issueProgrammingCommand</name>
         <value>0x8949</value>
         <object_component_ref idref="oc-327"/>
      </symbol>
      <symbol id="sm-82c">
         <name>Fapi_doMarginReadByByte</name>
         <value>0xa3ad</value>
         <object_component_ref idref="oc-32d"/>
      </symbol>
      <symbol id="sm-83a">
         <name>_Fapi_checkWdService</name>
         <value>0xa857</value>
         <object_component_ref idref="oc-3e6"/>
      </symbol>
      <symbol id="sm-849">
         <name>Fapi_calculateFletcherChecksum</name>
         <value>0xa36d</value>
         <object_component_ref idref="oc-3a1"/>
      </symbol>
      <symbol id="sm-858">
         <name>Fapi_getNumberOfBankSectors</name>
         <value>0xa819</value>
         <object_component_ref idref="oc-3c9"/>
      </symbol>
      <symbol id="sm-875">
         <name>_Fapi_enterMarginMode</name>
         <value>0x9c41</value>
         <object_component_ref idref="oc-3e0"/>
      </symbol>
      <symbol id="sm-876">
         <name>_Fapi_exitMarginMode</name>
         <value>0xa611</value>
         <object_component_ref idref="oc-3ec"/>
      </symbol>
      <symbol id="sm-882">
         <name>Fapi_flushPipeline</name>
         <value>0xa4a5</value>
         <object_component_ref idref="oc-4a0"/>
      </symbol>
      <symbol id="sm-892">
         <name>Fapi_waitDelay</name>
         <value>0xa5e1</value>
         <object_component_ref idref="oc-507"/>
      </symbol>
      <symbol id="sm-8b9">
         <name>floorl</name>
         <value>0x9339</value>
         <object_component_ref idref="oc-1fd"/>
      </symbol>
      <symbol id="sm-8ba">
         <name>floor</name>
         <value>0x9339</value>
         <object_component_ref idref="oc-1fd"/>
      </symbol>
      <symbol id="sm-8f0">
         <name>printf</name>
         <value>0x9ca9</value>
         <object_component_ref idref="oc-21b"/>
      </symbol>
      <symbol id="sm-a4c">
         <name>__TI_printfi</name>
         <value>0x2449</value>
         <object_component_ref idref="oc-2a9"/>
      </symbol>
      <symbol id="sm-a61">
         <name>putc</name>
         <value>0x97b1</value>
         <object_component_ref idref="oc-38b"/>
      </symbol>
      <symbol id="sm-a62">
         <name>fputc</name>
         <value>0x97b1</value>
         <object_component_ref idref="oc-38b"/>
      </symbol>
      <symbol id="sm-a85">
         <name>fputs</name>
         <value>0x8d49</value>
         <object_component_ref idref="oc-384"/>
      </symbol>
      <symbol id="sm-a9d">
         <name>__TI_wrt_ok</name>
         <value>0x9d11</value>
         <object_component_ref idref="oc-464"/>
      </symbol>
      <symbol id="sm-ab9">
         <name>setvbuf</name>
         <value>0x9419</value>
         <object_component_ref idref="oc-4ea"/>
      </symbol>
      <symbol id="sm-ac8">
         <name>__aeabi_memset</name>
         <value>0x98bd</value>
         <object_component_ref idref="oc-e3"/>
      </symbol>
      <symbol id="sm-ac9">
         <name>memset</name>
         <value>0x98c3</value>
         <object_component_ref idref="oc-e3"/>
      </symbol>
      <symbol id="sm-aca">
         <name>__aeabi_memset8</name>
         <value>0x98bd</value>
         <object_component_ref idref="oc-e3"/>
      </symbol>
      <symbol id="sm-acb">
         <name>__aeabi_memset4</name>
         <value>0x98bd</value>
         <object_component_ref idref="oc-e3"/>
      </symbol>
      <symbol id="sm-acc">
         <name>__aeabi_memclr8</name>
         <value>0x98bb</value>
         <object_component_ref idref="oc-e3"/>
      </symbol>
      <symbol id="sm-acd">
         <name>__aeabi_memclr4</name>
         <value>0x98bb</value>
         <object_component_ref idref="oc-e3"/>
      </symbol>
      <symbol id="sm-ace">
         <name>__aeabi_memclr</name>
         <value>0x98bb</value>
         <object_component_ref idref="oc-e3"/>
      </symbol>
      <symbol id="sm-aea">
         <name>__aeabi_uldivmod</name>
         <value>0x7d54</value>
         <object_component_ref idref="oc-409"/>
      </symbol>
      <symbol id="sm-b05">
         <name>memcpy</name>
         <value>0x9715</value>
         <object_component_ref idref="oc-5f"/>
      </symbol>
      <symbol id="sm-b06">
         <name>__aeabi_memcpy</name>
         <value>0x9715</value>
         <object_component_ref idref="oc-5f"/>
      </symbol>
      <symbol id="sm-b07">
         <name>__aeabi_memcpy8</name>
         <value>0x9715</value>
         <object_component_ref idref="oc-5f"/>
      </symbol>
      <symbol id="sm-b08">
         <name>__aeabi_memcpy4</name>
         <value>0x9715</value>
         <object_component_ref idref="oc-5f"/>
      </symbol>
      <symbol id="sm-b14">
         <name>__aeabi_uidivmod</name>
         <value>0xa138</value>
         <object_component_ref idref="oc-208"/>
      </symbol>
      <symbol id="sm-b15">
         <name>__aeabi_uidiv</name>
         <value>0xa138</value>
         <object_component_ref idref="oc-208"/>
      </symbol>
      <symbol id="sm-b3d">
         <name>__TI_auto_init_nobinit_nopinit</name>
         <value>0xa25d</value>
         <object_component_ref idref="oc-108"/>
      </symbol>
      <symbol id="sm-b52">
         <name>__TI_zero_init_nomemset</name>
         <value>0xa761</value>
         <object_component_ref idref="oc-6b"/>
      </symbol>
      <symbol id="sm-b69">
         <name>__TI_decompress_none</name>
         <value>0xa849</value>
         <object_component_ref idref="oc-1e"/>
      </symbol>
      <symbol id="sm-b8c">
         <name>__TI_decompress_lzss</name>
         <value>0x9b6d</value>
         <object_component_ref idref="oc-18"/>
      </symbol>
      <symbol id="sm-bb2">
         <name>C$$EXIT</name>
         <value>0xa889</value>
         <object_component_ref idref="oc-168"/>
      </symbol>
      <symbol id="sm-bb3">
         <name>abort</name>
         <value>0xa889</value>
         <object_component_ref idref="oc-168"/>
      </symbol>
      <symbol id="sm-bb4">
         <name>__TI_dtors_ptr</name>
         <value>0x800231c</value>
         <object_component_ref idref="oc-24b"/>
      </symbol>
      <symbol id="sm-bb5">
         <name>__TI_cleanup_ptr</name>
         <value>0x8002318</value>
         <object_component_ref idref="oc-24b"/>
      </symbol>
      <symbol id="sm-bb6">
         <name>__TI_enable_exit_profile_output</name>
         <value>0x8002320</value>
         <object_component_ref idref="oc-24b"/>
      </symbol>
      <symbol id="sm-bb7">
         <name>exit</name>
         <value>0xa2e5</value>
         <object_component_ref idref="oc-16e"/>
      </symbol>
      <symbol id="sm-bcc">
         <name>_nop</name>
         <value>0x2e93</value>
         <object_component_ref idref="oc-2d8"/>
      </symbol>
      <symbol id="sm-bcd">
         <name>_lock</name>
         <value>0x8002324</value>
         <object_component_ref idref="oc-24e"/>
      </symbol>
      <symbol id="sm-bce">
         <name>_unlock</name>
         <value>0x8002328</value>
         <object_component_ref idref="oc-24e"/>
      </symbol>
      <symbol id="sm-bdd">
         <name>__TI_ltoa</name>
         <value>0x9f9d</value>
         <object_component_ref idref="oc-40f"/>
      </symbol>
      <symbol id="sm-bf2">
         <name>atoi</name>
         <value>0xa0e9</value>
         <object_component_ref idref="oc-33e"/>
      </symbol>
      <symbol id="sm-bfd">
         <name>_ctypes_</name>
         <value>0xad20</value>
         <object_component_ref idref="oc-404"/>
      </symbol>
      <symbol id="sm-c12">
         <name>__TI_tmpnams</name>
         <value>0x8002478</value>
      </symbol>
      <symbol id="sm-c13">
         <name>__aeabi_stdout</name>
         <value>0x8002310</value>
         <object_component_ref idref="oc-57c"/>
      </symbol>
      <symbol id="sm-c14">
         <name>__aeabi_stderr</name>
         <value>0x8002314</value>
         <object_component_ref idref="oc-57c"/>
      </symbol>
      <symbol id="sm-c15">
         <name>__aeabi_stdin</name>
         <value>0x800230c</value>
         <object_component_ref idref="oc-57c"/>
      </symbol>
      <symbol id="sm-c16">
         <name>_ftable</name>
         <value>0x8002100</value>
         <object_component_ref idref="oc-2af"/>
      </symbol>
      <symbol id="sm-c17">
         <name>__TI_ft_end</name>
         <value>0x8002308</value>
         <object_component_ref idref="oc-57c"/>
      </symbol>
      <symbol id="sm-c27">
         <name>memccpy</name>
         <value>0xa6e1</value>
         <object_component_ref idref="oc-362"/>
      </symbol>
      <symbol id="sm-c37">
         <name>memchr</name>
         <value>0xa707</value>
         <object_component_ref idref="oc-46a"/>
      </symbol>
      <symbol id="sm-cbf">
         <name>_sys_memory</name>
         <value>0x8001500</value>
         <object_component_ref idref="oc-51"/>
      </symbol>
      <symbol id="sm-cc0">
         <name>free</name>
         <value>0x9255</value>
         <object_component_ref idref="oc-52b"/>
      </symbol>
      <symbol id="sm-cc1">
         <name>memalign</name>
         <value>0x8f65</value>
         <object_component_ref idref="oc-56f"/>
      </symbol>
      <symbol id="sm-cc2">
         <name>malloc</name>
         <value>0xa875</value>
         <object_component_ref idref="oc-531"/>
      </symbol>
      <symbol id="sm-cc3">
         <name>aligned_alloc</name>
         <value>0x8f65</value>
         <object_component_ref idref="oc-56f"/>
      </symbol>
      <symbol id="sm-cd3">
         <name>strchr</name>
         <value>0xa7b1</value>
         <object_component_ref idref="oc-43c"/>
      </symbol>
      <symbol id="sm-ce1">
         <name>strlen</name>
         <value>0xa7c7</value>
         <object_component_ref idref="oc-338"/>
      </symbol>
      <symbol id="sm-cfb">
         <name>write</name>
         <value>0xa6b9</value>
         <object_component_ref idref="oc-476"/>
      </symbol>
      <symbol id="sm-d0c">
         <name>_stream</name>
         <value>0x8002268</value>
         <object_component_ref idref="oc-4f6"/>
      </symbol>
      <symbol id="sm-d0d">
         <name>_device</name>
         <value>0x80021f0</value>
         <object_component_ref idref="oc-54a"/>
      </symbol>
      <symbol id="sm-d23">
         <name>__aeabi_errno_addr</name>
         <value>0xa86d</value>
         <object_component_ref idref="oc-36e"/>
      </symbol>
      <symbol id="sm-d24">
         <name>errno</name>
         <value>0x80022f4</value>
         <object_component_ref idref="oc-44c"/>
      </symbol>
      <symbol id="sm-d42">
         <name>frexpl</name>
         <value>0x99a9</value>
         <object_component_ref idref="oc-430"/>
      </symbol>
      <symbol id="sm-d43">
         <name>frexp</name>
         <value>0x99a9</value>
         <object_component_ref idref="oc-430"/>
      </symbol>
      <symbol id="sm-d60">
         <name>scalbn</name>
         <value>0x9165</value>
         <object_component_ref idref="oc-436"/>
      </symbol>
      <symbol id="sm-d61">
         <name>scalbnl</name>
         <value>0x9165</value>
         <object_component_ref idref="oc-436"/>
      </symbol>
      <symbol id="sm-d62">
         <name>ldexpl</name>
         <value>0x9165</value>
         <object_component_ref idref="oc-436"/>
      </symbol>
      <symbol id="sm-d63">
         <name>ldexp</name>
         <value>0x9165</value>
         <object_component_ref idref="oc-436"/>
      </symbol>
      <symbol id="sm-d7c">
         <name>wcslen</name>
         <value>0xa805</value>
         <object_component_ref idref="oc-368"/>
      </symbol>
      <symbol id="sm-d8c">
         <name>__TI_doflush</name>
         <value>0xa189</value>
         <object_component_ref idref="oc-470"/>
      </symbol>
      <symbol id="sm-d9c">
         <name>__TI_cleanup</name>
         <value>0xa515</value>
         <object_component_ref idref="oc-537"/>
      </symbol>
      <symbol id="sm-dae">
         <name>fseek</name>
         <value>0x9d75</value>
         <object_component_ref idref="oc-4e4"/>
      </symbol>
      <symbol id="sm-db8">
         <name>__aeabi_idiv0</name>
         <value>0x9677</value>
         <object_component_ref idref="oc-28c"/>
      </symbol>
      <symbol id="sm-db9">
         <name>__aeabi_ldiv0</name>
         <value>0x9677</value>
         <object_component_ref idref="oc-28c"/>
      </symbol>
      <symbol id="sm-dca">
         <name>HOSTclose</name>
         <value>0xa1d5</value>
         <object_component_ref idref="oc-588"/>
      </symbol>
      <symbol id="sm-ddb">
         <name>HOSTlseek</name>
         <value>0x9bd9</value>
         <object_component_ref idref="oc-59a"/>
      </symbol>
      <symbol id="sm-ded">
         <name>parmbuf</name>
         <value>0x80025d4</value>
      </symbol>
      <symbol id="sm-dee">
         <name>HOSTopen</name>
         <value>0x9dd9</value>
         <object_component_ref idref="oc-582"/>
      </symbol>
      <symbol id="sm-dff">
         <name>HOSTread</name>
         <value>0x9e35</value>
         <object_component_ref idref="oc-58e"/>
      </symbol>
      <symbol id="sm-e10">
         <name>HOSTrename</name>
         <value>0x9b01</value>
         <object_component_ref idref="oc-5a6"/>
      </symbol>
      <symbol id="sm-e21">
         <name>HOSTunlink</name>
         <value>0xa219</value>
         <object_component_ref idref="oc-5a0"/>
      </symbol>
      <symbol id="sm-e32">
         <name>HOSTwrite</name>
         <value>0x9eed</value>
         <object_component_ref idref="oc-594"/>
      </symbol>
      <symbol id="sm-e56">
         <name>__TI_readmsg</name>
         <value>0xa549</value>
         <object_component_ref idref="oc-5d7"/>
      </symbol>
      <symbol id="sm-e57">
         <name>C$$IO$$</name>
         <value>0xa49b</value>
         <object_component_ref idref="oc-5d1"/>
      </symbol>
      <symbol id="sm-e58">
         <name>__CIOBUF_</name>
         <value>0x8002358</value>
         <object_component_ref idref="oc-602"/>
      </symbol>
      <symbol id="sm-e59">
         <name>__TI_writemsg</name>
         <value>0xa469</value>
         <object_component_ref idref="oc-5d1"/>
      </symbol>
      <symbol id="sm-e6a">
         <name>lseek</name>
         <value>0xa691</value>
         <object_component_ref idref="oc-523"/>
      </symbol>
      <symbol id="sm-e74">
         <name>copysign</name>
         <value>0xa727</value>
         <object_component_ref idref="oc-4c8"/>
      </symbol>
      <symbol id="sm-e75">
         <name>copysignl</name>
         <value>0xa727</value>
         <object_component_ref idref="oc-4c8"/>
      </symbol>
      <symbol id="sm-e8a">
         <name>__TI_closefile</name>
         <value>0x9935</value>
         <object_component_ref idref="oc-576"/>
      </symbol>
      <symbol id="sm-ead">
         <name>finddevice</name>
         <value>0xa57d</value>
         <object_component_ref idref="oc-620"/>
      </symbol>
      <symbol id="sm-eae">
         <name>getdevice</name>
         <value>0xa329</value>
         <object_component_ref idref="oc-5f8"/>
      </symbol>
      <symbol id="sm-ebd">
         <name>strcmp</name>
         <value>0xa799</value>
         <object_component_ref idref="oc-637"/>
      </symbol>
      <symbol id="sm-ecb">
         <name>strcpy</name>
         <value>0xa7f1</value>
         <object_component_ref idref="oc-5eb"/>
      </symbol>
      <symbol id="sm-edb">
         <name>strncpy</name>
         <value>0xa4dd</value>
         <object_component_ref idref="oc-61a"/>
      </symbol>
      <symbol id="sm-ef0">
         <name>close</name>
         <value>0x9f45</value>
         <object_component_ref idref="oc-5c0"/>
      </symbol>
      <symbol id="sm-f00">
         <name>unlink</name>
         <value>0xa63d</value>
         <object_component_ref idref="oc-5c6"/>
      </symbol>
      <symbol id="sm-f01">
         <name>__TI_static_base__</name>
         <value>0x0</value>
      </symbol>
      <symbol id="sm-f06">
         <name>SHT$$INIT_ARRAY$$Base</name>
         <value>0x0</value>
      </symbol>
      <symbol id="sm-f07">
         <name>SHT$$INIT_ARRAY$$Limit</name>
         <value>0x0</value>
      </symbol>
      <symbol id="sm-f08">
         <name>_system_post_cinit</name>
         <value>0x0</value>
      </symbol>
      <symbol id="sm-f09">
         <name>remove</name>
         <value>0xa63d</value>
      </symbol>
   </symbol_table>
   <title>Link successful</title>
</link_info>
